Archive member included because of file (symbol)

.\CortexM0\ARM_GCC_493\Release\DualStepperController-PSoC4200-GearBest.a(cyfitter_cfg.o)
                              .\CortexM0\ARM_GCC_493\Release\Cm0Start.o (cyfitter_cfg)
.\CortexM0\ARM_GCC_493\Release\DualStepperController-PSoC4200-GearBest.a(INTERNAL_STEP_OUT.o)
                              .\CortexM0\ARM_GCC_493\Release\inputScan.o (INTERNAL_STEP_OUT_Read)
.\CortexM0\ARM_GCC_493\Release\DualStepperController-PSoC4200-GearBest.a(STEP_INPUT.o)
                              .\CortexM0\ARM_GCC_493\Release\inputScan.o (STEP_INPUT_Read)
.\CortexM0\ARM_GCC_493\Release\DualStepperController-PSoC4200-GearBest.a(DIR_INPUT.o)
                              .\CortexM0\ARM_GCC_493\Release\inputScan.o (DIR_INPUT_Read)
.\CortexM0\ARM_GCC_493\Release\DualStepperController-PSoC4200-GearBest.a(STEP_INPUT_SOURCE.o)
                              .\CortexM0\ARM_GCC_493\Release\inputScan.o (STEP_INPUT_SOURCE_Read)
.\CortexM0\ARM_GCC_493\Release\DualStepperController-PSoC4200-GearBest.a(DIR_INPUT_SOURCE.o)
                              .\CortexM0\ARM_GCC_493\Release\inputScan.o (DIR_INPUT_SOURCE_Read)
.\CortexM0\ARM_GCC_493\Release\DualStepperController-PSoC4200-GearBest.a(DIR_REG.o)
                              .\CortexM0\ARM_GCC_493\Release\PhaseControl.o (DIR_REG_Write)
.\CortexM0\ARM_GCC_493\Release\DualStepperController-PSoC4200-GearBest.a(CyLib.o)
                              .\CortexM0\ARM_GCC_493\Release\Cm0Start.o (CyHalt)
.\CortexM0\ARM_GCC_493\Release\DualStepperController-PSoC4200-GearBest.a(Clock_PWM_MAIN.o)
                              .\CortexM0\ARM_GCC_493\Release\systemInit.o (Clock_PWM_MAIN_Start)
.\CortexM0\ARM_GCC_493\Release\DualStepperController-PSoC4200-GearBest.a(INTERNAL_STEP.o)
                              .\CortexM0\ARM_GCC_493\Release\systemInit.o (INTERNAL_STEP_Start)
.\CortexM0\ARM_GCC_493\Release\DualStepperController-PSoC4200-GearBest.a(TCPWM_2.o)
                              .\CortexM0\ARM_GCC_493\Release\Move.o (TCPWM_2_WriteCompare)
.\CortexM0\ARM_GCC_493\Release\DualStepperController-PSoC4200-GearBest.a(TCPWM_1.o)
                              .\CortexM0\ARM_GCC_493\Release\Move.o (TCPWM_1_WriteCompare)
.\CortexM0\ARM_GCC_493\Release\DualStepperController-PSoC4200-GearBest.a(TCPWM_4.o)
                              .\CortexM0\ARM_GCC_493\Release\Move.o (TCPWM_4_WriteCompare)
.\CortexM0\ARM_GCC_493\Release\DualStepperController-PSoC4200-GearBest.a(TCPWM_3.o)
                              .\CortexM0\ARM_GCC_493\Release\Move.o (TCPWM_3_WriteCompare)
.\CortexM0\ARM_GCC_493\Release\DualStepperController-PSoC4200-GearBest.a(INTERNAL_STEP_OUT_1.o)
                              .\CortexM0\ARM_GCC_493\Release\inputScan.o (INTERNAL_STEP_OUT_1_Read)
.\CortexM0\ARM_GCC_493\Release\DualStepperController-PSoC4200-GearBest.a(INTERNAL_STEP_1.o)
                              .\CortexM0\ARM_GCC_493\Release\systemInit.o (INTERNAL_STEP_1_Start)
.\CortexM0\ARM_GCC_493\Release\DualStepperController-PSoC4200-GearBest.a(Clock_PWM_MAIN_1.o)
                              .\CortexM0\ARM_GCC_493\Release\systemInit.o (Clock_PWM_MAIN_1_Start)
.\CortexM0\ARM_GCC_493\Release\DualStepperController-PSoC4200-GearBest.a(DIR_REG_1.o)
                              .\CortexM0\ARM_GCC_493\Release\PhaseControl.o (DIR_REG_1_Write)
.\CortexM0\ARM_GCC_493\Release\DualStepperController-PSoC4200-GearBest.a(STEP_INPUT_1.o)
                              .\CortexM0\ARM_GCC_493\Release\inputScan.o (STEP_INPUT_1_Read)
.\CortexM0\ARM_GCC_493\Release\DualStepperController-PSoC4200-GearBest.a(DIR_INPUT_1.o)
                              .\CortexM0\ARM_GCC_493\Release\inputScan.o (DIR_INPUT_1_Read)
.\CortexM0\ARM_GCC_493\Release\DualStepperController-PSoC4200-GearBest.a(STEP_INPUT_SOURCE_1.o)
                              .\CortexM0\ARM_GCC_493\Release\inputScan.o (STEP_INPUT_SOURCE_1_Read)
.\CortexM0\ARM_GCC_493\Release\DualStepperController-PSoC4200-GearBest.a(DIR_INPUT_SOURCE_1.o)
                              .\CortexM0\ARM_GCC_493\Release\inputScan.o (DIR_INPUT_SOURCE_1_Read)
.\CortexM0\ARM_GCC_493\Release\DualStepperController-PSoC4200-GearBest.a(STATUS_LED_2.o)
                              .\CortexM0\ARM_GCC_493\Release\main.o (STATUS_LED_2_Write)
.\CortexM0\ARM_GCC_493\Release\DualStepperController-PSoC4200-GearBest.a(STATUS_LED_1.o)
                              .\CortexM0\ARM_GCC_493\Release\main.o (STATUS_LED_1_Write)
.\CortexM0\ARM_GCC_493\Release\DualStepperController-PSoC4200-GearBest.a(Pin_Sw.o)
                              .\CortexM0\ARM_GCC_493\Release\main.o (Pin_Sw_Read)
.\CortexM0\ARM_GCC_493\Release\DualStepperController-PSoC4200-GearBest.a(isr_GPIO.o)
                              .\CortexM0\ARM_GCC_493\Release\main.o (isr_GPIO_SetPriority)
.\CortexM0\ARM_GCC_493\Release\DualStepperController-PSoC4200-GearBest.a(CyBootAsmGnu.o)
                              .\CortexM0\ARM_GCC_493\Release\DualStepperController-PSoC4200-GearBest.a(CyLib.o) (CyDelayCycles)
[...]
Memory Configuration

Name             Origin             Length             Attributes
rom              0x00000000         0x00008000         xr
ram              0x20000000         0x00001000         xrw
*default*        0x00000000         0xffffffff

Linker script and memory map

LOAD c:/program files/cypress/psoc creator/4.0/psoc creator/import/gnu/arm/4.9.3/bin/../lib/gcc/arm-none-eabi/4.9.3/armv6-m/crti.o
LOAD c:/program files/cypress/psoc creator/4.0/psoc creator/import/gnu/arm/4.9.3/bin/../lib/gcc/arm-none-eabi/4.9.3/armv6-m/crtbegin.o
LOAD c:/program files/cypress/psoc creator/4.0/psoc creator/import/gnu/arm/4.9.3/bin/../lib/gcc/arm-none-eabi/4.9.3/../../../../arm-none-eabi/lib/armv6-m/crt0.o
START GROUP
LOAD .\CortexM0\ARM_GCC_493\Release\main.o
LOAD .\CortexM0\ARM_GCC_493\Release\genSine.o
LOAD .\CortexM0\ARM_GCC_493\Release\inputScan.o
LOAD .\CortexM0\ARM_GCC_493\Release\Move.o
LOAD .\CortexM0\ARM_GCC_493\Release\PhaseControl.o
LOAD .\CortexM0\ARM_GCC_493\Release\systemInit.o
LOAD .\CortexM0\ARM_GCC_493\Release\Cm0Start.o
LOAD .\CortexM0\ARM_GCC_493\Release\cybootloader.o
LOAD .\CortexM0\ARM_GCC_493\Release\cymetadata.o
LOAD .\CortexM0\ARM_GCC_493\Release\DualStepperController-PSoC4200-GearBest.a
LOAD C:\Program Files\Cypress\PSoC Creator\4.0\PSoC Creator\psoc\content\cycomponentlibrary\CyComponentLibrary.cylib\CortexM0\ARM_GCC_493\Release\CyComponentLibrary.a
END GROUP
START GROUP
LOAD c:/program files/cypress/psoc creator/4.0/psoc creator/import/gnu/arm/4.9.3/bin/../lib/gcc/arm-none-eabi/4.9.3/armv6-m\libgcc.a
LOAD c:/program files/cypress/psoc creator/4.0/psoc creator/import/gnu/arm/4.9.3/bin/../lib/gcc/arm-none-eabi/4.9.3/../../../../arm-none-eabi/lib/armv6-m\libg_nano.a
LOAD c:/program files/cypress/psoc creator/4.0/psoc creator/import/gnu/arm/4.9.3/bin/../lib/gcc/arm-none-eabi/4.9.3/../../../../arm-none-eabi/lib/armv6-m\libc_nano.a
END GROUP
START GROUP
LOAD c:/program files/cypress/psoc creator/4.0/psoc creator/import/gnu/arm/4.9.3/bin/../lib/gcc/arm-none-eabi/4.9.3/armv6-m\libgcc.a
LOAD c:/program files/cypress/psoc creator/4.0/psoc creator/import/gnu/arm/4.9.3/bin/../lib/gcc/arm-none-eabi/4.9.3/../../../../arm-none-eabi/lib/armv6-m\libc_nano.a
END GROUP
LOAD c:/program files/cypress/psoc creator/4.0/psoc creator/import/gnu/arm/4.9.3/bin/../lib/gcc/arm-none-eabi/4.9.3/armv6-m/crtend.o
LOAD c:/program files/cypress/psoc creator/4.0/psoc creator/import/gnu/arm/4.9.3/bin/../lib/gcc/arm-none-eabi/4.9.3/armv6-m/crtn.o
START GROUP
LOAD c:/program files/cypress/psoc creator/4.0/psoc creator/import/gnu/arm/4.9.3/bin/../lib/gcc/arm-none-eabi/4.9.3/armv6-m\libgcc.a
LOAD c:/program files/cypress/psoc creator/4.0/psoc creator/import/gnu/arm/4.9.3/bin/../lib/gcc/arm-none-eabi/4.9.3/../../../../arm-none-eabi/lib/armv6-m\libc.a
LOAD c:/program files/cypress/psoc creator/4.0/psoc creator/import/gnu/arm/4.9.3/bin/../lib/gcc/arm-none-eabi/4.9.3/../../../../arm-none-eabi/lib/armv6-m\libnosys.a
END GROUP
                0x00000000                CY_APPL_ORIGIN = 0x0
                0x00000080                CY_FLASH_ROW_SIZE = 0x80
                0x00000001                CY_APPL_NUM = 0x1
                0x00000001                CY_APPL_MAX = 0x1
                0x00000040                CY_METADATA_SIZE = 0x40
                0x00000001                CY_APPL_LOADABLE = 0x1
                0x00000000                CY_CHECKSUM_EXCLUDE_SIZE = ALIGN (0x0, CY_FLASH_ROW_SIZE)
                0x00000000                CY_APP_FOR_STACK_AND_COPIER = 0x0
                0x20000190                PROVIDE (__cy_heap_start, _end)
                0x00000001                PROVIDE (__cy_region_num, ((__cy_regions_end - __cy_regions) / 0x10))
                0x20001000                PROVIDE (__cy_stack, (ORIGIN (ram) + 0x1000))
                0x20000c00                PROVIDE (__cy_heap_end, (__cy_stack - 0x400))

.cybootloader   0x00000000     0x1100
 *(.cybootloader)
 .cybootloader  0x00000000     0x1100 .\CortexM0\ARM_GCC_493\Release\cybootloader.o
                0x00000000                cy_bootloader
                0x00001100                appl1_start = CY_APPL_ORIGIN?CY_APPL_ORIGIN:ALIGN (CY_FLASH_ROW_SIZE)
                0x00004800                appl2_start = (appl1_start + ALIGN ((((0x8000 - appl1_start) - (0x2 * CY_FLASH_ROW_SIZE)) / 0x2), CY_FLASH_ROW_SIZE))
                0x00001100                appl_start = (CY_APPL_NUM == 0x1)?appl1_start:appl2_start
                0x00000000                cy_project_type_bootloader = (appl_start == 0x0)?0x1:0x0
                0x00000000                cy_project_type_app_for_stack_and_copier = (CY_APP_FOR_STACK_AND_COPIER == 0x1)?0x1:0x0

.text           0x00001100     0x1164
 CREATE_OBJECT_SYMBOLS
                0x00001100                PROVIDE (__cy_interrupt_vector, RomVectors)
 *(.romvectors)
 .romvectors    0x00001100       0x10 .\CortexM0\ARM_GCC_493\Release\Cm0Start.o
                0x00001100                RomVectors
                0x00000001                ASSERT ((. != __cy_interrupt_vector), No interrupt vector)
                0x00000001                ASSERT (CY_APPL_ORIGIN?(SIZEOF (.cybootloader) <= CY_APPL_ORIGIN):0x1, Wrong image location)
                0x00001110                PROVIDE (__cy_reset, Reset)
 *(.text.Reset)
 .text.Reset    0x00001110       0x10 .\CortexM0\ARM_GCC_493\Release\Cm0Start.o
                0x00001110                Reset
                0x00000001                ASSERT ((. != __cy_reset), No reset code)
 *(.psocinit)
 .psocinit      0x00001120      0x228 .\CortexM0\ARM_GCC_493\Release\DualStepperController-PSoC4200-GearBest.a(cyfitter_cfg.o)
                0x00001120                cyfitter_cfg
                0x00001348                . = MAX (., 0x100)
 *(.text .text.* .gnu.linkonce.t.*)
 .text          0x00001348       0x60 c:/program files/cypress/psoc creator/4.0/psoc creator/import/gnu/arm/4.9.3/bin/../lib/gcc/arm-none-eabi/4.9.3/armv6-m/crtbegin.o
 .text.GPIOIsrHandler
                0x000013a8       0x38 .\CortexM0\ARM_GCC_493\Release\main.o
                0x000013a8                GPIOIsrHandler
 .text.startup.main
                0x000013e0      0x1f4 .\CortexM0\ARM_GCC_493\Release\main.o
                0x000013e0                main
 .text.genSine  0x000015d4       0x28 .\CortexM0\ARM_GCC_493\Release\genSine.o
                0x000015d4                genSine
 .text.inputScan
                0x000015fc       0x80 .\CortexM0\ARM_GCC_493\Release\inputScan.o
                0x000015fc                inputScan
 .text.Move     0x0000167c      0x1a4 .\CortexM0\ARM_GCC_493\Release\Move.o
                0x0000167c                Move
 .text.phaseControl
                0x00001820       0x12 .\CortexM0\ARM_GCC_493\Release\PhaseControl.o
                0x00001820                phaseControl
 *fill*         0x00001832        0x2 
 .text.phaseMove
                0x00001834       0x84 .\CortexM0\ARM_GCC_493\Release\PhaseControl.o
                0x00001834                phaseMove
 .text.systemInit
                0x000018b8      0x120 .\CortexM0\ARM_GCC_493\Release\systemInit.o
                0x000018b8                systemInit
 .text.IntDefaultHandler
                0x000019d8       0x10 .\CortexM0\ARM_GCC_493\Release\Cm0Start.o
                0x000019d8                IntDefaultHandler
 .text.Start_c  0x000019e8       0x4c .\CortexM0\ARM_GCC_493\Release\Cm0Start.o
                0x000019e8                Start_c
 .text.startup.initialize_psoc
                0x00001a34       0x50 .\CortexM0\ARM_GCC_493\Release\Cm0Start.o
                0x00001a34                initialize_psoc
 .text.INTERNAL_STEP_OUT_Read
                0x00001a84       0x10 .\CortexM0\ARM_GCC_493\Release\DualStepperController-PSoC4200-GearBest.a(INTERNAL_STEP_OUT.o)
                0x00001a84                INTERNAL_STEP_OUT_Read
 .text.STEP_INPUT_Read
                0x00001a94       0x10 .\CortexM0\ARM_GCC_493\Release\DualStepperController-PSoC4200-GearBest.a(STEP_INPUT.o)
                0x00001a94                STEP_INPUT_Read
 .text.DIR_INPUT_Read
                0x00001aa4       0x10 .\CortexM0\ARM_GCC_493\Release\DualStepperController-PSoC4200-GearBest.a(DIR_INPUT.o)
                0x00001aa4                DIR_INPUT_Read
 .text.STEP_INPUT_SOURCE_Read
                0x00001ab4       0x10 .\CortexM0\ARM_GCC_493\Release\DualStepperController-PSoC4200-GearBest.a(STEP_INPUT_SOURCE.o)
                0x00001ab4                STEP_INPUT_SOURCE_Read
 .text.DIR_INPUT_SOURCE_Read
                0x00001ac4       0x10 .\CortexM0\ARM_GCC_493\Release\DualStepperController-PSoC4200-GearBest.a(DIR_INPUT_SOURCE.o)
                0x00001ac4                DIR_INPUT_SOURCE_Read
 .text.DIR_REG_Write
                0x00001ad4        0xc .\CortexM0\ARM_GCC_493\Release\DualStepperController-PSoC4200-GearBest.a(DIR_REG.o)
                0x00001ad4                DIR_REG_Write
 .text.CyDelay  0x00001ae0       0x2c .\CortexM0\ARM_GCC_493\Release\DualStepperController-PSoC4200-GearBest.a(CyLib.o)
                0x00001ae0                CyDelay
 .text.CyDelayUs
                0x00001b0c       0x14 .\CortexM0\ARM_GCC_493\Release\DualStepperController-PSoC4200-GearBest.a(CyLib.o)
                0x00001b0c                CyDelayUs
 .text.CySysClkWriteImoFreq
                0x00001b20      0x124 .\CortexM0\ARM_GCC_493\Release\DualStepperController-PSoC4200-GearBest.a(CyLib.o)
                0x00001b20                CySysClkWriteImoFreq
 .text.Clock_PWM_MAIN_Start
                0x00001c44       0x14 .\CortexM0\ARM_GCC_493\Release\DualStepperController-PSoC4200-GearBest.a(Clock_PWM_MAIN.o)
                0x00001c44                Clock_PWM_MAIN_Start
 .text.INTERNAL_STEP_Enable
                0x00001c58       0x10 .\CortexM0\ARM_GCC_493\Release\DualStepperController-PSoC4200-GearBest.a(INTERNAL_STEP.o)
                0x00001c58                INTERNAL_STEP_Enable
 .text.INTERNAL_STEP_ClearFIFO
                0x00001c68       0x18 .\CortexM0\ARM_GCC_493\Release\DualStepperController-PSoC4200-GearBest.a(INTERNAL_STEP.o)
                0x00001c68                INTERNAL_STEP_ClearFIFO
 .text.INTERNAL_STEP_Init
                0x00001c80       0x70 .\CortexM0\ARM_GCC_493\Release\DualStepperController-PSoC4200-GearBest.a(INTERNAL_STEP.o)
                0x00001c80                INTERNAL_STEP_Init
 .text.INTERNAL_STEP_Start
                0x00001cf0       0x1c .\CortexM0\ARM_GCC_493\Release\DualStepperController-PSoC4200-GearBest.a(INTERNAL_STEP.o)
                0x00001cf0                INTERNAL_STEP_Start
 .text.INTERNAL_STEP_WritePeriod
                0x00001d0c        0xc .\CortexM0\ARM_GCC_493\Release\DualStepperController-PSoC4200-GearBest.a(INTERNAL_STEP.o)
                0x00001d0c                INTERNAL_STEP_WritePeriod
 .text.INTERNAL_STEP_WriteCompare
                0x00001d18        0xc .\CortexM0\ARM_GCC_493\Release\DualStepperController-PSoC4200-GearBest.a(INTERNAL_STEP.o)
                0x00001d18                INTERNAL_STEP_WriteCompare
 .text.TCPWM_2_Init
                0x00001d24       0x54 .\CortexM0\ARM_GCC_493\Release\DualStepperController-PSoC4200-GearBest.a(TCPWM_2.o)
                0x00001d24                TCPWM_2_Init
 .text.TCPWM_2_WriteCompare
                0x00001d78        0xc .\CortexM0\ARM_GCC_493\Release\DualStepperController-PSoC4200-GearBest.a(TCPWM_2.o)
                0x00001d78                TCPWM_2_WriteCompare
 .text.TCPWM_2_TriggerCommand
                0x00001d84       0x1c .\CortexM0\ARM_GCC_493\Release\DualStepperController-PSoC4200-GearBest.a(TCPWM_2.o)
                0x00001d84                TCPWM_2_TriggerCommand
 .text.TCPWM_2_Enable
                0x00001da0       0x24 .\CortexM0\ARM_GCC_493\Release\DualStepperController-PSoC4200-GearBest.a(TCPWM_2.o)
                0x00001da0                TCPWM_2_Enable
 .text.TCPWM_2_Start
                0x00001dc4       0x1c .\CortexM0\ARM_GCC_493\Release\DualStepperController-PSoC4200-GearBest.a(TCPWM_2.o)
                0x00001dc4                TCPWM_2_Start
 .text.TCPWM_1_Init
                0x00001de0       0x54 .\CortexM0\ARM_GCC_493\Release\DualStepperController-PSoC4200-GearBest.a(TCPWM_1.o)
                0x00001de0                TCPWM_1_Init
 .text.TCPWM_1_WriteCompare
                0x00001e34        0xc .\CortexM0\ARM_GCC_493\Release\DualStepperController-PSoC4200-GearBest.a(TCPWM_1.o)
                0x00001e34                TCPWM_1_WriteCompare
 .text.TCPWM_1_TriggerCommand
                0x00001e40       0x1c .\CortexM0\ARM_GCC_493\Release\DualStepperController-PSoC4200-GearBest.a(TCPWM_1.o)
                0x00001e40                TCPWM_1_TriggerCommand
 .text.TCPWM_1_Enable
                0x00001e5c       0x24 .\CortexM0\ARM_GCC_493\Release\DualStepperController-PSoC4200-GearBest.a(TCPWM_1.o)
                0x00001e5c                TCPWM_1_Enable
 .text.TCPWM_1_Start
                0x00001e80       0x1c .\CortexM0\ARM_GCC_493\Release\DualStepperController-PSoC4200-GearBest.a(TCPWM_1.o)
                0x00001e80                TCPWM_1_Start
 .text.TCPWM_4_Init
                0x00001e9c       0x54 .\CortexM0\ARM_GCC_493\Release\DualStepperController-PSoC4200-GearBest.a(TCPWM_4.o)
                0x00001e9c                TCPWM_4_Init
 .text.TCPWM_4_WriteCompare
                0x00001ef0        0xc .\CortexM0\ARM_GCC_493\Release\DualStepperController-PSoC4200-GearBest.a(TCPWM_4.o)
                0x00001ef0                TCPWM_4_WriteCompare
 .text.TCPWM_4_TriggerCommand
                0x00001efc       0x1c .\CortexM0\ARM_GCC_493\Release\DualStepperController-PSoC4200-GearBest.a(TCPWM_4.o)
                0x00001efc                TCPWM_4_TriggerCommand
 .text.TCPWM_4_Enable
                0x00001f18       0x24 .\CortexM0\ARM_GCC_493\Release\DualStepperController-PSoC4200-GearBest.a(TCPWM_4.o)
                0x00001f18                TCPWM_4_Enable
 .text.TCPWM_4_Start
                0x00001f3c       0x1c .\CortexM0\ARM_GCC_493\Release\DualStepperController-PSoC4200-GearBest.a(TCPWM_4.o)
                0x00001f3c                TCPWM_4_Start
 .text.TCPWM_3_Init
                0x00001f58       0x54 .\CortexM0\ARM_GCC_493\Release\DualStepperController-PSoC4200-GearBest.a(TCPWM_3.o)
                0x00001f58                TCPWM_3_Init
 .text.TCPWM_3_WriteCompare
                0x00001fac        0xc .\CortexM0\ARM_GCC_493\Release\DualStepperController-PSoC4200-GearBest.a(TCPWM_3.o)
                0x00001fac                TCPWM_3_WriteCompare
 .text.TCPWM_3_TriggerCommand
                0x00001fb8       0x1c .\CortexM0\ARM_GCC_493\Release\DualStepperController-PSoC4200-GearBest.a(TCPWM_3.o)
                0x00001fb8                TCPWM_3_TriggerCommand
 .text.TCPWM_3_Enable
                0x00001fd4       0x24 .\CortexM0\ARM_GCC_493\Release\DualStepperController-PSoC4200-GearBest.a(TCPWM_3.o)
                0x00001fd4                TCPWM_3_Enable
 .text.TCPWM_3_Start
                0x00001ff8       0x1c .\CortexM0\ARM_GCC_493\Release\DualStepperController-PSoC4200-GearBest.a(TCPWM_3.o)
                0x00001ff8                TCPWM_3_Start
 .text.INTERNAL_STEP_OUT_1_Read
                0x00002014       0x10 .\CortexM0\ARM_GCC_493\Release\DualStepperController-PSoC4200-GearBest.a(INTERNAL_STEP_OUT_1.o)
                0x00002014                INTERNAL_STEP_OUT_1_Read
 .text.INTERNAL_STEP_1_Init
                0x00002024       0x50 .\CortexM0\ARM_GCC_493\Release\DualStepperController-PSoC4200-GearBest.a(INTERNAL_STEP_1.o)
                0x00002024                INTERNAL_STEP_1_Init
 .text.INTERNAL_STEP_1_Enable
                0x00002074       0x10 .\CortexM0\ARM_GCC_493\Release\DualStepperController-PSoC4200-GearBest.a(INTERNAL_STEP_1.o)
                0x00002074                INTERNAL_STEP_1_Enable
 .text.INTERNAL_STEP_1_Start
                0x00002084       0x1c .\CortexM0\ARM_GCC_493\Release\DualStepperController-PSoC4200-GearBest.a(INTERNAL_STEP_1.o)
                0x00002084                INTERNAL_STEP_1_Start
 .text.INTERNAL_STEP_1_WritePeriod
                0x000020a0        0xc .\CortexM0\ARM_GCC_493\Release\DualStepperController-PSoC4200-GearBest.a(INTERNAL_STEP_1.o)
                0x000020a0                INTERNAL_STEP_1_WritePeriod
 .text.INTERNAL_STEP_1_WriteCompare
                0x000020ac        0xc .\CortexM0\ARM_GCC_493\Release\DualStepperController-PSoC4200-GearBest.a(INTERNAL_STEP_1.o)
                0x000020ac                INTERNAL_STEP_1_WriteCompare
 .text.Clock_PWM_MAIN_1_Start
                0x000020b8       0x14 .\CortexM0\ARM_GCC_493\Release\DualStepperController-PSoC4200-GearBest.a(Clock_PWM_MAIN_1.o)
                0x000020b8                Clock_PWM_MAIN_1_Start
 .text.DIR_REG_1_Write
                0x000020cc        0xc .\CortexM0\ARM_GCC_493\Release\DualStepperController-PSoC4200-GearBest.a(DIR_REG_1.o)
                0x000020cc                DIR_REG_1_Write
 .text.STEP_INPUT_1_Read
                0x000020d8       0x10 .\CortexM0\ARM_GCC_493\Release\DualStepperController-PSoC4200-GearBest.a(STEP_INPUT_1.o)
                0x000020d8                STEP_INPUT_1_Read
 .text.DIR_INPUT_1_Read
                0x000020e8       0x10 .\CortexM0\ARM_GCC_493\Release\DualStepperController-PSoC4200-GearBest.a(DIR_INPUT_1.o)
                0x000020e8                DIR_INPUT_1_Read
 .text.STEP_INPUT_SOURCE_1_Read
                0x000020f8       0x10 .\CortexM0\ARM_GCC_493\Release\DualStepperController-PSoC4200-GearBest.a(STEP_INPUT_SOURCE_1.o)
                0x000020f8                STEP_INPUT_SOURCE_1_Read
 .text.DIR_INPUT_SOURCE_1_Read
                0x00002108       0x10 .\CortexM0\ARM_GCC_493\Release\DualStepperController-PSoC4200-GearBest.a(DIR_INPUT_SOURCE_1.o)
                0x00002108                DIR_INPUT_SOURCE_1_Read
 .text.STATUS_LED_2_Write
                0x00002118       0x18 .\CortexM0\ARM_GCC_493\Release\DualStepperController-PSoC4200-GearBest.a(STATUS_LED_2.o)
                0x00002118                STATUS_LED_2_Write
 .text.STATUS_LED_1_Write
                0x00002130       0x18 .\CortexM0\ARM_GCC_493\Release\DualStepperController-PSoC4200-GearBest.a(STATUS_LED_1.o)
                0x00002130                STATUS_LED_1_Write
 .text.Pin_Sw_Read
                0x00002148       0x10 .\CortexM0\ARM_GCC_493\Release\DualStepperController-PSoC4200-GearBest.a(Pin_Sw.o)
                0x00002148                Pin_Sw_Read
 .text.Pin_Sw_ClearInterrupt
                0x00002158       0x10 .\CortexM0\ARM_GCC_493\Release\DualStepperController-PSoC4200-GearBest.a(Pin_Sw.o)
                0x00002158                Pin_Sw_ClearInterrupt
 .text.isr_GPIO_SetPriority
                0x00002168       0x24 .\CortexM0\ARM_GCC_493\Release\DualStepperController-PSoC4200-GearBest.a(isr_GPIO.o)
                0x00002168                isr_GPIO_SetPriority
 .text.isr_GPIO_StartEx
                0x0000218c       0x24 .\CortexM0\ARM_GCC_493\Release\DualStepperController-PSoC4200-GearBest.a(isr_GPIO.o)
                0x0000218c                isr_GPIO_StartEx
 .text.isr_GPIO_ClearPending
                0x000021b0        0xc .\CortexM0\ARM_GCC_493\Release\DualStepperController-PSoC4200-GearBest.a(isr_GPIO.o)
                0x000021b0                isr_GPIO_ClearPending
 *fill*         0x000021bc        0x4 
 .text          0x000021c0       0x28 .\CortexM0\ARM_GCC_493\Release\DualStepperController-PSoC4200-GearBest.a(CyBootAsmGnu.o)
                0x000021c0                CyDelayCycles
                0x000021d4                CyEnterCriticalSection
                0x000021dc                CyExitCriticalSection
 .text          0x000021e8       0x14 c:/program files/cypress/psoc creator/4.0/psoc creator/import/gnu/arm/4.9.3/bin/../lib/gcc/arm-none-eabi/4.9.3/armv6-m\libgcc.a(_thumb1_case_uqi.o)
                0x000021e8                __gnu_thumb1_case_uqi
 .text.__errno  0x000021fc        0xc c:/program files/cypress/psoc creator/4.0/psoc creator/import/gnu/arm/4.9.3/bin/../lib/gcc/arm-none-eabi/4.9.3/../../../../arm-none-eabi/lib/armv6-m\libg_nano.a(lib_a-errno.o)
                0x000021fc                __errno
 .text.__libc_init_array
                0x00002208       0x4c c:/program files/cypress/psoc creator/4.0/psoc creator/import/gnu/arm/4.9.3/bin/../lib/gcc/arm-none-eabi/4.9.3/../../../../arm-none-eabi/lib/armv6-m\libg_nano.a(lib_a-init.o)
                0x00002208                __libc_init_array
 .text.memset   0x00002254       0x10 c:/program files/cypress/psoc creator/4.0/psoc creator/import/gnu/arm/4.9.3/bin/../lib/gcc/arm-none-eabi/4.9.3/../../../../arm-none-eabi/lib/armv6-m\libg_nano.a(lib_a-memset.o)
                0x00002254                memset
 *(.plt)
 *(.gnu.warning)
 *(.glue_7t)
 .glue_7t       0x00000000        0x0 linker stubs
 *(.glue_7)
 .glue_7        0x00000000        0x0 linker stubs
 *(.vfp11_veneer)
 .vfp11_veneer  0x00000000        0x0 linker stubs
 *(.bootloader)
 *(.ARM.extab* .gnu.linkonce.armextab.*)
 *(.gcc_except_table)

.v4_bx          0x00002264        0x0
 .v4_bx         0x00000000        0x0 linker stubs

.iplt           0x00002264        0x0
 .iplt          0x00000000        0x0 c:/program files/cypress/psoc creator/4.0/psoc creator/import/gnu/arm/4.9.3/bin/../lib/gcc/arm-none-eabi/4.9.3/armv6-m/crtbegin.o

.eh_frame_hdr
 *(.eh_frame_hdr)

.eh_frame       0x00002264        0x4
 *(.eh_frame)
 .eh_frame      0x00002264        0x0 c:/program files/cypress/psoc creator/4.0/psoc creator/import/gnu/arm/4.9.3/bin/../lib/gcc/arm-none-eabi/4.9.3/armv6-m/crtbegin.o
 .eh_frame      0x00002264        0x4 c:/program files/cypress/psoc creator/4.0/psoc creator/import/gnu/arm/4.9.3/bin/../lib/gcc/arm-none-eabi/4.9.3/armv6-m/crtend.o
                0x00002268                PROVIDE (__exidx_start, .)

.ARM.exidx
 *(.ARM.exidx* .gnu.linkonce.armexidx.*)
                0x00002268                __exidx_end = .

.rodata         0x00002268      0x248
 *(.rodata .rodata.* .gnu.linkonce.r.*)
 .rodata        0x00002268       0x11 .\CortexM0\ARM_GCC_493\Release\main.o
                0x00002268                sineTable
 *fill*         0x00002279        0x3 
 .rodata        0x0000227c      0x1cc .\CortexM0\ARM_GCC_493\Release\DualStepperController-PSoC4200-GearBest.a(cyfitter_cfg.o)
 .rodata        0x00002448       0x2e .\CortexM0\ARM_GCC_493\Release\DualStepperController-PSoC4200-GearBest.a(CyLib.o)
                0x00002448                cyImoFreqMhz2Reg
 .rodata.str1.1
                0x00002476        0x2 c:/program files/cypress/psoc creator/4.0/psoc creator/import/gnu/arm/4.9.3/bin/../lib/gcc/arm-none-eabi/4.9.3/../../../../arm-none-eabi/lib/armv6-m\libg_nano.a(lib_a-impure.o)
                0x00002478                . = ALIGN (0x4)
 *(.init)
 .init          0x00002478        0x4 c:/program files/cypress/psoc creator/4.0/psoc creator/import/gnu/arm/4.9.3/bin/../lib/gcc/arm-none-eabi/4.9.3/armv6-m/crti.o
                0x00002478                _init
 .init          0x0000247c        0x8 c:/program files/cypress/psoc creator/4.0/psoc creator/import/gnu/arm/4.9.3/bin/../lib/gcc/arm-none-eabi/4.9.3/armv6-m/crtn.o
                0x00002484                . = ALIGN (0x4)
                0x00002484                __preinit_array_start = .
 *(.preinit_array)
                0x00002484                __preinit_array_end = .
                0x00002484                . = ALIGN (0x4)
                0x00002484                __init_array_start = .
 *(SORT(.init_array.*))
 *(.init_array)
 .init_array    0x00002484        0x4 c:/program files/cypress/psoc creator/4.0/psoc creator/import/gnu/arm/4.9.3/bin/../lib/gcc/arm-none-eabi/4.9.3/armv6-m/crtbegin.o
 .init_array    0x00002488        0x4 .\CortexM0\ARM_GCC_493\Release\Cm0Start.o
                0x0000248c                __init_array_end = .
                0x0000248c                . = ALIGN (0x4)
 *(.fini)
 .fini          0x0000248c        0x4 c:/program files/cypress/psoc creator/4.0/psoc creator/import/gnu/arm/4.9.3/bin/../lib/gcc/arm-none-eabi/4.9.3/armv6-m/crti.o
                0x0000248c                _fini
 .fini          0x00002490        0x8 c:/program files/cypress/psoc creator/4.0/psoc creator/import/gnu/arm/4.9.3/bin/../lib/gcc/arm-none-eabi/4.9.3/armv6-m/crtn.o
                0x00002498                . = ALIGN (0x4)
                0x00002498                __fini_array_start = .
 *(.fini_array)
 .fini_array    0x00002498        0x4 c:/program files/cypress/psoc creator/4.0/psoc creator/import/gnu/arm/4.9.3/bin/../lib/gcc/arm-none-eabi/4.9.3/armv6-m/crtbegin.o
 *(SORT(.fini_array.*))
                0x0000249c                __fini_array_end = .
                0x0000249c                . = ALIGN (0x4)
 *crtbegin.o(.ctors)
 *(EXCLUDE_FILE(*crtend.o) .ctors)
 *(SORT(.ctors.*))
 *crtend.o(.ctors)
                0x0000249c                . = ALIGN (0x4)
 *crtbegin.o(.dtors)
 *(EXCLUDE_FILE(*crtend.o) .dtors)
 *(SORT(.dtors.*))
 *crtend.o(.dtors)
                0x0000249c                . = ALIGN (0x4)
                0x0000249c                __cy_regions = .
                0x0000249c        0x4 LONG 0x24b0 __cy_region_init_ram
                0x000024a0        0x4 LONG 0x200000d0 __cy_region_start_data
                0x000024a4        0x4 LONG 0x80 __cy_region_init_size_ram
                0x000024a8        0x4 LONG 0x40 __cy_region_zero_size_ram
                0x000024ac                __cy_regions_end = .
                0x000024b0                . = ALIGN (0x8)
 *fill*         0x000024ac        0x4 
                0x000024b0                _etext = .

.ramvectors     0x20000000       0xc0
                0x20000000                __cy_region_start_ram = .
 *(.ramvectors)
 .ramvectors    0x20000000       0xc0 .\CortexM0\ARM_GCC_493\Release\Cm0Start.o
                0x20000000                CyRamVectors

.btldr_run      0x200000c0        0x4
 *(.bootloaderruntype)
 .bootloaderruntype
                0x200000c0        0x4 .\CortexM0\ARM_GCC_493\Release\Cm0Start.o
                0x200000c0                cyBtldrRunType

.noinit         0x200000c8        0x4
 *(.noinit)
 .noinit        0x200000c8        0x4 .\CortexM0\ARM_GCC_493\Release\Cm0Start.o

.data           0x200000d0       0x80 load address 0x000024b0
                0x200000d0                __cy_region_start_data = .
 *(.jcr)
 .jcr           0x200000d0        0x0 c:/program files/cypress/psoc creator/4.0/psoc creator/import/gnu/arm/4.9.3/bin/../lib/gcc/arm-none-eabi/4.9.3/armv6-m/crtbegin.o
 .jcr           0x200000d0        0x4 c:/program files/cypress/psoc creator/4.0/psoc creator/import/gnu/arm/4.9.3/bin/../lib/gcc/arm-none-eabi/4.9.3/armv6-m/crtend.o
 *(.got.plt)
 *(.got)
 *(.shdata)
 *(.data .data.* .gnu.linkonce.d.*)
 .data          0x200000d4       0x14 .\CortexM0\ARM_GCC_493\Release\DualStepperController-PSoC4200-GearBest.a(CyLib.o)
                0x200000d4                CySysClkPumpConfig
                0x200000d8                cydelay32kMs
                0x200000dc                cydelayFreqKhz
                0x200000e0                cydelayFreqMhz
                0x200000e4                cydelayFreqHz
 .data.impure_data
                0x200000e8       0x60 c:/program files/cypress/psoc creator/4.0/psoc creator/import/gnu/arm/4.9.3/bin/../lib/gcc/arm-none-eabi/4.9.3/../../../../arm-none-eabi/lib/armv6-m\libg_nano.a(lib_a-impure.o)
 .data._impure_ptr
                0x20000148        0x4 c:/program files/cypress/psoc creator/4.0/psoc creator/import/gnu/arm/4.9.3/bin/../lib/gcc/arm-none-eabi/4.9.3/../../../../arm-none-eabi/lib/armv6-m\libg_nano.a(lib_a-impure.o)
                0x20000148                _impure_ptr
                0x20000150                . = ALIGN (0x8)
 *fill*         0x2000014c        0x4 
 *(.ram)
                0x20000150                _edata = .

.igot.plt       0x20000150        0x0 load address 0x00002530
 .igot.plt      0x00000000        0x0 c:/program files/cypress/psoc creator/4.0/psoc creator/import/gnu/arm/4.9.3/bin/../lib/gcc/arm-none-eabi/4.9.3/armv6-m/crtbegin.o

.bss            0x20000150       0x40 load address 0x00002530
                0x20000150                PROVIDE (__bss_start__, .)
 *(.shbss)
 *(.bss .bss.* .gnu.linkonce.b.*)
 .bss           0x20000150       0x1c c:/program files/cypress/psoc creator/4.0/psoc creator/import/gnu/arm/4.9.3/bin/../lib/gcc/arm-none-eabi/4.9.3/armv6-m/crtbegin.o
 .bss           0x2000016c        0x1 .\CortexM0\ARM_GCC_493\Release\DualStepperController-PSoC4200-GearBest.a(INTERNAL_STEP.o)
                0x2000016c                INTERNAL_STEP_initVar
 .bss           0x2000016d        0x1 .\CortexM0\ARM_GCC_493\Release\DualStepperController-PSoC4200-GearBest.a(TCPWM_2.o)
                0x2000016d                TCPWM_2_initVar
 .bss           0x2000016e        0x1 .\CortexM0\ARM_GCC_493\Release\DualStepperController-PSoC4200-GearBest.a(TCPWM_1.o)
                0x2000016e                TCPWM_1_initVar
 .bss           0x2000016f        0x1 .\CortexM0\ARM_GCC_493\Release\DualStepperController-PSoC4200-GearBest.a(TCPWM_4.o)
                0x2000016f                TCPWM_4_initVar
 .bss           0x20000170        0x1 .\CortexM0\ARM_GCC_493\Release\DualStepperController-PSoC4200-GearBest.a(TCPWM_3.o)
                0x20000170                TCPWM_3_initVar
 .bss           0x20000171        0x1 .\CortexM0\ARM_GCC_493\Release\DualStepperController-PSoC4200-GearBest.a(INTERNAL_STEP_1.o)
                0x20000171                INTERNAL_STEP_1_initVar
 *(COMMON)
 COMMON         0x20000172       0x18 .\CortexM0\ARM_GCC_493\Release\main.o
                0x20000172                pwmB
                0x20000173                currentStepA
                0x20000174                previousDivider
                0x20000175                divider1
                0x20000176                currentStepB1
                0x20000177                dirReg1
                0x20000178                pwmA
                0x20000179                currentStepA1
                0x2000017a                stepPulse1
                0x2000017b                dirReg
                0x2000017c                phase
                0x2000017d                stepPulse
                0x2000017e                FullScale
                0x2000017f                FullScale1
                0x20000180                previousStepPulse1
                0x20000181                step1
                0x20000182                divider
                0x20000183                previousStepPulse
                0x20000184                phase1
                0x20000185                currentStepB
                0x20000186                step
                0x20000187                pwmB1
                0x20000188                pwmA1
                0x20000189                previousDivider1
                0x20000190                . = ALIGN (0x8)
 *fill*         0x2000018a        0x6 
 *(.ram.b)
                0x20000190                _end = .
                0x20000190                __end = .
                0x20000190                PROVIDE (end, .)
                0x20000190                PROVIDE (__bss_end__, .)
                0x000024b0                __cy_region_init_ram = LOADADDR (.data)
                0x00000080                __cy_region_init_size_ram = (_edata - ADDR (.data))
                0x00000040                __cy_region_zero_size_ram = (_end - _edata)

.heap           0x20000190      0x100 load address 0x00002530
                0x20000190                . = _end
                0x20000290                . = (. + 0x100)
 *fill*         0x20000190      0x100 
                0x20000290                __cy_heap_limit = .

.stack          0x20000c00      0x400
                0x20000c00                __cy_stack_limit = .
                0x20001000                . = (. + 0x400)
 *fill*         0x20000c00      0x400 
                0x00000001                ASSERT ((__cy_stack_limit >= __cy_heap_limit), region RAM overflowed with stack)

.cy_checksum_exclude
                0x00007f80        0x0
 *(.cy_checksum_exclude)
                0x00000000                cy_checksum_exclude_size = (CY_APPL_LOADABLE == 0x1)?SIZEOF (.cy_checksum_exclude):0x0
                0x00000001                ASSERT ((cy_checksum_exclude_size <= CY_CHECKSUM_EXCLUDE_SIZE), CY_BOOT: Section .cy_checksum_exclude size exceedes specified limit.)
                0xf0000000                cyloadermeta_start = (cy_project_type_bootloader || cy_project_type_app_for_stack_and_copier)?(0x8000 - CY_METADATA_SIZE):0xf0000000

.cyloadermeta   0xf0000000       0x40
 *(.cyloadermeta)
 .cyloadermeta  0xf0000000       0x40 .\CortexM0\ARM_GCC_493\Release\cybootloader.o
                0xf0000000                cy_meta_loader
                0x00007fc0                cyloadablemeta_start = cy_project_type_app_for_stack_and_copier?((0x8000 - CY_FLASH_ROW_SIZE) - CY_METADATA_SIZE):((0x8000 - (CY_FLASH_ROW_SIZE * (CY_APPL_NUM - 0x1))) - CY_METADATA_SIZE)

.cyloadablemeta
                0x00007fc0       0x40
 *(.cyloadablemeta)
 .cyloadablemeta
                0x00007fc0       0x40 .\CortexM0\ARM_GCC_493\Release\cymetadata.o
                0x00007fc0                cy_meta_loadable

.cyflashprotect
                0x90400000       0x20
 *(.cyflashprotect)
 .cyflashprotect
                0x90400000       0x20 .\CortexM0\ARM_GCC_493\Release\cybootloader.o
                0x90400000                cy_meta_flashprotect

.cymeta         0x90500000        0xc
 *(.cymeta)
 .cymeta        0x90500000        0xc .\CortexM0\ARM_GCC_493\Release\cybootloader.o
                0x90500000                cy_metadata

.cychipprotect  0x90600000        0x1
 *(.cychipprotect)
 .cychipprotect
                0x90600000        0x1 .\CortexM0\ARM_GCC_493\Release\cybootloader.o
                0x90600000                cy_meta_chipprotect

.rel.dyn        0x00008000        0x0 load address 0x90600004
 .rel.iplt      0x00000000        0x0 c:/program files/cypress/psoc creator/4.0/psoc creator/import/gnu/arm/4.9.3/bin/../lib/gcc/arm-none-eabi/4.9.3/armv6-m/crtbegin.o

.stab
 *(.stab)

.stabstr
 *(.stabstr)

.debug
 *(.debug)

.line
 *(.line)

.debug_srcinfo
 *(.debug_srcinfo)

.debug_sfnames
 *(.debug_sfnames)

.debug_aranges  0x00000000      0xe78
 *(.debug_aranges)
 .debug_aranges
                0x00000000       0x28 .\CortexM0\ARM_GCC_493\Release\main.o
 .debug_aranges
                0x00000028       0x20 .\CortexM0\ARM_GCC_493\Release\genSine.o
 .debug_aranges
                0x00000048       0x20 .\CortexM0\ARM_GCC_493\Release\inputScan.o
 .debug_aranges
                0x00000068       0x20 .\CortexM0\ARM_GCC_493\Release\Move.o
 .debug_aranges
                0x00000088       0x28 .\CortexM0\ARM_GCC_493\Release\PhaseControl.o
 .debug_aranges
                0x000000b0       0x20 .\CortexM0\ARM_GCC_493\Release\systemInit.o
 .debug_aranges
                0x000000d0       0x48 .\CortexM0\ARM_GCC_493\Release\Cm0Start.o
 .debug_aranges
                0x00000118       0x18 .\CortexM0\ARM_GCC_493\Release\cybootloader.o
 .debug_aranges
                0x00000130       0x18 .\CortexM0\ARM_GCC_493\Release\cymetadata.o
 .debug_aranges
                0x00000148       0x20 .\CortexM0\ARM_GCC_493\Release\DualStepperController-PSoC4200-GearBest.a(cyfitter_cfg.o)
 .debug_aranges
                0x00000168       0x48 .\CortexM0\ARM_GCC_493\Release\DualStepperController-PSoC4200-GearBest.a(INTERNAL_STEP_OUT.o)
 .debug_aranges
                0x000001b0       0x48 .\CortexM0\ARM_GCC_493\Release\DualStepperController-PSoC4200-GearBest.a(STEP_INPUT.o)
 .debug_aranges
                0x000001f8       0x48 .\CortexM0\ARM_GCC_493\Release\DualStepperController-PSoC4200-GearBest.a(DIR_INPUT.o)
 .debug_aranges
                0x00000240       0x48 .\CortexM0\ARM_GCC_493\Release\DualStepperController-PSoC4200-GearBest.a(STEP_INPUT_SOURCE.o)
 .debug_aranges
                0x00000288       0x48 .\CortexM0\ARM_GCC_493\Release\DualStepperController-PSoC4200-GearBest.a(DIR_INPUT_SOURCE.o)
 .debug_aranges
                0x000002d0       0x28 .\CortexM0\ARM_GCC_493\Release\DualStepperController-PSoC4200-GearBest.a(DIR_REG.o)
 .debug_aranges
                0x000002f8      0x180 .\CortexM0\ARM_GCC_493\Release\DualStepperController-PSoC4200-GearBest.a(CyLib.o)
 .debug_aranges
                0x00000478       0x40 .\CortexM0\ARM_GCC_493\Release\DualStepperController-PSoC4200-GearBest.a(Clock_PWM_MAIN.o)
 .debug_aranges
                0x000004b8       0x98 .\CortexM0\ARM_GCC_493\Release\DualStepperController-PSoC4200-GearBest.a(INTERNAL_STEP.o)
 .debug_aranges
                0x00000550      0x158 .\CortexM0\ARM_GCC_493\Release\DualStepperController-PSoC4200-GearBest.a(TCPWM_2.o)
 .debug_aranges
                0x000006a8      0x158 .\CortexM0\ARM_GCC_493\Release\DualStepperController-PSoC4200-GearBest.a(TCPWM_1.o)
 .debug_aranges
                0x00000800      0x158 .\CortexM0\ARM_GCC_493\Release\DualStepperController-PSoC4200-GearBest.a(TCPWM_4.o)
 .debug_aranges
                0x00000958      0x158 .\CortexM0\ARM_GCC_493\Release\DualStepperController-PSoC4200-GearBest.a(TCPWM_3.o)
 .debug_aranges
                0x00000ab0       0x48 .\CortexM0\ARM_GCC_493\Release\DualStepperController-PSoC4200-GearBest.a(INTERNAL_STEP_OUT_1.o)
 .debug_aranges
                0x00000af8       0x80 .\CortexM0\ARM_GCC_493\Release\DualStepperController-PSoC4200-GearBest.a(INTERNAL_STEP_1.o)
 .debug_aranges
                0x00000b78       0x40 .\CortexM0\ARM_GCC_493\Release\DualStepperController-PSoC4200-GearBest.a(Clock_PWM_MAIN_1.o)
 .debug_aranges
                0x00000bb8       0x28 .\CortexM0\ARM_GCC_493\Release\DualStepperController-PSoC4200-GearBest.a(DIR_REG_1.o)
 .debug_aranges
                0x00000be0       0x48 .\CortexM0\ARM_GCC_493\Release\DualStepperController-PSoC4200-GearBest.a(STEP_INPUT_1.o)
 .debug_aranges
                0x00000c28       0x48 .\CortexM0\ARM_GCC_493\Release\DualStepperController-PSoC4200-GearBest.a(DIR_INPUT_1.o)
 .debug_aranges
                0x00000c70       0x48 .\CortexM0\ARM_GCC_493\Release\DualStepperController-PSoC4200-GearBest.a(STEP_INPUT_SOURCE_1.o)
 .debug_aranges
                0x00000cb8       0x48 .\CortexM0\ARM_GCC_493\Release\DualStepperController-PSoC4200-GearBest.a(DIR_INPUT_SOURCE_1.o)
 .debug_aranges
                0x00000d00       0x48 .\CortexM0\ARM_GCC_493\Release\DualStepperController-PSoC4200-GearBest.a(STATUS_LED_2.o)
 .debug_aranges
                0x00000d48       0x48 .\CortexM0\ARM_GCC_493\Release\DualStepperController-PSoC4200-GearBest.a(STATUS_LED_1.o)
 .debug_aranges
                0x00000d90       0x48 .\CortexM0\ARM_GCC_493\Release\DualStepperController-PSoC4200-GearBest.a(Pin_Sw.o)
 .debug_aranges
                0x00000dd8       0x80 .\CortexM0\ARM_GCC_493\Release\DualStepperController-PSoC4200-GearBest.a(isr_GPIO.o)
 .debug_aranges
                0x00000e58       0x20 .\CortexM0\ARM_GCC_493\Release\DualStepperController-PSoC4200-GearBest.a(CyBootAsmGnu.o)

.debug_pubnames
 *(.debug_pubnames)

.debug_info     0x00000000     0x6d51
 *(.debug_info .gnu.linkonce.wi.*)
 .debug_info    0x00000000      0x521 .\CortexM0\ARM_GCC_493\Release\main.o
 .debug_info    0x00000521      0x10a .\CortexM0\ARM_GCC_493\Release\genSine.o
 .debug_info    0x0000062b      0x1cf .\CortexM0\ARM_GCC_493\Release\inputScan.o
 .debug_info    0x000007fa      0x2a6 .\CortexM0\ARM_GCC_493\Release\Move.o
 .debug_info    0x00000aa0      0x16e .\CortexM0\ARM_GCC_493\Release\PhaseControl.o
 .debug_info    0x00000c0e      0x36f .\CortexM0\ARM_GCC_493\Release\systemInit.o
 .debug_info    0x00000f7d      0x3ab .\CortexM0\ARM_GCC_493\Release\Cm0Start.o
 .debug_info    0x00001328      0x14e .\CortexM0\ARM_GCC_493\Release\cybootloader.o
 .debug_info    0x00001476       0xb2 .\CortexM0\ARM_GCC_493\Release\cymetadata.o
 .debug_info    0x00001528      0x3ae .\CortexM0\ARM_GCC_493\Release\DualStepperController-PSoC4200-GearBest.a(cyfitter_cfg.o)
 .debug_info    0x000018d6      0x19b .\CortexM0\ARM_GCC_493\Release\DualStepperController-PSoC4200-GearBest.a(INTERNAL_STEP_OUT.o)
 .debug_info    0x00001a71      0x19b .\CortexM0\ARM_GCC_493\Release\DualStepperController-PSoC4200-GearBest.a(STEP_INPUT.o)
 .debug_info    0x00001c0c      0x19b .\CortexM0\ARM_GCC_493\Release\DualStepperController-PSoC4200-GearBest.a(DIR_INPUT.o)
 .debug_info    0x00001da7      0x19b .\CortexM0\ARM_GCC_493\Release\DualStepperController-PSoC4200-GearBest.a(STEP_INPUT_SOURCE.o)
 .debug_info    0x00001f42      0x19b .\CortexM0\ARM_GCC_493\Release\DualStepperController-PSoC4200-GearBest.a(DIR_INPUT_SOURCE.o)
 .debug_info    0x000020dd       0xd6 .\CortexM0\ARM_GCC_493\Release\DualStepperController-PSoC4200-GearBest.a(DIR_REG.o)
 .debug_info    0x000021b3      0xb23 .\CortexM0\ARM_GCC_493\Release\DualStepperController-PSoC4200-GearBest.a(CyLib.o)
 .debug_info    0x00002cd6      0x150 .\CortexM0\ARM_GCC_493\Release\DualStepperController-PSoC4200-GearBest.a(Clock_PWM_MAIN.o)
 .debug_info    0x00002e26      0x3c2 .\CortexM0\ARM_GCC_493\Release\DualStepperController-PSoC4200-GearBest.a(INTERNAL_STEP.o)
 .debug_info    0x000031e8      0x95f .\CortexM0\ARM_GCC_493\Release\DualStepperController-PSoC4200-GearBest.a(TCPWM_2.o)
 .debug_info    0x00003b47      0x95f .\CortexM0\ARM_GCC_493\Release\DualStepperController-PSoC4200-GearBest.a(TCPWM_1.o)
 .debug_info    0x000044a6      0x95f .\CortexM0\ARM_GCC_493\Release\DualStepperController-PSoC4200-GearBest.a(TCPWM_4.o)
 .debug_info    0x00004e05      0x95f .\CortexM0\ARM_GCC_493\Release\DualStepperController-PSoC4200-GearBest.a(TCPWM_3.o)
 .debug_info    0x00005764      0x19b .\CortexM0\ARM_GCC_493\Release\DualStepperController-PSoC4200-GearBest.a(INTERNAL_STEP_OUT_1.o)
 .debug_info    0x000058ff      0x2d4 .\CortexM0\ARM_GCC_493\Release\DualStepperController-PSoC4200-GearBest.a(INTERNAL_STEP_1.o)
 .debug_info    0x00005bd3      0x150 .\CortexM0\ARM_GCC_493\Release\DualStepperController-PSoC4200-GearBest.a(Clock_PWM_MAIN_1.o)
 .debug_info    0x00005d23       0xd6 .\CortexM0\ARM_GCC_493\Release\DualStepperController-PSoC4200-GearBest.a(DIR_REG_1.o)
 .debug_info    0x00005df9      0x19b .\CortexM0\ARM_GCC_493\Release\DualStepperController-PSoC4200-GearBest.a(STEP_INPUT_1.o)
 .debug_info    0x00005f94      0x19b .\CortexM0\ARM_GCC_493\Release\DualStepperController-PSoC4200-GearBest.a(DIR_INPUT_1.o)
 .debug_info    0x0000612f      0x19b .\CortexM0\ARM_GCC_493\Release\DualStepperController-PSoC4200-GearBest.a(STEP_INPUT_SOURCE_1.o)
 .debug_info    0x000062ca      0x19b .\CortexM0\ARM_GCC_493\Release\DualStepperController-PSoC4200-GearBest.a(DIR_INPUT_SOURCE_1.o)
 .debug_info    0x00006465      0x19b .\CortexM0\ARM_GCC_493\Release\DualStepperController-PSoC4200-GearBest.a(STATUS_LED_2.o)
 .debug_info    0x00006600      0x19b .\CortexM0\ARM_GCC_493\Release\DualStepperController-PSoC4200-GearBest.a(STATUS_LED_1.o)
 .debug_info    0x0000679b      0x1a0 .\CortexM0\ARM_GCC_493\Release\DualStepperController-PSoC4200-GearBest.a(Pin_Sw.o)
 .debug_info    0x0000693b      0x350 .\CortexM0\ARM_GCC_493\Release\DualStepperController-PSoC4200-GearBest.a(isr_GPIO.o)
 .debug_info    0x00006c8b       0xc6 .\CortexM0\ARM_GCC_493\Release\DualStepperController-PSoC4200-GearBest.a(CyBootAsmGnu.o)

.debug_abbrev   0x00000000     0x25eb
 *(.debug_abbrev)
 .debug_abbrev  0x00000000      0x175 .\CortexM0\ARM_GCC_493\Release\main.o
 .debug_abbrev  0x00000175       0xa6 .\CortexM0\ARM_GCC_493\Release\genSine.o
 .debug_abbrev  0x0000021b       0xa0 .\CortexM0\ARM_GCC_493\Release\inputScan.o
 .debug_abbrev  0x000002bb       0xe8 .\CortexM0\ARM_GCC_493\Release\Move.o
 .debug_abbrev  0x000003a3       0xa7 .\CortexM0\ARM_GCC_493\Release\PhaseControl.o
 .debug_abbrev  0x0000044a       0xd5 .\CortexM0\ARM_GCC_493\Release\systemInit.o
 .debug_abbrev  0x0000051f      0x1f7 .\CortexM0\ARM_GCC_493\Release\Cm0Start.o
 .debug_abbrev  0x00000716       0x77 .\CortexM0\ARM_GCC_493\Release\cybootloader.o
 .debug_abbrev  0x0000078d       0x5d .\CortexM0\ARM_GCC_493\Release\cymetadata.o
 .debug_abbrev  0x000007ea      0x207 .\CortexM0\ARM_GCC_493\Release\DualStepperController-PSoC4200-GearBest.a(cyfitter_cfg.o)
 .debug_abbrev  0x000009f1       0xc6 .\CortexM0\ARM_GCC_493\Release\DualStepperController-PSoC4200-GearBest.a(INTERNAL_STEP_OUT.o)
 .debug_abbrev  0x00000ab7       0xc6 .\CortexM0\ARM_GCC_493\Release\DualStepperController-PSoC4200-GearBest.a(STEP_INPUT.o)
 .debug_abbrev  0x00000b7d       0xc6 .\CortexM0\ARM_GCC_493\Release\DualStepperController-PSoC4200-GearBest.a(DIR_INPUT.o)
 .debug_abbrev  0x00000c43       0xc6 .\CortexM0\ARM_GCC_493\Release\DualStepperController-PSoC4200-GearBest.a(STEP_INPUT_SOURCE.o)
 .debug_abbrev  0x00000d09       0xc6 .\CortexM0\ARM_GCC_493\Release\DualStepperController-PSoC4200-GearBest.a(DIR_INPUT_SOURCE.o)
 .debug_abbrev  0x00000dcf       0x81 .\CortexM0\ARM_GCC_493\Release\DualStepperController-PSoC4200-GearBest.a(DIR_REG.o)
 .debug_abbrev  0x00000e50      0x318 .\CortexM0\ARM_GCC_493\Release\DualStepperController-PSoC4200-GearBest.a(CyLib.o)
 .debug_abbrev  0x00001168       0xc6 .\CortexM0\ARM_GCC_493\Release\DualStepperController-PSoC4200-GearBest.a(Clock_PWM_MAIN.o)
 .debug_abbrev  0x0000122e      0x1d5 .\CortexM0\ARM_GCC_493\Release\DualStepperController-PSoC4200-GearBest.a(INTERNAL_STEP.o)
 .debug_abbrev  0x00001403      0x1a4 .\CortexM0\ARM_GCC_493\Release\DualStepperController-PSoC4200-GearBest.a(TCPWM_2.o)
 .debug_abbrev  0x000015a7      0x1a4 .\CortexM0\ARM_GCC_493\Release\DualStepperController-PSoC4200-GearBest.a(TCPWM_1.o)
 .debug_abbrev  0x0000174b      0x1a4 .\CortexM0\ARM_GCC_493\Release\DualStepperController-PSoC4200-GearBest.a(TCPWM_4.o)
 .debug_abbrev  0x000018ef      0x1a4 .\CortexM0\ARM_GCC_493\Release\DualStepperController-PSoC4200-GearBest.a(TCPWM_3.o)
 .debug_abbrev  0x00001a93       0xc6 .\CortexM0\ARM_GCC_493\Release\DualStepperController-PSoC4200-GearBest.a(INTERNAL_STEP_OUT_1.o)
 .debug_abbrev  0x00001b59      0x16d .\CortexM0\ARM_GCC_493\Release\DualStepperController-PSoC4200-GearBest.a(INTERNAL_STEP_1.o)
 .debug_abbrev  0x00001cc6       0xc6 .\CortexM0\ARM_GCC_493\Release\DualStepperController-PSoC4200-GearBest.a(Clock_PWM_MAIN_1.o)
 .debug_abbrev  0x00001d8c       0x81 .\CortexM0\ARM_GCC_493\Release\DualStepperController-PSoC4200-GearBest.a(DIR_REG_1.o)
 .debug_abbrev  0x00001e0d       0xc6 .\CortexM0\ARM_GCC_493\Release\DualStepperController-PSoC4200-GearBest.a(STEP_INPUT_1.o)
 .debug_abbrev  0x00001ed3       0xc6 .\CortexM0\ARM_GCC_493\Release\DualStepperController-PSoC4200-GearBest.a(DIR_INPUT_1.o)
 .debug_abbrev  0x00001f99       0xc6 .\CortexM0\ARM_GCC_493\Release\DualStepperController-PSoC4200-GearBest.a(STEP_INPUT_SOURCE_1.o)
 .debug_abbrev  0x0000205f       0xc6 .\CortexM0\ARM_GCC_493\Release\DualStepperController-PSoC4200-GearBest.a(DIR_INPUT_SOURCE_1.o)
 .debug_abbrev  0x00002125       0xc6 .\CortexM0\ARM_GCC_493\Release\DualStepperController-PSoC4200-GearBest.a(STATUS_LED_2.o)
 .debug_abbrev  0x000021eb       0xc6 .\CortexM0\ARM_GCC_493\Release\DualStepperController-PSoC4200-GearBest.a(STATUS_LED_1.o)
 .debug_abbrev  0x000022b1       0xc8 .\CortexM0\ARM_GCC_493\Release\DualStepperController-PSoC4200-GearBest.a(Pin_Sw.o)
 .debug_abbrev  0x00002379      0x25e .\CortexM0\ARM_GCC_493\Release\DualStepperController-PSoC4200-GearBest.a(isr_GPIO.o)
 .debug_abbrev  0x000025d7       0x14 .\CortexM0\ARM_GCC_493\Release\DualStepperController-PSoC4200-GearBest.a(CyBootAsmGnu.o)

.debug_line     0x00000000     0x31e1
 *(.debug_line)
 .debug_line    0x00000000      0x1a5 .\CortexM0\ARM_GCC_493\Release\main.o
 .debug_line    0x000001a5       0x74 .\CortexM0\ARM_GCC_493\Release\genSine.o
 .debug_line    0x00000219      0x153 .\CortexM0\ARM_GCC_493\Release\inputScan.o
 .debug_line    0x0000036c      0x100 .\CortexM0\ARM_GCC_493\Release\Move.o
 .debug_line    0x0000046c       0xc4 .\CortexM0\ARM_GCC_493\Release\PhaseControl.o
 .debug_line    0x00000530      0x137 .\CortexM0\ARM_GCC_493\Release\systemInit.o
 .debug_line    0x00000667      0x230 .\CortexM0\ARM_GCC_493\Release\Cm0Start.o
 .debug_line    0x00000897       0x53 .\CortexM0\ARM_GCC_493\Release\cybootloader.o
 .debug_line    0x000008ea       0x51 .\CortexM0\ARM_GCC_493\Release\cymetadata.o
 .debug_line    0x0000093b      0x16e .\CortexM0\ARM_GCC_493\Release\DualStepperController-PSoC4200-GearBest.a(cyfitter_cfg.o)
 .debug_line    0x00000aa9       0xd5 .\CortexM0\ARM_GCC_493\Release\DualStepperController-PSoC4200-GearBest.a(INTERNAL_STEP_OUT.o)
 .debug_line    0x00000b7e       0xd0 .\CortexM0\ARM_GCC_493\Release\DualStepperController-PSoC4200-GearBest.a(STEP_INPUT.o)
 .debug_line    0x00000c4e       0xcd .\CortexM0\ARM_GCC_493\Release\DualStepperController-PSoC4200-GearBest.a(DIR_INPUT.o)
 .debug_line    0x00000d1b       0xd5 .\CortexM0\ARM_GCC_493\Release\DualStepperController-PSoC4200-GearBest.a(STEP_INPUT_SOURCE.o)
 .debug_line    0x00000df0       0xd4 .\CortexM0\ARM_GCC_493\Release\DualStepperController-PSoC4200-GearBest.a(DIR_INPUT_SOURCE.o)
 .debug_line    0x00000ec4       0x74 .\CortexM0\ARM_GCC_493\Release\DualStepperController-PSoC4200-GearBest.a(DIR_REG.o)
 .debug_line    0x00000f38      0x4ca .\CortexM0\ARM_GCC_493\Release\DualStepperController-PSoC4200-GearBest.a(CyLib.o)
 .debug_line    0x00001402       0xbe .\CortexM0\ARM_GCC_493\Release\DualStepperController-PSoC4200-GearBest.a(Clock_PWM_MAIN.o)
 .debug_line    0x000014c0      0x1eb .\CortexM0\ARM_GCC_493\Release\DualStepperController-PSoC4200-GearBest.a(INTERNAL_STEP.o)
 .debug_line    0x000016ab      0x3f8 .\CortexM0\ARM_GCC_493\Release\DualStepperController-PSoC4200-GearBest.a(TCPWM_2.o)
 .debug_line    0x00001aa3      0x3f6 .\CortexM0\ARM_GCC_493\Release\DualStepperController-PSoC4200-GearBest.a(TCPWM_1.o)
 .debug_line    0x00001e99      0x3f8 .\CortexM0\ARM_GCC_493\Release\DualStepperController-PSoC4200-GearBest.a(TCPWM_4.o)
 .debug_line    0x00002291      0x3f6 .\CortexM0\ARM_GCC_493\Release\DualStepperController-PSoC4200-GearBest.a(TCPWM_3.o)
 .debug_line    0x00002687       0xd7 .\CortexM0\ARM_GCC_493\Release\DualStepperController-PSoC4200-GearBest.a(INTERNAL_STEP_OUT_1.o)
 .debug_line    0x0000275e      0x17e .\CortexM0\ARM_GCC_493\Release\DualStepperController-PSoC4200-GearBest.a(INTERNAL_STEP_1.o)
 .debug_line    0x000028dc       0xc0 .\CortexM0\ARM_GCC_493\Release\DualStepperController-PSoC4200-GearBest.a(Clock_PWM_MAIN_1.o)
 .debug_line    0x0000299c       0x76 .\CortexM0\ARM_GCC_493\Release\DualStepperController-PSoC4200-GearBest.a(DIR_REG_1.o)
 .debug_line    0x00002a12       0xd0 .\CortexM0\ARM_GCC_493\Release\DualStepperController-PSoC4200-GearBest.a(STEP_INPUT_1.o)
 .debug_line    0x00002ae2       0xcf .\CortexM0\ARM_GCC_493\Release\DualStepperController-PSoC4200-GearBest.a(DIR_INPUT_1.o)
 .debug_line    0x00002bb1       0xd7 .\CortexM0\ARM_GCC_493\Release\DualStepperController-PSoC4200-GearBest.a(STEP_INPUT_SOURCE_1.o)
 .debug_line    0x00002c88       0xd6 .\CortexM0\ARM_GCC_493\Release\DualStepperController-PSoC4200-GearBest.a(DIR_INPUT_SOURCE_1.o)
 .debug_line    0x00002d5e       0xd0 .\CortexM0\ARM_GCC_493\Release\DualStepperController-PSoC4200-GearBest.a(STATUS_LED_2.o)
 .debug_line    0x00002e2e       0xd0 .\CortexM0\ARM_GCC_493\Release\DualStepperController-PSoC4200-GearBest.a(STATUS_LED_1.o)
 .debug_line    0x00002efe       0xca .\CortexM0\ARM_GCC_493\Release\DualStepperController-PSoC4200-GearBest.a(Pin_Sw.o)
 .debug_line    0x00002fc8      0x1b0 .\CortexM0\ARM_GCC_493\Release\DualStepperController-PSoC4200-GearBest.a(isr_GPIO.o)
 .debug_line    0x00003178       0x69 .\CortexM0\ARM_GCC_493\Release\DualStepperController-PSoC4200-GearBest.a(CyBootAsmGnu.o)

.debug_frame    0x00000000     0x1e98
 *(.debug_frame)
 .debug_frame   0x00000000       0x54 .\CortexM0\ARM_GCC_493\Release\main.o
 .debug_frame   0x00000054       0x20 .\CortexM0\ARM_GCC_493\Release\genSine.o
 .debug_frame   0x00000074       0x2c .\CortexM0\ARM_GCC_493\Release\inputScan.o
 .debug_frame   0x000000a0       0x38 .\CortexM0\ARM_GCC_493\Release\Move.o
 .debug_frame   0x000000d8       0x44 .\CortexM0\ARM_GCC_493\Release\PhaseControl.o
 .debug_frame   0x0000011c       0x38 .\CortexM0\ARM_GCC_493\Release\systemInit.o
 .debug_frame   0x00000154       0xbc .\CortexM0\ARM_GCC_493\Release\Cm0Start.o
 .debug_frame   0x00000210       0x38 .\CortexM0\ARM_GCC_493\Release\DualStepperController-PSoC4200-GearBest.a(cyfitter_cfg.o)
 .debug_frame   0x00000248       0x70 .\CortexM0\ARM_GCC_493\Release\DualStepperController-PSoC4200-GearBest.a(INTERNAL_STEP_OUT.o)
 .debug_frame   0x000002b8       0x70 .\CortexM0\ARM_GCC_493\Release\DualStepperController-PSoC4200-GearBest.a(STEP_INPUT.o)
 .debug_frame   0x00000328       0x70 .\CortexM0\ARM_GCC_493\Release\DualStepperController-PSoC4200-GearBest.a(DIR_INPUT.o)
 .debug_frame   0x00000398       0x70 .\CortexM0\ARM_GCC_493\Release\DualStepperController-PSoC4200-GearBest.a(STEP_INPUT_SOURCE.o)
 .debug_frame   0x00000408       0x70 .\CortexM0\ARM_GCC_493\Release\DualStepperController-PSoC4200-GearBest.a(DIR_INPUT_SOURCE.o)
 .debug_frame   0x00000478       0x30 .\CortexM0\ARM_GCC_493\Release\DualStepperController-PSoC4200-GearBest.a(DIR_REG.o)
 .debug_frame   0x000004a8      0x3a4 .\CortexM0\ARM_GCC_493\Release\DualStepperController-PSoC4200-GearBest.a(CyLib.o)
 .debug_frame   0x0000084c       0x60 .\CortexM0\ARM_GCC_493\Release\DualStepperController-PSoC4200-GearBest.a(Clock_PWM_MAIN.o)
 .debug_frame   0x000008ac      0x128 .\CortexM0\ARM_GCC_493\Release\DualStepperController-PSoC4200-GearBest.a(INTERNAL_STEP.o)
 .debug_frame   0x000009d4      0x384 .\CortexM0\ARM_GCC_493\Release\DualStepperController-PSoC4200-GearBest.a(TCPWM_2.o)
 .debug_frame   0x00000d58      0x384 .\CortexM0\ARM_GCC_493\Release\DualStepperController-PSoC4200-GearBest.a(TCPWM_1.o)
 .debug_frame   0x000010dc      0x384 .\CortexM0\ARM_GCC_493\Release\DualStepperController-PSoC4200-GearBest.a(TCPWM_4.o)
 .debug_frame   0x00001460      0x384 .\CortexM0\ARM_GCC_493\Release\DualStepperController-PSoC4200-GearBest.a(TCPWM_3.o)
 .debug_frame   0x000017e4       0x70 .\CortexM0\ARM_GCC_493\Release\DualStepperController-PSoC4200-GearBest.a(INTERNAL_STEP_OUT_1.o)
 .debug_frame   0x00001854       0xec .\CortexM0\ARM_GCC_493\Release\DualStepperController-PSoC4200-GearBest.a(INTERNAL_STEP_1.o)
 .debug_frame   0x00001940       0x60 .\CortexM0\ARM_GCC_493\Release\DualStepperController-PSoC4200-GearBest.a(Clock_PWM_MAIN_1.o)
 .debug_frame   0x000019a0       0x30 .\CortexM0\ARM_GCC_493\Release\DualStepperController-PSoC4200-GearBest.a(DIR_REG_1.o)
 .debug_frame   0x000019d0       0x70 .\CortexM0\ARM_GCC_493\Release\DualStepperController-PSoC4200-GearBest.a(STEP_INPUT_1.o)
 .debug_frame   0x00001a40       0x70 .\CortexM0\ARM_GCC_493\Release\DualStepperController-PSoC4200-GearBest.a(DIR_INPUT_1.o)
 .debug_frame   0x00001ab0       0x70 .\CortexM0\ARM_GCC_493\Release\DualStepperController-PSoC4200-GearBest.a(STEP_INPUT_SOURCE_1.o)
 .debug_frame   0x00001b20       0x70 .\CortexM0\ARM_GCC_493\Release\DualStepperController-PSoC4200-GearBest.a(DIR_INPUT_SOURCE_1.o)
 .debug_frame   0x00001b90       0x70 .\CortexM0\ARM_GCC_493\Release\DualStepperController-PSoC4200-GearBest.a(STATUS_LED_2.o)
 .debug_frame   0x00001c00       0x70 .\CortexM0\ARM_GCC_493\Release\DualStepperController-PSoC4200-GearBest.a(STATUS_LED_1.o)
 .debug_frame   0x00001c70       0x70 .\CortexM0\ARM_GCC_493\Release\DualStepperController-PSoC4200-GearBest.a(Pin_Sw.o)
 .debug_frame   0x00001ce0      0x104 .\CortexM0\ARM_GCC_493\Release\DualStepperController-PSoC4200-GearBest.a(isr_GPIO.o)
 .debug_frame   0x00001de4       0x20 c:/program files/cypress/psoc creator/4.0/psoc creator/import/gnu/arm/4.9.3/bin/../lib/gcc/arm-none-eabi/4.9.3/armv6-m\libgcc.a(_udivsi3.o)
 .debug_frame   0x00001e04       0x20 c:/program files/cypress/psoc creator/4.0/psoc creator/import/gnu/arm/4.9.3/bin/../lib/gcc/arm-none-eabi/4.9.3/../../../../arm-none-eabi/lib/armv6-m\libg_nano.a(lib_a-errno.o)
 .debug_frame   0x00001e24       0x28 c:/program files/cypress/psoc creator/4.0/psoc creator/import/gnu/arm/4.9.3/bin/../lib/gcc/arm-none-eabi/4.9.3/../../../../arm-none-eabi/lib/armv6-m\libg_nano.a(lib_a-exit.o)
 .debug_frame   0x00001e4c       0x2c c:/program files/cypress/psoc creator/4.0/psoc creator/import/gnu/arm/4.9.3/bin/../lib/gcc/arm-none-eabi/4.9.3/../../../../arm-none-eabi/lib/armv6-m\libg_nano.a(lib_a-init.o)
 .debug_frame   0x00001e78       0x20 c:/program files/cypress/psoc creator/4.0/psoc creator/import/gnu/arm/4.9.3/bin/../lib/gcc/arm-none-eabi/4.9.3/../../../../arm-none-eabi/lib/armv6-m\libg_nano.a(lib_a-memset.o)

.debug_str      0x00000000     0x2aff
 *(.debug_str)
 .debug_str     0x00000000      0x3b3 .\CortexM0\ARM_GCC_493\Release\main.o
                                0x413 (size before relaxing)
 .debug_str     0x000003b3       0x27 .\CortexM0\ARM_GCC_493\Release\genSine.o
                                0x1f1 (size before relaxing)
 .debug_str     0x000003da       0xdc .\CortexM0\ARM_GCC_493\Release\inputScan.o
                                0x2e0 (size before relaxing)
 .debug_str     0x000004b6       0x72 .\CortexM0\ARM_GCC_493\Release\Move.o
                                0x2db (size before relaxing)
 .debug_str     0x00000528       0x3a .\CortexM0\ARM_GCC_493\Release\PhaseControl.o
                                0x24b (size before relaxing)
 .debug_str     0x00000562       0xf7 .\CortexM0\ARM_GCC_493\Release\systemInit.o
                                0x3cc (size before relaxing)
 .debug_str     0x00000659      0x163 .\CortexM0\ARM_GCC_493\Release\Cm0Start.o
                                0x33a (size before relaxing)
 .debug_str     0x000007bc       0x78 .\CortexM0\ARM_GCC_493\Release\cybootloader.o
                                0x223 (size before relaxing)
 .debug_str     0x00000834       0x35 .\CortexM0\ARM_GCC_493\Release\cymetadata.o
                                0x1e0 (size before relaxing)
 .debug_str     0x00000869       0xef .\CortexM0\ARM_GCC_493\Release\DualStepperController-PSoC4200-GearBest.a(cyfitter_cfg.o)
                                0x2eb (size before relaxing)
 .debug_str     0x00000958       0xe4 .\CortexM0\ARM_GCC_493\Release\DualStepperController-PSoC4200-GearBest.a(INTERNAL_STEP_OUT.o)
                                0x2c0 (size before relaxing)
 .debug_str     0x00000a3c       0x9a .\CortexM0\ARM_GCC_493\Release\DualStepperController-PSoC4200-GearBest.a(STEP_INPUT.o)
                                0x28f (size before relaxing)
 .debug_str     0x00000ad6       0x94 .\CortexM0\ARM_GCC_493\Release\DualStepperController-PSoC4200-GearBest.a(DIR_INPUT.o)
                                0x288 (size before relaxing)
 .debug_str     0x00000b6a       0xc4 .\CortexM0\ARM_GCC_493\Release\DualStepperController-PSoC4200-GearBest.a(STEP_INPUT_SOURCE.o)
                                0x2c0 (size before relaxing)
 .debug_str     0x00000c2e       0xbe .\CortexM0\ARM_GCC_493\Release\DualStepperController-PSoC4200-GearBest.a(DIR_INPUT_SOURCE.o)
                                0x2b9 (size before relaxing)
 .debug_str     0x00000cec       0x36 .\CortexM0\ARM_GCC_493\Release\DualStepperController-PSoC4200-GearBest.a(DIR_REG.o)
                                0x1eb (size before relaxing)
 .debug_str     0x00000d22      0x4d4 .\CortexM0\ARM_GCC_493\Release\DualStepperController-PSoC4200-GearBest.a(CyLib.o)
                                0x6ee (size before relaxing)
 .debug_str     0x000011f6       0xde .\CortexM0\ARM_GCC_493\Release\DualStepperController-PSoC4200-GearBest.a(Clock_PWM_MAIN.o)
                                0x2a9 (size before relaxing)
 .debug_str     0x000012d4      0x1e5 .\CortexM0\ARM_GCC_493\Release\DualStepperController-PSoC4200-GearBest.a(INTERNAL_STEP.o)
                                0x420 (size before relaxing)
 .debug_str     0x000014b9      0x3f1 .\CortexM0\ARM_GCC_493\Release\DualStepperController-PSoC4200-GearBest.a(TCPWM_2.o)
                                0x62f (size before relaxing)
 .debug_str     0x000018aa      0x341 .\CortexM0\ARM_GCC_493\Release\DualStepperController-PSoC4200-GearBest.a(TCPWM_1.o)
                                0x62f (size before relaxing)
 .debug_str     0x00001beb      0x341 .\CortexM0\ARM_GCC_493\Release\DualStepperController-PSoC4200-GearBest.a(TCPWM_4.o)
                                0x62f (size before relaxing)
 .debug_str     0x00001f2c      0x341 .\CortexM0\ARM_GCC_493\Release\DualStepperController-PSoC4200-GearBest.a(TCPWM_3.o)
                                0x62f (size before relaxing)
 .debug_str     0x0000226d       0xd0 .\CortexM0\ARM_GCC_493\Release\DualStepperController-PSoC4200-GearBest.a(INTERNAL_STEP_OUT_1.o)
                                0x2ce (size before relaxing)
 .debug_str     0x0000233d      0x157 .\CortexM0\ARM_GCC_493\Release\DualStepperController-PSoC4200-GearBest.a(INTERNAL_STEP_1.o)
                                0x38e (size before relaxing)
 .debug_str     0x00002494       0xc0 .\CortexM0\ARM_GCC_493\Release\DualStepperController-PSoC4200-GearBest.a(Clock_PWM_MAIN_1.o)
                                0x2b5 (size before relaxing)
 .debug_str     0x00002554       0x32 .\CortexM0\ARM_GCC_493\Release\DualStepperController-PSoC4200-GearBest.a(DIR_REG_1.o)
                                0x1f1 (size before relaxing)
 .debug_str     0x00002586       0xa6 .\CortexM0\ARM_GCC_493\Release\DualStepperController-PSoC4200-GearBest.a(STEP_INPUT_1.o)
                                0x29d (size before relaxing)
 .debug_str     0x0000262c       0xa0 .\CortexM0\ARM_GCC_493\Release\DualStepperController-PSoC4200-GearBest.a(DIR_INPUT_1.o)
                                0x296 (size before relaxing)
 .debug_str     0x000026cc       0xd0 .\CortexM0\ARM_GCC_493\Release\DualStepperController-PSoC4200-GearBest.a(STEP_INPUT_SOURCE_1.o)
                                0x2ce (size before relaxing)
 .debug_str     0x0000279c       0xca .\CortexM0\ARM_GCC_493\Release\DualStepperController-PSoC4200-GearBest.a(DIR_INPUT_SOURCE_1.o)
                                0x2c7 (size before relaxing)
 .debug_str     0x00002866       0xa5 .\CortexM0\ARM_GCC_493\Release\DualStepperController-PSoC4200-GearBest.a(STATUS_LED_2.o)
                                0x29d (size before relaxing)
 .debug_str     0x0000290b       0xa5 .\CortexM0\ARM_GCC_493\Release\DualStepperController-PSoC4200-GearBest.a(STATUS_LED_1.o)
                                0x29d (size before relaxing)
 .debug_str     0x000029b0       0x6c .\CortexM0\ARM_GCC_493\Release\DualStepperController-PSoC4200-GearBest.a(Pin_Sw.o)
                                0x273 (size before relaxing)
 .debug_str     0x00002a1c       0xe3 .\CortexM0\ARM_GCC_493\Release\DualStepperController-PSoC4200-GearBest.a(isr_GPIO.o)
                                0x33e (size before relaxing)

.debug_loc      0x00000000     0x27f2
 *(.debug_loc)
 .debug_loc     0x00000000       0x59 .\CortexM0\ARM_GCC_493\Release\main.o
 .debug_loc     0x00000059       0x34 .\CortexM0\ARM_GCC_493\Release\genSine.o
 .debug_loc     0x0000008d       0x3a .\CortexM0\ARM_GCC_493\Release\inputScan.o
 .debug_loc     0x000000c7       0x3a .\CortexM0\ARM_GCC_493\Release\Move.o
 .debug_loc     0x00000101       0x95 .\CortexM0\ARM_GCC_493\Release\PhaseControl.o
 .debug_loc     0x00000196      0x1e9 .\CortexM0\ARM_GCC_493\Release\Cm0Start.o
 .debug_loc     0x0000037f       0xfc .\CortexM0\ARM_GCC_493\Release\DualStepperController-PSoC4200-GearBest.a(cyfitter_cfg.o)
 .debug_loc     0x0000047b       0xa1 .\CortexM0\ARM_GCC_493\Release\DualStepperController-PSoC4200-GearBest.a(INTERNAL_STEP_OUT.o)
 .debug_loc     0x0000051c       0xa1 .\CortexM0\ARM_GCC_493\Release\DualStepperController-PSoC4200-GearBest.a(STEP_INPUT.o)
 .debug_loc     0x000005bd       0xa1 .\CortexM0\ARM_GCC_493\Release\DualStepperController-PSoC4200-GearBest.a(DIR_INPUT.o)
 .debug_loc     0x0000065e       0xa1 .\CortexM0\ARM_GCC_493\Release\DualStepperController-PSoC4200-GearBest.a(STEP_INPUT_SOURCE.o)
 .debug_loc     0x000006ff       0xa1 .\CortexM0\ARM_GCC_493\Release\DualStepperController-PSoC4200-GearBest.a(DIR_INPUT_SOURCE.o)
 .debug_loc     0x000007a0      0x538 .\CortexM0\ARM_GCC_493\Release\DualStepperController-PSoC4200-GearBest.a(CyLib.o)
 .debug_loc     0x00000cd8       0x3b .\CortexM0\ARM_GCC_493\Release\DualStepperController-PSoC4200-GearBest.a(Clock_PWM_MAIN.o)
 .debug_loc     0x00000d13       0x2b .\CortexM0\ARM_GCC_493\Release\DualStepperController-PSoC4200-GearBest.a(INTERNAL_STEP.o)
 .debug_loc     0x00000d3e      0x53c .\CortexM0\ARM_GCC_493\Release\DualStepperController-PSoC4200-GearBest.a(TCPWM_2.o)
 .debug_loc     0x0000127a      0x53c .\CortexM0\ARM_GCC_493\Release\DualStepperController-PSoC4200-GearBest.a(TCPWM_1.o)
 .debug_loc     0x000017b6      0x53c .\CortexM0\ARM_GCC_493\Release\DualStepperController-PSoC4200-GearBest.a(TCPWM_4.o)
 .debug_loc     0x00001cf2      0x53c .\CortexM0\ARM_GCC_493\Release\DualStepperController-PSoC4200-GearBest.a(TCPWM_3.o)
 .debug_loc     0x0000222e       0xa1 .\CortexM0\ARM_GCC_493\Release\DualStepperController-PSoC4200-GearBest.a(INTERNAL_STEP_OUT_1.o)
 .debug_loc     0x000022cf       0x18 .\CortexM0\ARM_GCC_493\Release\DualStepperController-PSoC4200-GearBest.a(INTERNAL_STEP_1.o)
 .debug_loc     0x000022e7       0x3b .\CortexM0\ARM_GCC_493\Release\DualStepperController-PSoC4200-GearBest.a(Clock_PWM_MAIN_1.o)
 .debug_loc     0x00002322       0xa1 .\CortexM0\ARM_GCC_493\Release\DualStepperController-PSoC4200-GearBest.a(STEP_INPUT_1.o)
 .debug_loc     0x000023c3       0xa1 .\CortexM0\ARM_GCC_493\Release\DualStepperController-PSoC4200-GearBest.a(DIR_INPUT_1.o)
 .debug_loc     0x00002464       0xa1 .\CortexM0\ARM_GCC_493\Release\DualStepperController-PSoC4200-GearBest.a(STEP_INPUT_SOURCE_1.o)
 .debug_loc     0x00002505       0xa1 .\CortexM0\ARM_GCC_493\Release\DualStepperController-PSoC4200-GearBest.a(DIR_INPUT_SOURCE_1.o)
 .debug_loc     0x000025a6       0xa1 .\CortexM0\ARM_GCC_493\Release\DualStepperController-PSoC4200-GearBest.a(STATUS_LED_2.o)
 .debug_loc     0x00002647       0xa1 .\CortexM0\ARM_GCC_493\Release\DualStepperController-PSoC4200-GearBest.a(STATUS_LED_1.o)
 .debug_loc     0x000026e8       0x5f .\CortexM0\ARM_GCC_493\Release\DualStepperController-PSoC4200-GearBest.a(Pin_Sw.o)
 .debug_loc     0x00002747       0xab .\CortexM0\ARM_GCC_493\Release\DualStepperController-PSoC4200-GearBest.a(isr_GPIO.o)

.debug_macinfo
 *(.debug_macinfo)

.debug_ranges   0x00000000      0xdb8
 *(.debug_ranges)
 .debug_ranges  0x00000000       0x18 .\CortexM0\ARM_GCC_493\Release\main.o
 .debug_ranges  0x00000018       0x10 .\CortexM0\ARM_GCC_493\Release\genSine.o
 .debug_ranges  0x00000028       0x10 .\CortexM0\ARM_GCC_493\Release\inputScan.o
 .debug_ranges  0x00000038       0x10 .\CortexM0\ARM_GCC_493\Release\Move.o
 .debug_ranges  0x00000048       0x18 .\CortexM0\ARM_GCC_493\Release\PhaseControl.o
 .debug_ranges  0x00000060       0x10 .\CortexM0\ARM_GCC_493\Release\systemInit.o
 .debug_ranges  0x00000070       0x38 .\CortexM0\ARM_GCC_493\Release\Cm0Start.o
 .debug_ranges  0x000000a8       0x48 .\CortexM0\ARM_GCC_493\Release\DualStepperController-PSoC4200-GearBest.a(cyfitter_cfg.o)
 .debug_ranges  0x000000f0       0x38 .\CortexM0\ARM_GCC_493\Release\DualStepperController-PSoC4200-GearBest.a(INTERNAL_STEP_OUT.o)
 .debug_ranges  0x00000128       0x38 .\CortexM0\ARM_GCC_493\Release\DualStepperController-PSoC4200-GearBest.a(STEP_INPUT.o)
 .debug_ranges  0x00000160       0x38 .\CortexM0\ARM_GCC_493\Release\DualStepperController-PSoC4200-GearBest.a(DIR_INPUT.o)
 .debug_ranges  0x00000198       0x38 .\CortexM0\ARM_GCC_493\Release\DualStepperController-PSoC4200-GearBest.a(STEP_INPUT_SOURCE.o)
 .debug_ranges  0x000001d0       0x38 .\CortexM0\ARM_GCC_493\Release\DualStepperController-PSoC4200-GearBest.a(DIR_INPUT_SOURCE.o)
 .debug_ranges  0x00000208       0x18 .\CortexM0\ARM_GCC_493\Release\DualStepperController-PSoC4200-GearBest.a(DIR_REG.o)
 .debug_ranges  0x00000220      0x1e0 .\CortexM0\ARM_GCC_493\Release\DualStepperController-PSoC4200-GearBest.a(CyLib.o)
 .debug_ranges  0x00000400       0x30 .\CortexM0\ARM_GCC_493\Release\DualStepperController-PSoC4200-GearBest.a(Clock_PWM_MAIN.o)
 .debug_ranges  0x00000430       0xa0 .\CortexM0\ARM_GCC_493\Release\DualStepperController-PSoC4200-GearBest.a(INTERNAL_STEP.o)
 .debug_ranges  0x000004d0      0x160 .\CortexM0\ARM_GCC_493\Release\DualStepperController-PSoC4200-GearBest.a(TCPWM_2.o)
 .debug_ranges  0x00000630      0x160 .\CortexM0\ARM_GCC_493\Release\DualStepperController-PSoC4200-GearBest.a(TCPWM_1.o)
 .debug_ranges  0x00000790      0x160 .\CortexM0\ARM_GCC_493\Release\DualStepperController-PSoC4200-GearBest.a(TCPWM_4.o)
 .debug_ranges  0x000008f0      0x160 .\CortexM0\ARM_GCC_493\Release\DualStepperController-PSoC4200-GearBest.a(TCPWM_3.o)
 .debug_ranges  0x00000a50       0x38 .\CortexM0\ARM_GCC_493\Release\DualStepperController-PSoC4200-GearBest.a(INTERNAL_STEP_OUT_1.o)
 .debug_ranges  0x00000a88       0x70 .\CortexM0\ARM_GCC_493\Release\DualStepperController-PSoC4200-GearBest.a(INTERNAL_STEP_1.o)
 .debug_ranges  0x00000af8       0x30 .\CortexM0\ARM_GCC_493\Release\DualStepperController-PSoC4200-GearBest.a(Clock_PWM_MAIN_1.o)
 .debug_ranges  0x00000b28       0x18 .\CortexM0\ARM_GCC_493\Release\DualStepperController-PSoC4200-GearBest.a(DIR_REG_1.o)
 .debug_ranges  0x00000b40       0x38 .\CortexM0\ARM_GCC_493\Release\DualStepperController-PSoC4200-GearBest.a(STEP_INPUT_1.o)
 .debug_ranges  0x00000b78       0x38 .\CortexM0\ARM_GCC_493\Release\DualStepperController-PSoC4200-GearBest.a(DIR_INPUT_1.o)
 .debug_ranges  0x00000bb0       0x38 .\CortexM0\ARM_GCC_493\Release\DualStepperController-PSoC4200-GearBest.a(STEP_INPUT_SOURCE_1.o)
 .debug_ranges  0x00000be8       0x38 .\CortexM0\ARM_GCC_493\Release\DualStepperController-PSoC4200-GearBest.a(DIR_INPUT_SOURCE_1.o)
 .debug_ranges  0x00000c20       0x38 .\CortexM0\ARM_GCC_493\Release\DualStepperController-PSoC4200-GearBest.a(STATUS_LED_2.o)
 .debug_ranges  0x00000c58       0x38 .\CortexM0\ARM_GCC_493\Release\DualStepperController-PSoC4200-GearBest.a(STATUS_LED_1.o)
 .debug_ranges  0x00000c90       0x38 .\CortexM0\ARM_GCC_493\Release\DualStepperController-PSoC4200-GearBest.a(Pin_Sw.o)
 .debug_ranges  0x00000cc8       0xf0 .\CortexM0\ARM_GCC_493\Release\DualStepperController-PSoC4200-GearBest.a(isr_GPIO.o)

.comment        0x00000000       0x70
 .comment       0x00000000       0x70 .\CortexM0\ARM_GCC_493\Release\main.o
                                 0x71 (size before relaxing)
 .comment       0x00000000       0x71 .\CortexM0\ARM_GCC_493\Release\genSine.o
 .comment       0x00000000       0x71 .\CortexM0\ARM_GCC_493\Release\inputScan.o
 .comment       0x00000000       0x71 .\CortexM0\ARM_GCC_493\Release\Move.o
 .comment       0x00000000       0x71 .\CortexM0\ARM_GCC_493\Release\PhaseControl.o
 .comment       0x00000000       0x71 .\CortexM0\ARM_GCC_493\Release\systemInit.o
 .comment       0x00000000       0x71 .\CortexM0\ARM_GCC_493\Release\Cm0Start.o
 .comment       0x00000000       0x71 .\CortexM0\ARM_GCC_493\Release\cybootloader.o
 .comment       0x00000000       0x71 .\CortexM0\ARM_GCC_493\Release\cymetadata.o
 .comment       0x00000000       0x71 .\CortexM0\ARM_GCC_493\Release\DualStepperController-PSoC4200-GearBest.a(cyfitter_cfg.o)
 .comment       0x00000000       0x71 .\CortexM0\ARM_GCC_493\Release\DualStepperController-PSoC4200-GearBest.a(INTERNAL_STEP_OUT.o)
 .comment       0x00000000       0x71 .\CortexM0\ARM_GCC_493\Release\DualStepperController-PSoC4200-GearBest.a(STEP_INPUT.o)
 .comment       0x00000000       0x71 .\CortexM0\ARM_GCC_493\Release\DualStepperController-PSoC4200-GearBest.a(DIR_INPUT.o)
 .comment       0x00000000       0x71 .\CortexM0\ARM_GCC_493\Release\DualStepperController-PSoC4200-GearBest.a(STEP_INPUT_SOURCE.o)
 .comment       0x00000000       0x71 .\CortexM0\ARM_GCC_493\Release\DualStepperController-PSoC4200-GearBest.a(DIR_INPUT_SOURCE.o)
 .comment       0x00000000       0x71 .\CortexM0\ARM_GCC_493\Release\DualStepperController-PSoC4200-GearBest.a(DIR_REG.o)
 .comment       0x00000000       0x71 .\CortexM0\ARM_GCC_493\Release\DualStepperController-PSoC4200-GearBest.a(CyLib.o)
 .comment       0x00000000       0x71 .\CortexM0\ARM_GCC_493\Release\DualStepperController-PSoC4200-GearBest.a(Clock_PWM_MAIN.o)
 .comment       0x00000000       0x71 .\CortexM0\ARM_GCC_493\Release\DualStepperController-PSoC4200-GearBest.a(INTERNAL_STEP.o)
 .comment       0x00000000       0x71 .\CortexM0\ARM_GCC_493\Release\DualStepperController-PSoC4200-GearBest.a(TCPWM_2.o)
 .comment       0x00000000       0x71 .\CortexM0\ARM_GCC_493\Release\DualStepperController-PSoC4200-GearBest.a(TCPWM_1.o)
 .comment       0x00000000       0x71 .\CortexM0\ARM_GCC_493\Release\DualStepperController-PSoC4200-GearBest.a(TCPWM_4.o)
 .comment       0x00000000       0x71 .\CortexM0\ARM_GCC_493\Release\DualStepperController-PSoC4200-GearBest.a(TCPWM_3.o)
 .comment       0x00000000       0x71 .\CortexM0\ARM_GCC_493\Release\DualStepperController-PSoC4200-GearBest.a(INTERNAL_STEP_OUT_1.o)
 .comment       0x00000000       0x71 .\CortexM0\ARM_GCC_493\Release\DualStepperController-PSoC4200-GearBest.a(INTERNAL_STEP_1.o)
 .comment       0x00000000       0x71 .\CortexM0\ARM_GCC_493\Release\DualStepperController-PSoC4200-GearBest.a(Clock_PWM_MAIN_1.o)
 .comment       0x00000000       0x71 .\CortexM0\ARM_GCC_493\Release\DualStepperController-PSoC4200-GearBest.a(DIR_REG_1.o)
 .comment       0x00000000       0x71 .\CortexM0\ARM_GCC_493\Release\DualStepperController-PSoC4200-GearBest.a(STEP_INPUT_1.o)
 .comment       0x00000000       0x71 .\CortexM0\ARM_GCC_493\Release\DualStepperController-PSoC4200-GearBest.a(DIR_INPUT_1.o)
 .comment       0x00000000       0x71 .\CortexM0\ARM_GCC_493\Release\DualStepperController-PSoC4200-GearBest.a(STEP_INPUT_SOURCE_1.o)
 .comment       0x00000000       0x71 .\CortexM0\ARM_GCC_493\Release\DualStepperController-PSoC4200-GearBest.a(DIR_INPUT_SOURCE_1.o)
 .comment       0x00000000       0x71 .\CortexM0\ARM_GCC_493\Release\DualStepperController-PSoC4200-GearBest.a(STATUS_LED_2.o)
 .comment       0x00000000       0x71 .\CortexM0\ARM_GCC_493\Release\DualStepperController-PSoC4200-GearBest.a(STATUS_LED_1.o)
 .comment       0x00000000       0x71 .\CortexM0\ARM_GCC_493\Release\DualStepperController-PSoC4200-GearBest.a(Pin_Sw.o)
 .comment       0x00000000       0x71 .\CortexM0\ARM_GCC_493\Release\DualStepperController-PSoC4200-GearBest.a(isr_GPIO.o)

.debug_weaknames
 *(.debug_weaknames)

.debug_funcnames
 *(.debug_funcnames)

.debug_typenames
 *(.debug_typenames)

.debug_varnames
 *(.debug_varnames)

.note.gnu.arm.ident
 *(.note.gnu.arm.ident)

.ARM.attributes
                0x00000000       0x28
 *(.ARM.attributes)
 .ARM.attributes
                0x00000000       0x1e c:/program files/cypress/psoc creator/4.0/psoc creator/import/gnu/arm/4.9.3/bin/../lib/gcc/arm-none-eabi/4.9.3/armv6-m/crti.o
 .ARM.attributes
                0x0000001e       0x2c c:/program files/cypress/psoc creator/4.0/psoc creator/import/gnu/arm/4.9.3/bin/../lib/gcc/arm-none-eabi/4.9.3/armv6-m/crtbegin.o
 .ARM.attributes
                0x0000004a       0x1b c:/program files/cypress/psoc creator/4.0/psoc creator/import/gnu/arm/4.9.3/bin/../lib/gcc/arm-none-eabi/4.9.3/../../../../arm-none-eabi/lib/armv6-m/crt0.o
 .ARM.attributes
                0x00000065       0x31 .\CortexM0\ARM_GCC_493\Release\main.o
 .ARM.attributes
                0x00000096       0x31 .\CortexM0\ARM_GCC_493\Release\genSine.o
 .ARM.attributes
                0x000000c7       0x31 .\CortexM0\ARM_GCC_493\Release\inputScan.o
 .ARM.attributes
                0x000000f8       0x31 .\CortexM0\ARM_GCC_493\Release\Move.o
 .ARM.attributes
                0x00000129       0x31 .\CortexM0\ARM_GCC_493\Release\PhaseControl.o
 .ARM.attributes
                0x0000015a       0x31 .\CortexM0\ARM_GCC_493\Release\systemInit.o
 .ARM.attributes
                0x0000018b       0x31 .\CortexM0\ARM_GCC_493\Release\Cm0Start.o
 .ARM.attributes
                0x000001bc       0x31 .\CortexM0\ARM_GCC_493\Release\cybootloader.o
 .ARM.attributes
                0x000001ed       0x31 .\CortexM0\ARM_GCC_493\Release\cymetadata.o
 .ARM.attributes
                0x0000021e       0x31 .\CortexM0\ARM_GCC_493\Release\DualStepperController-PSoC4200-GearBest.a(cyfitter_cfg.o)
 .ARM.attributes
                0x0000024f       0x31 .\CortexM0\ARM_GCC_493\Release\DualStepperController-PSoC4200-GearBest.a(INTERNAL_STEP_OUT.o)
 .ARM.attributes
                0x00000280       0x31 .\CortexM0\ARM_GCC_493\Release\DualStepperController-PSoC4200-GearBest.a(STEP_INPUT.o)
 .ARM.attributes
                0x000002b1       0x31 .\CortexM0\ARM_GCC_493\Release\DualStepperController-PSoC4200-GearBest.a(DIR_INPUT.o)
 .ARM.attributes
                0x000002e2       0x31 .\CortexM0\ARM_GCC_493\Release\DualStepperController-PSoC4200-GearBest.a(STEP_INPUT_SOURCE.o)
 .ARM.attributes
                0x00000313       0x31 .\CortexM0\ARM_GCC_493\Release\DualStepperController-PSoC4200-GearBest.a(DIR_INPUT_SOURCE.o)
 .ARM.attributes
                0x00000344       0x31 .\CortexM0\ARM_GCC_493\Release\DualStepperController-PSoC4200-GearBest.a(DIR_REG.o)
 .ARM.attributes
                0x00000375       0x31 .\CortexM0\ARM_GCC_493\Release\DualStepperController-PSoC4200-GearBest.a(CyLib.o)
 .ARM.attributes
                0x000003a6       0x31 .\CortexM0\ARM_GCC_493\Release\DualStepperController-PSoC4200-GearBest.a(Clock_PWM_MAIN.o)
 .ARM.attributes
                0x000003d7       0x31 .\CortexM0\ARM_GCC_493\Release\DualStepperController-PSoC4200-GearBest.a(INTERNAL_STEP.o)
 .ARM.attributes
                0x00000408       0x31 .\CortexM0\ARM_GCC_493\Release\DualStepperController-PSoC4200-GearBest.a(TCPWM_2.o)
 .ARM.attributes
                0x00000439       0x31 .\CortexM0\ARM_GCC_493\Release\DualStepperController-PSoC4200-GearBest.a(TCPWM_1.o)
 .ARM.attributes
                0x0000046a       0x31 .\CortexM0\ARM_GCC_493\Release\DualStepperController-PSoC4200-GearBest.a(TCPWM_4.o)
 .ARM.attributes
                0x0000049b       0x31 .\CortexM0\ARM_GCC_493\Release\DualStepperController-PSoC4200-GearBest.a(TCPWM_3.o)
 .ARM.attributes
                0x000004cc       0x31 .\CortexM0\ARM_GCC_493\Release\DualStepperController-PSoC4200-GearBest.a(INTERNAL_STEP_OUT_1.o)
 .ARM.attributes
                0x000004fd       0x31 .\CortexM0\ARM_GCC_493\Release\DualStepperController-PSoC4200-GearBest.a(INTERNAL_STEP_1.o)
 .ARM.attributes
                0x0000052e       0x31 .\CortexM0\ARM_GCC_493\Release\DualStepperController-PSoC4200-GearBest.a(Clock_PWM_MAIN_1.o)
 .ARM.attributes
                0x0000055f       0x31 .\CortexM0\ARM_GCC_493\Release\DualStepperController-PSoC4200-GearBest.a(DIR_REG_1.o)
 .ARM.attributes
                0x00000590       0x31 .\CortexM0\ARM_GCC_493\Release\DualStepperController-PSoC4200-GearBest.a(STEP_INPUT_1.o)
 .ARM.attributes
                0x000005c1       0x31 .\CortexM0\ARM_GCC_493\Release\DualStepperController-PSoC4200-GearBest.a(DIR_INPUT_1.o)
 .ARM.attributes
                0x000005f2       0x31 .\CortexM0\ARM_GCC_493\Release\DualStepperController-PSoC4200-GearBest.a(STEP_INPUT_SOURCE_1.o)
 .ARM.attributes
                0x00000623       0x31 .\CortexM0\ARM_GCC_493\Release\DualStepperController-PSoC4200-GearBest.a(DIR_INPUT_SOURCE_1.o)
 .ARM.attributes
                0x00000654       0x31 .\CortexM0\ARM_GCC_493\Release\DualStepperController-PSoC4200-GearBest.a(STATUS_LED_2.o)
 .ARM.attributes
                0x00000685       0x31 .\CortexM0\ARM_GCC_493\Release\DualStepperController-PSoC4200-GearBest.a(STATUS_LED_1.o)
 .ARM.attributes
                0x000006b6       0x31 .\CortexM0\ARM_GCC_493\Release\DualStepperController-PSoC4200-GearBest.a(Pin_Sw.o)
 .ARM.attributes
                0x000006e7       0x31 .\CortexM0\ARM_GCC_493\Release\DualStepperController-PSoC4200-GearBest.a(isr_GPIO.o)
 .ARM.attributes
                0x00000718       0x21 .\CortexM0\ARM_GCC_493\Release\DualStepperController-PSoC4200-GearBest.a(CyBootAsmGnu.o)
 .ARM.attributes
                0x00000739       0x1e c:/program files/cypress/psoc creator/4.0/psoc creator/import/gnu/arm/4.9.3/bin/../lib/gcc/arm-none-eabi/4.9.3/armv6-m\libgcc.a(_thumb1_case_uqi.o)
 .ARM.attributes
                0x00000757       0x1e c:/program files/cypress/psoc creator/4.0/psoc creator/import/gnu/arm/4.9.3/bin/../lib/gcc/arm-none-eabi/4.9.3/armv6-m\libgcc.a(_udivsi3.o)
 .ARM.attributes
                0x00000775       0x1e c:/program files/cypress/psoc creator/4.0/psoc creator/import/gnu/arm/4.9.3/bin/../lib/gcc/arm-none-eabi/4.9.3/armv6-m\libgcc.a(_dvmd_tls.o)
 .ARM.attributes
                0x00000793       0x2c c:/program files/cypress/psoc creator/4.0/psoc creator/import/gnu/arm/4.9.3/bin/../lib/gcc/arm-none-eabi/4.9.3/../../../../arm-none-eabi/lib/armv6-m\libg_nano.a(lib_a-errno.o)
 .ARM.attributes
                0x000007bf       0x2c c:/program files/cypress/psoc creator/4.0/psoc creator/import/gnu/arm/4.9.3/bin/../lib/gcc/arm-none-eabi/4.9.3/../../../../arm-none-eabi/lib/armv6-m\libg_nano.a(lib_a-exit.o)
 .ARM.attributes
                0x000007eb       0x2c c:/program files/cypress/psoc creator/4.0/psoc creator/import/gnu/arm/4.9.3/bin/../lib/gcc/arm-none-eabi/4.9.3/../../../../arm-none-eabi/lib/armv6-m\libg_nano.a(lib_a-impure.o)
 .ARM.attributes
                0x00000817       0x2c c:/program files/cypress/psoc creator/4.0/psoc creator/import/gnu/arm/4.9.3/bin/../lib/gcc/arm-none-eabi/4.9.3/../../../../arm-none-eabi/lib/armv6-m\libg_nano.a(lib_a-init.o)
 .ARM.attributes
                0x00000843       0x2c c:/program files/cypress/psoc creator/4.0/psoc creator/import/gnu/arm/4.9.3/bin/../lib/gcc/arm-none-eabi/4.9.3/../../../../arm-none-eabi/lib/armv6-m\libg_nano.a(lib_a-memset.o)
 .ARM.attributes
                0x0000086f       0x2c c:/program files/cypress/psoc creator/4.0/psoc creator/import/gnu/arm/4.9.3/bin/../lib/gcc/arm-none-eabi/4.9.3/armv6-m/crtend.o
 .ARM.attributes
                0x0000089b       0x1e c:/program files/cypress/psoc creator/4.0/psoc creator/import/gnu/arm/4.9.3/bin/../lib/gcc/arm-none-eabi/4.9.3/armv6-m/crtn.o

/DISCARD/
 *(.note.GNU-stack)
OUTPUT(.\CortexM0\ARM_GCC_493\Release\DualStepperController-PSoC4200-GearBest.elf elf32-littlearm)
