Archive member included because of file (symbol)

.\CortexM0\ARM_GCC_493\Release\DualStepperController-PSoC4200-GearBest.a(cyfitter_cfg.o)
                              .\CortexM0\ARM_GCC_493\Release\Cm0Start.o (cyfitter_cfg)
.\CortexM0\ARM_GCC_493\Release\DualStepperController-PSoC4200-GearBest.a(CyLib.o)
                              .\CortexM0\ARM_GCC_493\Release\Cm0Start.o (CyHalt)
.\CortexM0\ARM_GCC_493\Release\DualStepperController-PSoC4200-GearBest.a(TCPWM_2.o)
                              .\CortexM0\ARM_GCC_493\Release\Move.o (TCPWM_2_WriteCompare)
.\CortexM0\ARM_GCC_493\Release\DualStepperController-PSoC4200-GearBest.a(TCPWM_1.o)
                              .\CortexM0\ARM_GCC_493\Release\Move.o (TCPWM_1_WriteCompare)
.\CortexM0\ARM_GCC_493\Release\DualStepperController-PSoC4200-GearBest.a(TCPWM_4.o)
                              .\CortexM0\ARM_GCC_493\Release\Move.o (TCPWM_4_WriteCompare)
.\CortexM0\ARM_GCC_493\Release\DualStepperController-PSoC4200-GearBest.a(TCPWM_3.o)
                              .\CortexM0\ARM_GCC_493\Release\Move.o (TCPWM_3_WriteCompare)
.\CortexM0\ARM_GCC_493\Release\DualStepperController-PSoC4200-GearBest.a(INTERNAL_STEP_OUT_1.o)
                              .\CortexM0\ARM_GCC_493\Release\inputScan.o (INTERNAL_STEP_OUT_1_Read)
.\CortexM0\ARM_GCC_493\Release\DualStepperController-PSoC4200-GearBest.a(INTERNAL_STEP_1.o)
                              .\CortexM0\ARM_GCC_493\Release\systemInit.o (INTERNAL_STEP_1_Start)
.\CortexM0\ARM_GCC_493\Release\DualStepperController-PSoC4200-GearBest.a(Clock_PWM_MAIN_1.o)
                              .\CortexM0\ARM_GCC_493\Release\systemInit.o (Clock_PWM_MAIN_1_Start)
.\CortexM0\ARM_GCC_493\Release\DualStepperController-PSoC4200-GearBest.a(DIR_REG_1.o)
                              .\CortexM0\ARM_GCC_493\Release\PhaseControl.o (DIR_REG_1_Write)
.\CortexM0\ARM_GCC_493\Release\DualStepperController-PSoC4200-GearBest.a(STEP_INPUT_1.o)
                              .\CortexM0\ARM_GCC_493\Release\inputScan.o (STEP_INPUT_1_Read)
.\CortexM0\ARM_GCC_493\Release\DualStepperController-PSoC4200-GearBest.a(DIR_INPUT_1.o)
                              .\CortexM0\ARM_GCC_493\Release\inputScan.o (DIR_INPUT_1_Read)
.\CortexM0\ARM_GCC_493\Release\DualStepperController-PSoC4200-GearBest.a(STEP_INPUT_SOURCE_1.o)
                              .\CortexM0\ARM_GCC_493\Release\inputScan.o (STEP_INPUT_SOURCE_1_Read)
.\CortexM0\ARM_GCC_493\Release\DualStepperController-PSoC4200-GearBest.a(DIR_INPUT_SOURCE_1.o)
                              .\CortexM0\ARM_GCC_493\Release\inputScan.o (DIR_INPUT_SOURCE_1_Read)
.\CortexM0\ARM_GCC_493\Release\DualStepperController-PSoC4200-GearBest.a(STATUS_LED_2.o)
                              .\CortexM0\ARM_GCC_493\Release\main.o (STATUS_LED_2_Write)
.\CortexM0\ARM_GCC_493\Release\DualStepperController-PSoC4200-GearBest.a(STATUS_LED_1.o)
                              .\CortexM0\ARM_GCC_493\Release\main.o (STATUS_LED_1_Write)
.\CortexM0\ARM_GCC_493\Release\DualStepperController-PSoC4200-GearBest.a(Pin_Sw.o)
                              .\CortexM0\ARM_GCC_493\Release\main.o (Pin_Sw_Read)
.\CortexM0\ARM_GCC_493\Release\DualStepperController-PSoC4200-GearBest.a(isr_GPIO.o)
                              .\CortexM0\ARM_GCC_493\Release\main.o (isr_GPIO_SetPriority)
.\CortexM0\ARM_GCC_493\Release\DualStepperController-PSoC4200-GearBest.a(INTERNAL_STEP_OUT_2.o)
                              .\CortexM0\ARM_GCC_493\Release\inputScan.o (INTERNAL_STEP_OUT_2_Read)
.\CortexM0\ARM_GCC_493\Release\DualStepperController-PSoC4200-GearBest.a(INTERNAL_STEP_2.o)
                              .\CortexM0\ARM_GCC_493\Release\systemInit.o (INTERNAL_STEP_2_Start)
.\CortexM0\ARM_GCC_493\Release\DualStepperController-PSoC4200-GearBest.a(Clock_PWM_MAIN_2.o)
                              .\CortexM0\ARM_GCC_493\Release\systemInit.o (Clock_PWM_MAIN_2_Start)
.\CortexM0\ARM_GCC_493\Release\DualStepperController-PSoC4200-GearBest.a(STEP_INPUT_2.o)
                              .\CortexM0\ARM_GCC_493\Release\inputScan.o (STEP_INPUT_2_Read)
.\CortexM0\ARM_GCC_493\Release\DualStepperController-PSoC4200-GearBest.a(DIR_INPUT_2.o)
                              .\CortexM0\ARM_GCC_493\Release\inputScan.o (DIR_INPUT_2_Read)
.\CortexM0\ARM_GCC_493\Release\DualStepperController-PSoC4200-GearBest.a(STEP_INPUT_SOURCE_2.o)
                              .\CortexM0\ARM_GCC_493\Release\inputScan.o (STEP_INPUT_SOURCE_2_Read)
.\CortexM0\ARM_GCC_493\Release\DualStepperController-PSoC4200-GearBest.a(DIR_INPUT_SOURCE_2.o)
                              .\CortexM0\ARM_GCC_493\Release\inputScan.o (DIR_INPUT_SOURCE_2_Read)
.\CortexM0\ARM_GCC_493\Release\DualStepperController-PSoC4200-GearBest.a(DIR_REG_2.o)
                              .\CortexM0\ARM_GCC_493\Release\PhaseControl.o (DIR_REG_2_Write)
.\CortexM0\ARM_GCC_493\Release\DualStepperController-PSoC4200-GearBest.a(CyBootAsmGnu.o)
[...]
Memory Configuration

Name             Origin             Length             Attributes
rom              0x00000000         0x00008000         xr
ram              0x20000000         0x00001000         xrw
*default*        0x00000000         0xffffffff

Linker script and memory map

LOAD c:/program files/cypress/psoc creator/4.0/psoc creator/import/gnu/arm/4.9.3/bin/../lib/gcc/arm-none-eabi/4.9.3/armv6-m/crti.o
LOAD c:/program files/cypress/psoc creator/4.0/psoc creator/import/gnu/arm/4.9.3/bin/../lib/gcc/arm-none-eabi/4.9.3/armv6-m/crtbegin.o
LOAD c:/program files/cypress/psoc creator/4.0/psoc creator/import/gnu/arm/4.9.3/bin/../lib/gcc/arm-none-eabi/4.9.3/../../../../arm-none-eabi/lib/armv6-m/crt0.o
START GROUP
LOAD .\CortexM0\ARM_GCC_493\Release\main.o
LOAD .\CortexM0\ARM_GCC_493\Release\genSine.o
LOAD .\CortexM0\ARM_GCC_493\Release\inputScan.o
LOAD .\CortexM0\ARM_GCC_493\Release\Move.o
LOAD .\CortexM0\ARM_GCC_493\Release\PhaseControl.o
LOAD .\CortexM0\ARM_GCC_493\Release\systemInit.o
LOAD .\CortexM0\ARM_GCC_493\Release\Cm0Start.o
LOAD .\CortexM0\ARM_GCC_493\Release\cybootloader.o
LOAD .\CortexM0\ARM_GCC_493\Release\cymetadata.o
LOAD .\CortexM0\ARM_GCC_493\Release\DualStepperController-PSoC4200-GearBest.a
LOAD C:\Program Files\Cypress\PSoC Creator\4.0\PSoC Creator\psoc\content\cycomponentlibrary\CyComponentLibrary.cylib\CortexM0\ARM_GCC_493\Release\CyComponentLibrary.a
END GROUP
START GROUP
LOAD c:/program files/cypress/psoc creator/4.0/psoc creator/import/gnu/arm/4.9.3/bin/../lib/gcc/arm-none-eabi/4.9.3/armv6-m\libgcc.a
LOAD c:/program files/cypress/psoc creator/4.0/psoc creator/import/gnu/arm/4.9.3/bin/../lib/gcc/arm-none-eabi/4.9.3/../../../../arm-none-eabi/lib/armv6-m\libg_nano.a
LOAD c:/program files/cypress/psoc creator/4.0/psoc creator/import/gnu/arm/4.9.3/bin/../lib/gcc/arm-none-eabi/4.9.3/../../../../arm-none-eabi/lib/armv6-m\libc_nano.a
END GROUP
START GROUP
LOAD c:/program files/cypress/psoc creator/4.0/psoc creator/import/gnu/arm/4.9.3/bin/../lib/gcc/arm-none-eabi/4.9.3/armv6-m\libgcc.a
LOAD c:/program files/cypress/psoc creator/4.0/psoc creator/import/gnu/arm/4.9.3/bin/../lib/gcc/arm-none-eabi/4.9.3/../../../../arm-none-eabi/lib/armv6-m\libc_nano.a
END GROUP
LOAD c:/program files/cypress/psoc creator/4.0/psoc creator/import/gnu/arm/4.9.3/bin/../lib/gcc/arm-none-eabi/4.9.3/armv6-m/crtend.o
LOAD c:/program files/cypress/psoc creator/4.0/psoc creator/import/gnu/arm/4.9.3/bin/../lib/gcc/arm-none-eabi/4.9.3/armv6-m/crtn.o
START GROUP
LOAD c:/program files/cypress/psoc creator/4.0/psoc creator/import/gnu/arm/4.9.3/bin/../lib/gcc/arm-none-eabi/4.9.3/armv6-m\libgcc.a
LOAD c:/program files/cypress/psoc creator/4.0/psoc creator/import/gnu/arm/4.9.3/bin/../lib/gcc/arm-none-eabi/4.9.3/../../../../arm-none-eabi/lib/armv6-m\libc.a
LOAD c:/program files/cypress/psoc creator/4.0/psoc creator/import/gnu/arm/4.9.3/bin/../lib/gcc/arm-none-eabi/4.9.3/../../../../arm-none-eabi/lib/armv6-m\libnosys.a
END GROUP
                0x00000000                CY_APPL_ORIGIN = 0x0
                0x00000080                CY_FLASH_ROW_SIZE = 0x80
                0x00000001                CY_APPL_NUM = 0x1
                0x00000001                CY_APPL_MAX = 0x1
                0x00000040                CY_METADATA_SIZE = 0x40
                0x00000001                CY_APPL_LOADABLE = 0x1
                0x00000000                CY_CHECKSUM_EXCLUDE_SIZE = ALIGN (0x0, CY_FLASH_ROW_SIZE)
                0x00000000                CY_APP_FOR_STACK_AND_COPIER = 0x0
                0x20000190                PROVIDE (__cy_heap_start, _end)
                0x00000001                PROVIDE (__cy_region_num, ((__cy_regions_end - __cy_regions) / 0x10))
                0x20001000                PROVIDE (__cy_stack, (ORIGIN (ram) + 0x1000))
                0x20000c00                PROVIDE (__cy_heap_end, (__cy_stack - 0x400))

.cybootloader   0x00000000     0x1100
 *(.cybootloader)
 .cybootloader  0x00000000     0x1100 .\CortexM0\ARM_GCC_493\Release\cybootloader.o
                0x00000000                cy_bootloader
                0x00001100                appl1_start = CY_APPL_ORIGIN?CY_APPL_ORIGIN:ALIGN (CY_FLASH_ROW_SIZE)
                0x00004800                appl2_start = (appl1_start + ALIGN ((((0x8000 - appl1_start) - (0x2 * CY_FLASH_ROW_SIZE)) / 0x2), CY_FLASH_ROW_SIZE))
                0x00001100                appl_start = (CY_APPL_NUM == 0x1)?appl1_start:appl2_start
                0x00000000                cy_project_type_bootloader = (appl_start == 0x0)?0x1:0x0
                0x00000000                cy_project_type_app_for_stack_and_copier = (CY_APP_FOR_STACK_AND_COPIER == 0x1)?0x1:0x0

.text           0x00001100     0x1164
 CREATE_OBJECT_SYMBOLS
                0x00001100                PROVIDE (__cy_interrupt_vector, RomVectors)
 *(.romvectors)
 .romvectors    0x00001100       0x10 .\CortexM0\ARM_GCC_493\Release\Cm0Start.o
                0x00001100                RomVectors
                0x00000001                ASSERT ((. != __cy_interrupt_vector), No interrupt vector)
                0x00000001                ASSERT (CY_APPL_ORIGIN?(SIZEOF (.cybootloader) <= CY_APPL_ORIGIN):0x1, Wrong image location)
                0x00001110                PROVIDE (__cy_reset, Reset)
 *(.text.Reset)
 .text.Reset    0x00001110       0x10 .\CortexM0\ARM_GCC_493\Release\Cm0Start.o
                0x00001110                Reset
                0x00000001                ASSERT ((. != __cy_reset), No reset code)
 *(.psocinit)
 .psocinit      0x00001120      0x228 .\CortexM0\ARM_GCC_493\Release\DualStepperController-PSoC4200-GearBest.a(cyfitter_cfg.o)
                0x00001120                cyfitter_cfg
                0x00001348                . = MAX (., 0x100)
 *(.text .text.* .gnu.linkonce.t.*)
 .text          0x00001348       0x60 c:/program files/cypress/psoc creator/4.0/psoc creator/import/gnu/arm/4.9.3/bin/../lib/gcc/arm-none-eabi/4.9.3/armv6-m/crtbegin.o
 .text.GPIOIsrHandler
                0x000013a8       0x38 .\CortexM0\ARM_GCC_493\Release\main.o
                0x000013a8                GPIOIsrHandler
 .text.startup.main
                0x000013e0      0x1f4 .\CortexM0\ARM_GCC_493\Release\main.o
                0x000013e0                main
 .text.genSine  0x000015d4       0x28 .\CortexM0\ARM_GCC_493\Release\genSine.o
                0x000015d4                genSine
 .text.inputScan
                0x000015fc       0x80 .\CortexM0\ARM_GCC_493\Release\inputScan.o
                0x000015fc                inputScan
 .text.Move     0x0000167c      0x1a4 .\CortexM0\ARM_GCC_493\Release\Move.o
                0x0000167c                Move
 .text.phaseControl
                0x00001820       0x12 .\CortexM0\ARM_GCC_493\Release\PhaseControl.o
                0x00001820                phaseControl
 *fill*         0x00001832        0x2 
 .text.phaseMove
                0x00001834       0x84 .\CortexM0\ARM_GCC_493\Release\PhaseControl.o
                0x00001834                phaseMove
 .text.systemInit
                0x000018b8      0x120 .\CortexM0\ARM_GCC_493\Release\systemInit.o
                0x000018b8                systemInit
 .text.IntDefaultHandler
                0x000019d8       0x10 .\CortexM0\ARM_GCC_493\Release\Cm0Start.o
                0x000019d8                IntDefaultHandler
 .text.Start_c  0x000019e8       0x4c .\CortexM0\ARM_GCC_493\Release\Cm0Start.o
                0x000019e8                Start_c
 .text.startup.initialize_psoc
                0x00001a34       0x50 .\CortexM0\ARM_GCC_493\Release\Cm0Start.o
                0x00001a34                initialize_psoc
 .text.CyDelay  0x00001a84       0x2c .\CortexM0\ARM_GCC_493\Release\DualStepperController-PSoC4200-GearBest.a(CyLib.o)
                0x00001a84                CyDelay
 .text.CyDelayUs
                0x00001ab0       0x14 .\CortexM0\ARM_GCC_493\Release\DualStepperController-PSoC4200-GearBest.a(CyLib.o)
                0x00001ab0                CyDelayUs
 .text.CySysClkWriteImoFreq
                0x00001ac4      0x124 .\CortexM0\ARM_GCC_493\Release\DualStepperController-PSoC4200-GearBest.a(CyLib.o)
                0x00001ac4                CySysClkWriteImoFreq
 .text.TCPWM_2_Init
                0x00001be8       0x54 .\CortexM0\ARM_GCC_493\Release\DualStepperController-PSoC4200-GearBest.a(TCPWM_2.o)
                0x00001be8                TCPWM_2_Init
 .text.TCPWM_2_WriteCompare
                0x00001c3c        0xc .\CortexM0\ARM_GCC_493\Release\DualStepperController-PSoC4200-GearBest.a(TCPWM_2.o)
                0x00001c3c                TCPWM_2_WriteCompare
 .text.TCPWM_2_TriggerCommand
                0x00001c48       0x1c .\CortexM0\ARM_GCC_493\Release\DualStepperController-PSoC4200-GearBest.a(TCPWM_2.o)
                0x00001c48                TCPWM_2_TriggerCommand
 .text.TCPWM_2_Enable
                0x00001c64       0x24 .\CortexM0\ARM_GCC_493\Release\DualStepperController-PSoC4200-GearBest.a(TCPWM_2.o)
                0x00001c64                TCPWM_2_Enable
 .text.TCPWM_2_Start
                0x00001c88       0x1c .\CortexM0\ARM_GCC_493\Release\DualStepperController-PSoC4200-GearBest.a(TCPWM_2.o)
                0x00001c88                TCPWM_2_Start
 .text.TCPWM_1_Init
                0x00001ca4       0x54 .\CortexM0\ARM_GCC_493\Release\DualStepperController-PSoC4200-GearBest.a(TCPWM_1.o)
                0x00001ca4                TCPWM_1_Init
 .text.TCPWM_1_WriteCompare
                0x00001cf8        0xc .\CortexM0\ARM_GCC_493\Release\DualStepperController-PSoC4200-GearBest.a(TCPWM_1.o)
                0x00001cf8                TCPWM_1_WriteCompare
 .text.TCPWM_1_TriggerCommand
                0x00001d04       0x1c .\CortexM0\ARM_GCC_493\Release\DualStepperController-PSoC4200-GearBest.a(TCPWM_1.o)
                0x00001d04                TCPWM_1_TriggerCommand
 .text.TCPWM_1_Enable
                0x00001d20       0x24 .\CortexM0\ARM_GCC_493\Release\DualStepperController-PSoC4200-GearBest.a(TCPWM_1.o)
                0x00001d20                TCPWM_1_Enable
 .text.TCPWM_1_Start
                0x00001d44       0x1c .\CortexM0\ARM_GCC_493\Release\DualStepperController-PSoC4200-GearBest.a(TCPWM_1.o)
                0x00001d44                TCPWM_1_Start
 .text.TCPWM_4_Init
                0x00001d60       0x54 .\CortexM0\ARM_GCC_493\Release\DualStepperController-PSoC4200-GearBest.a(TCPWM_4.o)
                0x00001d60                TCPWM_4_Init
 .text.TCPWM_4_WriteCompare
                0x00001db4        0xc .\CortexM0\ARM_GCC_493\Release\DualStepperController-PSoC4200-GearBest.a(TCPWM_4.o)
                0x00001db4                TCPWM_4_WriteCompare
 .text.TCPWM_4_TriggerCommand
                0x00001dc0       0x1c .\CortexM0\ARM_GCC_493\Release\DualStepperController-PSoC4200-GearBest.a(TCPWM_4.o)
                0x00001dc0                TCPWM_4_TriggerCommand
 .text.TCPWM_4_Enable
                0x00001ddc       0x24 .\CortexM0\ARM_GCC_493\Release\DualStepperController-PSoC4200-GearBest.a(TCPWM_4.o)
                0x00001ddc                TCPWM_4_Enable
 .text.TCPWM_4_Start
                0x00001e00       0x1c .\CortexM0\ARM_GCC_493\Release\DualStepperController-PSoC4200-GearBest.a(TCPWM_4.o)
                0x00001e00                TCPWM_4_Start
 .text.TCPWM_3_Init
                0x00001e1c       0x54 .\CortexM0\ARM_GCC_493\Release\DualStepperController-PSoC4200-GearBest.a(TCPWM_3.o)
                0x00001e1c                TCPWM_3_Init
 .text.TCPWM_3_WriteCompare
                0x00001e70        0xc .\CortexM0\ARM_GCC_493\Release\DualStepperController-PSoC4200-GearBest.a(TCPWM_3.o)
                0x00001e70                TCPWM_3_WriteCompare
 .text.TCPWM_3_TriggerCommand
                0x00001e7c       0x1c .\CortexM0\ARM_GCC_493\Release\DualStepperController-PSoC4200-GearBest.a(TCPWM_3.o)
                0x00001e7c                TCPWM_3_TriggerCommand
 .text.TCPWM_3_Enable
                0x00001e98       0x24 .\CortexM0\ARM_GCC_493\Release\DualStepperController-PSoC4200-GearBest.a(TCPWM_3.o)
                0x00001e98                TCPWM_3_Enable
 .text.TCPWM_3_Start
                0x00001ebc       0x1c .\CortexM0\ARM_GCC_493\Release\DualStepperController-PSoC4200-GearBest.a(TCPWM_3.o)
                0x00001ebc                TCPWM_3_Start
 .text.INTERNAL_STEP_OUT_1_Read
                0x00001ed8       0x10 .\CortexM0\ARM_GCC_493\Release\DualStepperController-PSoC4200-GearBest.a(INTERNAL_STEP_OUT_1.o)
                0x00001ed8                INTERNAL_STEP_OUT_1_Read
 .text.INTERNAL_STEP_1_Enable
                0x00001ee8       0x10 .\CortexM0\ARM_GCC_493\Release\DualStepperController-PSoC4200-GearBest.a(INTERNAL_STEP_1.o)
                0x00001ee8                INTERNAL_STEP_1_Enable
 .text.INTERNAL_STEP_1_ClearFIFO
                0x00001ef8       0x18 .\CortexM0\ARM_GCC_493\Release\DualStepperController-PSoC4200-GearBest.a(INTERNAL_STEP_1.o)
                0x00001ef8                INTERNAL_STEP_1_ClearFIFO
 .text.INTERNAL_STEP_1_Init
                0x00001f10       0x70 .\CortexM0\ARM_GCC_493\Release\DualStepperController-PSoC4200-GearBest.a(INTERNAL_STEP_1.o)
                0x00001f10                INTERNAL_STEP_1_Init
 .text.INTERNAL_STEP_1_Start
                0x00001f80       0x1c .\CortexM0\ARM_GCC_493\Release\DualStepperController-PSoC4200-GearBest.a(INTERNAL_STEP_1.o)
                0x00001f80                INTERNAL_STEP_1_Start
 .text.INTERNAL_STEP_1_WritePeriod
                0x00001f9c        0xc .\CortexM0\ARM_GCC_493\Release\DualStepperController-PSoC4200-GearBest.a(INTERNAL_STEP_1.o)
                0x00001f9c                INTERNAL_STEP_1_WritePeriod
 .text.INTERNAL_STEP_1_WriteCompare
                0x00001fa8        0xc .\CortexM0\ARM_GCC_493\Release\DualStepperController-PSoC4200-GearBest.a(INTERNAL_STEP_1.o)
                0x00001fa8                INTERNAL_STEP_1_WriteCompare
 .text.Clock_PWM_MAIN_1_Start
                0x00001fb4       0x14 .\CortexM0\ARM_GCC_493\Release\DualStepperController-PSoC4200-GearBest.a(Clock_PWM_MAIN_1.o)
                0x00001fb4                Clock_PWM_MAIN_1_Start
 .text.DIR_REG_1_Write
                0x00001fc8        0xc .\CortexM0\ARM_GCC_493\Release\DualStepperController-PSoC4200-GearBest.a(DIR_REG_1.o)
                0x00001fc8                DIR_REG_1_Write
 .text.STEP_INPUT_1_Read
                0x00001fd4       0x10 .\CortexM0\ARM_GCC_493\Release\DualStepperController-PSoC4200-GearBest.a(STEP_INPUT_1.o)
                0x00001fd4                STEP_INPUT_1_Read
 .text.DIR_INPUT_1_Read
                0x00001fe4       0x10 .\CortexM0\ARM_GCC_493\Release\DualStepperController-PSoC4200-GearBest.a(DIR_INPUT_1.o)
                0x00001fe4                DIR_INPUT_1_Read
 .text.STEP_INPUT_SOURCE_1_Read
                0x00001ff4       0x10 .\CortexM0\ARM_GCC_493\Release\DualStepperController-PSoC4200-GearBest.a(STEP_INPUT_SOURCE_1.o)
                0x00001ff4                STEP_INPUT_SOURCE_1_Read
 .text.DIR_INPUT_SOURCE_1_Read
                0x00002004       0x10 .\CortexM0\ARM_GCC_493\Release\DualStepperController-PSoC4200-GearBest.a(DIR_INPUT_SOURCE_1.o)
                0x00002004                DIR_INPUT_SOURCE_1_Read
 .text.STATUS_LED_2_Write
                0x00002014       0x18 .\CortexM0\ARM_GCC_493\Release\DualStepperController-PSoC4200-GearBest.a(STATUS_LED_2.o)
                0x00002014                STATUS_LED_2_Write
 .text.STATUS_LED_1_Write
                0x0000202c       0x18 .\CortexM0\ARM_GCC_493\Release\DualStepperController-PSoC4200-GearBest.a(STATUS_LED_1.o)
                0x0000202c                STATUS_LED_1_Write
 .text.Pin_Sw_Read
                0x00002044       0x10 .\CortexM0\ARM_GCC_493\Release\DualStepperController-PSoC4200-GearBest.a(Pin_Sw.o)
                0x00002044                Pin_Sw_Read
 .text.Pin_Sw_ClearInterrupt
                0x00002054       0x10 .\CortexM0\ARM_GCC_493\Release\DualStepperController-PSoC4200-GearBest.a(Pin_Sw.o)
                0x00002054                Pin_Sw_ClearInterrupt
 .text.isr_GPIO_SetPriority
                0x00002064       0x24 .\CortexM0\ARM_GCC_493\Release\DualStepperController-PSoC4200-GearBest.a(isr_GPIO.o)
                0x00002064                isr_GPIO_SetPriority
 .text.isr_GPIO_StartEx
                0x00002088       0x24 .\CortexM0\ARM_GCC_493\Release\DualStepperController-PSoC4200-GearBest.a(isr_GPIO.o)
                0x00002088                isr_GPIO_StartEx
 .text.isr_GPIO_ClearPending
                0x000020ac        0xc .\CortexM0\ARM_GCC_493\Release\DualStepperController-PSoC4200-GearBest.a(isr_GPIO.o)
                0x000020ac                isr_GPIO_ClearPending
 .text.INTERNAL_STEP_OUT_2_Read
                0x000020b8       0x10 .\CortexM0\ARM_GCC_493\Release\DualStepperController-PSoC4200-GearBest.a(INTERNAL_STEP_OUT_2.o)
                0x000020b8                INTERNAL_STEP_OUT_2_Read
 .text.INTERNAL_STEP_2_Init
                0x000020c8       0x50 .\CortexM0\ARM_GCC_493\Release\DualStepperController-PSoC4200-GearBest.a(INTERNAL_STEP_2.o)
                0x000020c8                INTERNAL_STEP_2_Init
 .text.INTERNAL_STEP_2_Enable
                0x00002118       0x10 .\CortexM0\ARM_GCC_493\Release\DualStepperController-PSoC4200-GearBest.a(INTERNAL_STEP_2.o)
                0x00002118                INTERNAL_STEP_2_Enable
 .text.INTERNAL_STEP_2_Start
                0x00002128       0x1c .\CortexM0\ARM_GCC_493\Release\DualStepperController-PSoC4200-GearBest.a(INTERNAL_STEP_2.o)
                0x00002128                INTERNAL_STEP_2_Start
 .text.INTERNAL_STEP_2_WritePeriod
                0x00002144        0xc .\CortexM0\ARM_GCC_493\Release\DualStepperController-PSoC4200-GearBest.a(INTERNAL_STEP_2.o)
                0x00002144                INTERNAL_STEP_2_WritePeriod
 .text.INTERNAL_STEP_2_WriteCompare
                0x00002150        0xc .\CortexM0\ARM_GCC_493\Release\DualStepperController-PSoC4200-GearBest.a(INTERNAL_STEP_2.o)
                0x00002150                INTERNAL_STEP_2_WriteCompare
 .text.Clock_PWM_MAIN_2_Start
                0x0000215c       0x14 .\CortexM0\ARM_GCC_493\Release\DualStepperController-PSoC4200-GearBest.a(Clock_PWM_MAIN_2.o)
                0x0000215c                Clock_PWM_MAIN_2_Start
 .text.STEP_INPUT_2_Read
                0x00002170       0x10 .\CortexM0\ARM_GCC_493\Release\DualStepperController-PSoC4200-GearBest.a(STEP_INPUT_2.o)
                0x00002170                STEP_INPUT_2_Read
 .text.DIR_INPUT_2_Read
                0x00002180       0x10 .\CortexM0\ARM_GCC_493\Release\DualStepperController-PSoC4200-GearBest.a(DIR_INPUT_2.o)
                0x00002180                DIR_INPUT_2_Read
 .text.STEP_INPUT_SOURCE_2_Read
                0x00002190       0x10 .\CortexM0\ARM_GCC_493\Release\DualStepperController-PSoC4200-GearBest.a(STEP_INPUT_SOURCE_2.o)
                0x00002190                STEP_INPUT_SOURCE_2_Read
 .text.DIR_INPUT_SOURCE_2_Read
                0x000021a0       0x10 .\CortexM0\ARM_GCC_493\Release\DualStepperController-PSoC4200-GearBest.a(DIR_INPUT_SOURCE_2.o)
                0x000021a0                DIR_INPUT_SOURCE_2_Read
 .text.DIR_REG_2_Write
                0x000021b0        0xc .\CortexM0\ARM_GCC_493\Release\DualStepperController-PSoC4200-GearBest.a(DIR_REG_2.o)
                0x000021b0                DIR_REG_2_Write
 *fill*         0x000021bc        0x4 
 .text          0x000021c0       0x28 .\CortexM0\ARM_GCC_493\Release\DualStepperController-PSoC4200-GearBest.a(CyBootAsmGnu.o)
                0x000021c0                CyDelayCycles
                0x000021d4                CyEnterCriticalSection
                0x000021dc                CyExitCriticalSection
 .text          0x000021e8       0x14 c:/program files/cypress/psoc creator/4.0/psoc creator/import/gnu/arm/4.9.3/bin/../lib/gcc/arm-none-eabi/4.9.3/armv6-m\libgcc.a(_thumb1_case_uqi.o)
                0x000021e8                __gnu_thumb1_case_uqi
 .text.__errno  0x000021fc        0xc c:/program files/cypress/psoc creator/4.0/psoc creator/import/gnu/arm/4.9.3/bin/../lib/gcc/arm-none-eabi/4.9.3/../../../../arm-none-eabi/lib/armv6-m\libg_nano.a(lib_a-errno.o)
                0x000021fc                __errno
 .text.__libc_init_array
                0x00002208       0x4c c:/program files/cypress/psoc creator/4.0/psoc creator/import/gnu/arm/4.9.3/bin/../lib/gcc/arm-none-eabi/4.9.3/../../../../arm-none-eabi/lib/armv6-m\libg_nano.a(lib_a-init.o)
                0x00002208                __libc_init_array
 .text.memset   0x00002254       0x10 c:/program files/cypress/psoc creator/4.0/psoc creator/import/gnu/arm/4.9.3/bin/../lib/gcc/arm-none-eabi/4.9.3/../../../../arm-none-eabi/lib/armv6-m\libg_nano.a(lib_a-memset.o)
                0x00002254                memset
 *(.plt)
 *(.gnu.warning)
 *(.glue_7t)
 .glue_7t       0x00000000        0x0 linker stubs
 *(.glue_7)
 .glue_7        0x00000000        0x0 linker stubs
 *(.vfp11_veneer)
 .vfp11_veneer  0x00000000        0x0 linker stubs
 *(.bootloader)
 *(.ARM.extab* .gnu.linkonce.armextab.*)
 *(.gcc_except_table)

.v4_bx          0x00002264        0x0
 .v4_bx         0x00000000        0x0 linker stubs

.iplt           0x00002264        0x0
 .iplt          0x00000000        0x0 c:/program files/cypress/psoc creator/4.0/psoc creator/import/gnu/arm/4.9.3/bin/../lib/gcc/arm-none-eabi/4.9.3/armv6-m/crtbegin.o

.eh_frame_hdr
 *(.eh_frame_hdr)

.eh_frame       0x00002264        0x4
 *(.eh_frame)
 .eh_frame      0x00002264        0x0 c:/program files/cypress/psoc creator/4.0/psoc creator/import/gnu/arm/4.9.3/bin/../lib/gcc/arm-none-eabi/4.9.3/armv6-m/crtbegin.o
 .eh_frame      0x00002264        0x4 c:/program files/cypress/psoc creator/4.0/psoc creator/import/gnu/arm/4.9.3/bin/../lib/gcc/arm-none-eabi/4.9.3/armv6-m/crtend.o
                0x00002268                PROVIDE (__exidx_start, .)

.ARM.exidx
 *(.ARM.exidx* .gnu.linkonce.armexidx.*)
                0x00002268                __exidx_end = .

.rodata         0x00002268      0x248
 *(.rodata .rodata.* .gnu.linkonce.r.*)
 .rodata        0x00002268       0x11 .\CortexM0\ARM_GCC_493\Release\main.o
                0x00002268                sineTable
 *fill*         0x00002279        0x3 
 .rodata        0x0000227c      0x1d0 .\CortexM0\ARM_GCC_493\Release\DualStepperController-PSoC4200-GearBest.a(cyfitter_cfg.o)
 .rodata        0x0000244c       0x2e .\CortexM0\ARM_GCC_493\Release\DualStepperController-PSoC4200-GearBest.a(CyLib.o)
                0x0000244c                cyImoFreqMhz2Reg
 .rodata.str1.1
                0x0000247a        0x2 c:/program files/cypress/psoc creator/4.0/psoc creator/import/gnu/arm/4.9.3/bin/../lib/gcc/arm-none-eabi/4.9.3/../../../../arm-none-eabi/lib/armv6-m\libg_nano.a(lib_a-impure.o)
                0x0000247c                . = ALIGN (0x4)
 *(.init)
 .init          0x0000247c        0x4 c:/program files/cypress/psoc creator/4.0/psoc creator/import/gnu/arm/4.9.3/bin/../lib/gcc/arm-none-eabi/4.9.3/armv6-m/crti.o
                0x0000247c                _init
 .init          0x00002480        0x8 c:/program files/cypress/psoc creator/4.0/psoc creator/import/gnu/arm/4.9.3/bin/../lib/gcc/arm-none-eabi/4.9.3/armv6-m/crtn.o
                0x00002488                . = ALIGN (0x4)
                0x00002488                __preinit_array_start = .
 *(.preinit_array)
                0x00002488                __preinit_array_end = .
                0x00002488                . = ALIGN (0x4)
                0x00002488                __init_array_start = .
 *(SORT(.init_array.*))
 *(.init_array)
 .init_array    0x00002488        0x4 c:/program files/cypress/psoc creator/4.0/psoc creator/import/gnu/arm/4.9.3/bin/../lib/gcc/arm-none-eabi/4.9.3/armv6-m/crtbegin.o
 .init_array    0x0000248c        0x4 .\CortexM0\ARM_GCC_493\Release\Cm0Start.o
                0x00002490                __init_array_end = .
                0x00002490                . = ALIGN (0x4)
 *(.fini)
 .fini          0x00002490        0x4 c:/program files/cypress/psoc creator/4.0/psoc creator/import/gnu/arm/4.9.3/bin/../lib/gcc/arm-none-eabi/4.9.3/armv6-m/crti.o
                0x00002490                _fini
 .fini          0x00002494        0x8 c:/program files/cypress/psoc creator/4.0/psoc creator/import/gnu/arm/4.9.3/bin/../lib/gcc/arm-none-eabi/4.9.3/armv6-m/crtn.o
                0x0000249c                . = ALIGN (0x4)
                0x0000249c                __fini_array_start = .
 *(.fini_array)
 .fini_array    0x0000249c        0x4 c:/program files/cypress/psoc creator/4.0/psoc creator/import/gnu/arm/4.9.3/bin/../lib/gcc/arm-none-eabi/4.9.3/armv6-m/crtbegin.o
 *(SORT(.fini_array.*))
                0x000024a0                __fini_array_end = .
                0x000024a0                . = ALIGN (0x4)
 *crtbegin.o(.ctors)
 *(EXCLUDE_FILE(*crtend.o) .ctors)
 *(SORT(.ctors.*))
 *crtend.o(.ctors)
                0x000024a0                . = ALIGN (0x4)
 *crtbegin.o(.dtors)
 *(EXCLUDE_FILE(*crtend.o) .dtors)
 *(SORT(.dtors.*))
 *crtend.o(.dtors)
                0x000024a0                . = ALIGN (0x4)
                0x000024a0                __cy_regions = .
                0x000024a0        0x4 LONG 0x24b0 __cy_region_init_ram
                0x000024a4        0x4 LONG 0x200000d0 __cy_region_start_data
                0x000024a8        0x4 LONG 0x80 __cy_region_init_size_ram
                0x000024ac        0x4 LONG 0x40 __cy_region_zero_size_ram
                0x000024b0                __cy_regions_end = .
                0x000024b0                . = ALIGN (0x8)
                0x000024b0                _etext = .

.ramvectors     0x20000000       0xc0
                0x20000000                __cy_region_start_ram = .
 *(.ramvectors)
 .ramvectors    0x20000000       0xc0 .\CortexM0\ARM_GCC_493\Release\Cm0Start.o
                0x20000000                CyRamVectors

.btldr_run      0x200000c0        0x4
 *(.bootloaderruntype)
 .bootloaderruntype
                0x200000c0        0x4 .\CortexM0\ARM_GCC_493\Release\Cm0Start.o
                0x200000c0                cyBtldrRunType

.noinit         0x200000c8        0x4
 *(.noinit)
 .noinit        0x200000c8        0x4 .\CortexM0\ARM_GCC_493\Release\Cm0Start.o

.data           0x200000d0       0x80 load address 0x000024b0
                0x200000d0                __cy_region_start_data = .
 *(.jcr)
 .jcr           0x200000d0        0x0 c:/program files/cypress/psoc creator/4.0/psoc creator/import/gnu/arm/4.9.3/bin/../lib/gcc/arm-none-eabi/4.9.3/armv6-m/crtbegin.o
 .jcr           0x200000d0        0x4 c:/program files/cypress/psoc creator/4.0/psoc creator/import/gnu/arm/4.9.3/bin/../lib/gcc/arm-none-eabi/4.9.3/armv6-m/crtend.o
 *(.got.plt)
 *(.got)
 *(.shdata)
 *(.data .data.* .gnu.linkonce.d.*)
 .data          0x200000d4       0x14 .\CortexM0\ARM_GCC_493\Release\DualStepperController-PSoC4200-GearBest.a(CyLib.o)
                0x200000d4                CySysClkPumpConfig
                0x200000d8                cydelay32kMs
                0x200000dc                cydelayFreqKhz
                0x200000e0                cydelayFreqMhz
                0x200000e4                cydelayFreqHz
 .data.impure_data
                0x200000e8       0x60 c:/program files/cypress/psoc creator/4.0/psoc creator/import/gnu/arm/4.9.3/bin/../lib/gcc/arm-none-eabi/4.9.3/../../../../arm-none-eabi/lib/armv6-m\libg_nano.a(lib_a-impure.o)
 .data._impure_ptr
                0x20000148        0x4 c:/program files/cypress/psoc creator/4.0/psoc creator/import/gnu/arm/4.9.3/bin/../lib/gcc/arm-none-eabi/4.9.3/../../../../arm-none-eabi/lib/armv6-m\libg_nano.a(lib_a-impure.o)
                0x20000148                _impure_ptr
                0x20000150                . = ALIGN (0x8)
 *fill*         0x2000014c        0x4 
 *(.ram)
                0x20000150                _edata = .

.igot.plt       0x20000150        0x0 load address 0x00002530
 .igot.plt      0x00000000        0x0 c:/program files/cypress/psoc creator/4.0/psoc creator/import/gnu/arm/4.9.3/bin/../lib/gcc/arm-none-eabi/4.9.3/armv6-m/crtbegin.o

.bss            0x20000150       0x40 load address 0x00002530
                0x20000150                PROVIDE (__bss_start__, .)
 *(.shbss)
 *(.bss .bss.* .gnu.linkonce.b.*)
 .bss           0x20000150       0x1c c:/program files/cypress/psoc creator/4.0/psoc creator/import/gnu/arm/4.9.3/bin/../lib/gcc/arm-none-eabi/4.9.3/armv6-m/crtbegin.o
 .bss           0x2000016c        0x1 .\CortexM0\ARM_GCC_493\Release\DualStepperController-PSoC4200-GearBest.a(TCPWM_2.o)
                0x2000016c                TCPWM_2_initVar
 .bss           0x2000016d        0x1 .\CortexM0\ARM_GCC_493\Release\DualStepperController-PSoC4200-GearBest.a(TCPWM_1.o)
                0x2000016d                TCPWM_1_initVar
 .bss           0x2000016e        0x1 .\CortexM0\ARM_GCC_493\Release\DualStepperController-PSoC4200-GearBest.a(TCPWM_4.o)
                0x2000016e                TCPWM_4_initVar
 .bss           0x2000016f        0x1 .\CortexM0\ARM_GCC_493\Release\DualStepperController-PSoC4200-GearBest.a(TCPWM_3.o)
                0x2000016f                TCPWM_3_initVar
 .bss           0x20000170        0x1 .\CortexM0\ARM_GCC_493\Release\DualStepperController-PSoC4200-GearBest.a(INTERNAL_STEP_1.o)
                0x20000170                INTERNAL_STEP_1_initVar
 .bss           0x20000171        0x1 .\CortexM0\ARM_GCC_493\Release\DualStepperController-PSoC4200-GearBest.a(INTERNAL_STEP_2.o)
                0x20000171                INTERNAL_STEP_2_initVar
 *(COMMON)
 COMMON         0x20000172       0x18 .\CortexM0\ARM_GCC_493\Release\main.o
                0x20000172                pwmB
                0x20000173                currentStepA
                0x20000174                previousDivider
                0x20000175                divider1
                0x20000176                currentStepB1
                0x20000177                dirReg1
                0x20000178                pwmA
                0x20000179                currentStepA1
                0x2000017a                stepPulse1
                0x2000017b                dirReg
                0x2000017c                phase
                0x2000017d                stepPulse
                0x2000017e                FullScale
                0x2000017f                FullScale1
                0x20000180                previousStepPulse1
                0x20000181                step1
                0x20000182                divider
                0x20000183                previousStepPulse
                0x20000184                phase1
                0x20000185                currentStepB
                0x20000186                step
                0x20000187                pwmB1
                0x20000188                pwmA1
                0x20000189                previousDivider1
                0x20000190                . = ALIGN (0x8)
 *fill*         0x2000018a        0x6 
 *(.ram.b)
                0x20000190                _end = .
                0x20000190                __end = .
                0x20000190                PROVIDE (end, .)
                0x20000190                PROVIDE (__bss_end__, .)
                0x000024b0                __cy_region_init_ram = LOADADDR (.data)
                0x00000080                __cy_region_init_size_ram = (_edata - ADDR (.data))
                0x00000040                __cy_region_zero_size_ram = (_end - _edata)

.heap           0x20000190      0x100 load address 0x00002530
                0x20000190                . = _end
                0x20000290                . = (. + 0x100)
 *fill*         0x20000190      0x100 
                0x20000290                __cy_heap_limit = .

.stack          0x20000c00      0x400
                0x20000c00                __cy_stack_limit = .
                0x20001000                . = (. + 0x400)
 *fill*         0x20000c00      0x400 
                0x00000001                ASSERT ((__cy_stack_limit >= __cy_heap_limit), region RAM overflowed with stack)

.cy_checksum_exclude
                0x00007f80        0x0
 *(.cy_checksum_exclude)
                0x00000000                cy_checksum_exclude_size = (CY_APPL_LOADABLE == 0x1)?SIZEOF (.cy_checksum_exclude):0x0
                0x00000001                ASSERT ((cy_checksum_exclude_size <= CY_CHECKSUM_EXCLUDE_SIZE), CY_BOOT: Section .cy_checksum_exclude size exceedes specified limit.)
                0xf0000000                cyloadermeta_start = (cy_project_type_bootloader || cy_project_type_app_for_stack_and_copier)?(0x8000 - CY_METADATA_SIZE):0xf0000000

.cyloadermeta   0xf0000000       0x40
 *(.cyloadermeta)
 .cyloadermeta  0xf0000000       0x40 .\CortexM0\ARM_GCC_493\Release\cybootloader.o
                0xf0000000                cy_meta_loader
                0x00007fc0                cyloadablemeta_start = cy_project_type_app_for_stack_and_copier?((0x8000 - CY_FLASH_ROW_SIZE) - CY_METADATA_SIZE):((0x8000 - (CY_FLASH_ROW_SIZE * (CY_APPL_NUM - 0x1))) - CY_METADATA_SIZE)

.cyloadablemeta
                0x00007fc0       0x40
 *(.cyloadablemeta)
 .cyloadablemeta
                0x00007fc0       0x40 .\CortexM0\ARM_GCC_493\Release\cymetadata.o
                0x00007fc0                cy_meta_loadable

.cyflashprotect
                0x90400000       0x20
 *(.cyflashprotect)
 .cyflashprotect
                0x90400000       0x20 .\CortexM0\ARM_GCC_493\Release\cybootloader.o
                0x90400000                cy_meta_flashprotect

.cymeta         0x90500000        0xc
 *(.cymeta)
 .cymeta        0x90500000        0xc .\CortexM0\ARM_GCC_493\Release\cybootloader.o
                0x90500000                cy_metadata

.cychipprotect  0x90600000        0x1
 *(.cychipprotect)
 .cychipprotect
                0x90600000        0x1 .\CortexM0\ARM_GCC_493\Release\cybootloader.o
                0x90600000                cy_meta_chipprotect

.rel.dyn        0x00008000        0x0 load address 0x90600004
 .rel.iplt      0x00000000        0x0 c:/program files/cypress/psoc creator/4.0/psoc creator/import/gnu/arm/4.9.3/bin/../lib/gcc/arm-none-eabi/4.9.3/armv6-m/crtbegin.o

.stab
 *(.stab)

.stabstr
 *(.stabstr)

.debug
 *(.debug)

.line
 *(.line)

.debug_srcinfo
 *(.debug_srcinfo)

.debug_sfnames
 *(.debug_sfnames)

.debug_aranges  0x00000000      0xe78
 *(.debug_aranges)
 .debug_aranges
                0x00000000       0x28 .\CortexM0\ARM_GCC_493\Release\main.o
 .debug_aranges
                0x00000028       0x20 .\CortexM0\ARM_GCC_493\Release\genSine.o
 .debug_aranges
                0x00000048       0x20 .\CortexM0\ARM_GCC_493\Release\inputScan.o
 .debug_aranges
                0x00000068       0x20 .\CortexM0\ARM_GCC_493\Release\Move.o
 .debug_aranges
                0x00000088       0x28 .\CortexM0\ARM_GCC_493\Release\PhaseControl.o
 .debug_aranges
                0x000000b0       0x20 .\CortexM0\ARM_GCC_493\Release\systemInit.o
 .debug_aranges
                0x000000d0       0x48 .\CortexM0\ARM_GCC_493\Release\Cm0Start.o
 .debug_aranges
                0x00000118       0x18 .\CortexM0\ARM_GCC_493\Release\cybootloader.o
 .debug_aranges
                0x00000130       0x18 .\CortexM0\ARM_GCC_493\Release\cymetadata.o
 .debug_aranges
                0x00000148       0x20 .\CortexM0\ARM_GCC_493\Release\DualStepperController-PSoC4200-GearBest.a(cyfitter_cfg.o)
 .debug_aranges
                0x00000168      0x180 .\CortexM0\ARM_GCC_493\Release\DualStepperController-PSoC4200-GearBest.a(CyLib.o)
 .debug_aranges
                0x000002e8      0x158 .\CortexM0\ARM_GCC_493\Release\DualStepperController-PSoC4200-GearBest.a(TCPWM_2.o)
 .debug_aranges
                0x00000440      0x158 .\CortexM0\ARM_GCC_493\Release\DualStepperController-PSoC4200-GearBest.a(TCPWM_1.o)
 .debug_aranges
                0x00000598      0x158 .\CortexM0\ARM_GCC_493\Release\DualStepperController-PSoC4200-GearBest.a(TCPWM_4.o)
 .debug_aranges
                0x000006f0      0x158 .\CortexM0\ARM_GCC_493\Release\DualStepperController-PSoC4200-GearBest.a(TCPWM_3.o)
 .debug_aranges
                0x00000848       0x48 .\CortexM0\ARM_GCC_493\Release\DualStepperController-PSoC4200-GearBest.a(INTERNAL_STEP_OUT_1.o)
 .debug_aranges
                0x00000890       0x98 .\CortexM0\ARM_GCC_493\Release\DualStepperController-PSoC4200-GearBest.a(INTERNAL_STEP_1.o)
 .debug_aranges
                0x00000928       0x40 .\CortexM0\ARM_GCC_493\Release\DualStepperController-PSoC4200-GearBest.a(Clock_PWM_MAIN_1.o)
 .debug_aranges
                0x00000968       0x28 .\CortexM0\ARM_GCC_493\Release\DualStepperController-PSoC4200-GearBest.a(DIR_REG_1.o)
 .debug_aranges
                0x00000990       0x48 .\CortexM0\ARM_GCC_493\Release\DualStepperController-PSoC4200-GearBest.a(STEP_INPUT_1.o)
 .debug_aranges
                0x000009d8       0x48 .\CortexM0\ARM_GCC_493\Release\DualStepperController-PSoC4200-GearBest.a(DIR_INPUT_1.o)
 .debug_aranges
                0x00000a20       0x48 .\CortexM0\ARM_GCC_493\Release\DualStepperController-PSoC4200-GearBest.a(STEP_INPUT_SOURCE_1.o)
 .debug_aranges
                0x00000a68       0x48 .\CortexM0\ARM_GCC_493\Release\DualStepperController-PSoC4200-GearBest.a(DIR_INPUT_SOURCE_1.o)
 .debug_aranges
                0x00000ab0       0x48 .\CortexM0\ARM_GCC_493\Release\DualStepperController-PSoC4200-GearBest.a(STATUS_LED_2.o)
 .debug_aranges
                0x00000af8       0x48 .\CortexM0\ARM_GCC_493\Release\DualStepperController-PSoC4200-GearBest.a(STATUS_LED_1.o)
 .debug_aranges
                0x00000b40       0x48 .\CortexM0\ARM_GCC_493\Release\DualStepperController-PSoC4200-GearBest.a(Pin_Sw.o)
 .debug_aranges
                0x00000b88       0x80 .\CortexM0\ARM_GCC_493\Release\DualStepperController-PSoC4200-GearBest.a(isr_GPIO.o)
 .debug_aranges
                0x00000c08       0x48 .\CortexM0\ARM_GCC_493\Release\DualStepperController-PSoC4200-GearBest.a(INTERNAL_STEP_OUT_2.o)
 .debug_aranges
                0x00000c50       0x80 .\CortexM0\ARM_GCC_493\Release\DualStepperController-PSoC4200-GearBest.a(INTERNAL_STEP_2.o)
 .debug_aranges
                0x00000cd0       0x40 .\CortexM0\ARM_GCC_493\Release\DualStepperController-PSoC4200-GearBest.a(Clock_PWM_MAIN_2.o)
 .debug_aranges
                0x00000d10       0x48 .\CortexM0\ARM_GCC_493\Release\DualStepperController-PSoC4200-GearBest.a(STEP_INPUT_2.o)
 .debug_aranges
                0x00000d58       0x48 .\CortexM0\ARM_GCC_493\Release\DualStepperController-PSoC4200-GearBest.a(DIR_INPUT_2.o)
 .debug_aranges
                0x00000da0       0x48 .\CortexM0\ARM_GCC_493\Release\DualStepperController-PSoC4200-GearBest.a(STEP_INPUT_SOURCE_2.o)
 .debug_aranges
                0x00000de8       0x48 .\CortexM0\ARM_GCC_493\Release\DualStepperController-PSoC4200-GearBest.a(DIR_INPUT_SOURCE_2.o)
 .debug_aranges
                0x00000e30       0x28 .\CortexM0\ARM_GCC_493\Release\DualStepperController-PSoC4200-GearBest.a(DIR_REG_2.o)
 .debug_aranges
                0x00000e58       0x20 .\CortexM0\ARM_GCC_493\Release\DualStepperController-PSoC4200-GearBest.a(CyBootAsmGnu.o)

.debug_pubnames
 *(.debug_pubnames)

.debug_info     0x00000000     0x6d51
 *(.debug_info .gnu.linkonce.wi.*)
 .debug_info    0x00000000      0x521 .\CortexM0\ARM_GCC_493\Release\main.o
 .debug_info    0x00000521      0x10a .\CortexM0\ARM_GCC_493\Release\genSine.o
 .debug_info    0x0000062b      0x1cf .\CortexM0\ARM_GCC_493\Release\inputScan.o
 .debug_info    0x000007fa      0x2a6 .\CortexM0\ARM_GCC_493\Release\Move.o
 .debug_info    0x00000aa0      0x16e .\CortexM0\ARM_GCC_493\Release\PhaseControl.o
 .debug_info    0x00000c0e      0x36f .\CortexM0\ARM_GCC_493\Release\systemInit.o
 .debug_info    0x00000f7d      0x3ab .\CortexM0\ARM_GCC_493\Release\Cm0Start.o
 .debug_info    0x00001328      0x14e .\CortexM0\ARM_GCC_493\Release\cybootloader.o
 .debug_info    0x00001476       0xb2 .\CortexM0\ARM_GCC_493\Release\cymetadata.o
 .debug_info    0x00001528      0x3ae .\CortexM0\ARM_GCC_493\Release\DualStepperController-PSoC4200-GearBest.a(cyfitter_cfg.o)
 .debug_info    0x000018d6      0xb23 .\CortexM0\ARM_GCC_493\Release\DualStepperController-PSoC4200-GearBest.a(CyLib.o)
 .debug_info    0x000023f9      0x95f .\CortexM0\ARM_GCC_493\Release\DualStepperController-PSoC4200-GearBest.a(TCPWM_2.o)
 .debug_info    0x00002d58      0x95f .\CortexM0\ARM_GCC_493\Release\DualStepperController-PSoC4200-GearBest.a(TCPWM_1.o)
 .debug_info    0x000036b7      0x95f .\CortexM0\ARM_GCC_493\Release\DualStepperController-PSoC4200-GearBest.a(TCPWM_4.o)
 .debug_info    0x00004016      0x95f .\CortexM0\ARM_GCC_493\Release\DualStepperController-PSoC4200-GearBest.a(TCPWM_3.o)
 .debug_info    0x00004975      0x19b .\CortexM0\ARM_GCC_493\Release\DualStepperController-PSoC4200-GearBest.a(INTERNAL_STEP_OUT_1.o)
 .debug_info    0x00004b10      0x3c2 .\CortexM0\ARM_GCC_493\Release\DualStepperController-PSoC4200-GearBest.a(INTERNAL_STEP_1.o)
 .debug_info    0x00004ed2      0x150 .\CortexM0\ARM_GCC_493\Release\DualStepperController-PSoC4200-GearBest.a(Clock_PWM_MAIN_1.o)
 .debug_info    0x00005022       0xd6 .\CortexM0\ARM_GCC_493\Release\DualStepperController-PSoC4200-GearBest.a(DIR_REG_1.o)
 .debug_info    0x000050f8      0x19b .\CortexM0\ARM_GCC_493\Release\DualStepperController-PSoC4200-GearBest.a(STEP_INPUT_1.o)
 .debug_info    0x00005293      0x19b .\CortexM0\ARM_GCC_493\Release\DualStepperController-PSoC4200-GearBest.a(DIR_INPUT_1.o)
 .debug_info    0x0000542e      0x19b .\CortexM0\ARM_GCC_493\Release\DualStepperController-PSoC4200-GearBest.a(STEP_INPUT_SOURCE_1.o)
 .debug_info    0x000055c9      0x19b .\CortexM0\ARM_GCC_493\Release\DualStepperController-PSoC4200-GearBest.a(DIR_INPUT_SOURCE_1.o)
 .debug_info    0x00005764      0x19b .\CortexM0\ARM_GCC_493\Release\DualStepperController-PSoC4200-GearBest.a(STATUS_LED_2.o)
 .debug_info    0x000058ff      0x19b .\CortexM0\ARM_GCC_493\Release\DualStepperController-PSoC4200-GearBest.a(STATUS_LED_1.o)
 .debug_info    0x00005a9a      0x1a0 .\CortexM0\ARM_GCC_493\Release\DualStepperController-PSoC4200-GearBest.a(Pin_Sw.o)
 .debug_info    0x00005c3a      0x350 .\CortexM0\ARM_GCC_493\Release\DualStepperController-PSoC4200-GearBest.a(isr_GPIO.o)
 .debug_info    0x00005f8a      0x19b .\CortexM0\ARM_GCC_493\Release\DualStepperController-PSoC4200-GearBest.a(INTERNAL_STEP_OUT_2.o)
 .debug_info    0x00006125      0x2d4 .\CortexM0\ARM_GCC_493\Release\DualStepperController-PSoC4200-GearBest.a(INTERNAL_STEP_2.o)
 .debug_info    0x000063f9      0x150 .\CortexM0\ARM_GCC_493\Release\DualStepperController-PSoC4200-GearBest.a(Clock_PWM_MAIN_2.o)
 .debug_info    0x00006549      0x19b .\CortexM0\ARM_GCC_493\Release\DualStepperController-PSoC4200-GearBest.a(STEP_INPUT_2.o)
 .debug_info    0x000066e4      0x19b .\CortexM0\ARM_GCC_493\Release\DualStepperController-PSoC4200-GearBest.a(DIR_INPUT_2.o)
 .debug_info    0x0000687f      0x19b .\CortexM0\ARM_GCC_493\Release\DualStepperController-PSoC4200-GearBest.a(STEP_INPUT_SOURCE_2.o)
 .debug_info    0x00006a1a      0x19b .\CortexM0\ARM_GCC_493\Release\DualStepperController-PSoC4200-GearBest.a(DIR_INPUT_SOURCE_2.o)
 .debug_info    0x00006bb5       0xd6 .\CortexM0\ARM_GCC_493\Release\DualStepperController-PSoC4200-GearBest.a(DIR_REG_2.o)
 .debug_info    0x00006c8b       0xc6 .\CortexM0\ARM_GCC_493\Release\DualStepperController-PSoC4200-GearBest.a(CyBootAsmGnu.o)

.debug_abbrev   0x00000000     0x25eb
 *(.debug_abbrev)
 .debug_abbrev  0x00000000      0x175 .\CortexM0\ARM_GCC_493\Release\main.o
 .debug_abbrev  0x00000175       0xa6 .\CortexM0\ARM_GCC_493\Release\genSine.o
 .debug_abbrev  0x0000021b       0xa0 .\CortexM0\ARM_GCC_493\Release\inputScan.o
 .debug_abbrev  0x000002bb       0xe8 .\CortexM0\ARM_GCC_493\Release\Move.o
 .debug_abbrev  0x000003a3       0xa7 .\CortexM0\ARM_GCC_493\Release\PhaseControl.o
 .debug_abbrev  0x0000044a       0xd5 .\CortexM0\ARM_GCC_493\Release\systemInit.o
 .debug_abbrev  0x0000051f      0x1f7 .\CortexM0\ARM_GCC_493\Release\Cm0Start.o
 .debug_abbrev  0x00000716       0x77 .\CortexM0\ARM_GCC_493\Release\cybootloader.o
 .debug_abbrev  0x0000078d       0x5d .\CortexM0\ARM_GCC_493\Release\cymetadata.o
 .debug_abbrev  0x000007ea      0x207 .\CortexM0\ARM_GCC_493\Release\DualStepperController-PSoC4200-GearBest.a(cyfitter_cfg.o)
 .debug_abbrev  0x000009f1      0x318 .\CortexM0\ARM_GCC_493\Release\DualStepperController-PSoC4200-GearBest.a(CyLib.o)
 .debug_abbrev  0x00000d09      0x1a4 .\CortexM0\ARM_GCC_493\Release\DualStepperController-PSoC4200-GearBest.a(TCPWM_2.o)
 .debug_abbrev  0x00000ead      0x1a4 .\CortexM0\ARM_GCC_493\Release\DualStepperController-PSoC4200-GearBest.a(TCPWM_1.o)
 .debug_abbrev  0x00001051      0x1a4 .\CortexM0\ARM_GCC_493\Release\DualStepperController-PSoC4200-GearBest.a(TCPWM_4.o)
 .debug_abbrev  0x000011f5      0x1a4 .\CortexM0\ARM_GCC_493\Release\DualStepperController-PSoC4200-GearBest.a(TCPWM_3.o)
 .debug_abbrev  0x00001399       0xc6 .\CortexM0\ARM_GCC_493\Release\DualStepperController-PSoC4200-GearBest.a(INTERNAL_STEP_OUT_1.o)
 .debug_abbrev  0x0000145f      0x1d5 .\CortexM0\ARM_GCC_493\Release\DualStepperController-PSoC4200-GearBest.a(INTERNAL_STEP_1.o)
 .debug_abbrev  0x00001634       0xc6 .\CortexM0\ARM_GCC_493\Release\DualStepperController-PSoC4200-GearBest.a(Clock_PWM_MAIN_1.o)
 .debug_abbrev  0x000016fa       0x81 .\CortexM0\ARM_GCC_493\Release\DualStepperController-PSoC4200-GearBest.a(DIR_REG_1.o)
 .debug_abbrev  0x0000177b       0xc6 .\CortexM0\ARM_GCC_493\Release\DualStepperController-PSoC4200-GearBest.a(STEP_INPUT_1.o)
 .debug_abbrev  0x00001841       0xc6 .\CortexM0\ARM_GCC_493\Release\DualStepperController-PSoC4200-GearBest.a(DIR_INPUT_1.o)
 .debug_abbrev  0x00001907       0xc6 .\CortexM0\ARM_GCC_493\Release\DualStepperController-PSoC4200-GearBest.a(STEP_INPUT_SOURCE_1.o)
 .debug_abbrev  0x000019cd       0xc6 .\CortexM0\ARM_GCC_493\Release\DualStepperController-PSoC4200-GearBest.a(DIR_INPUT_SOURCE_1.o)
 .debug_abbrev  0x00001a93       0xc6 .\CortexM0\ARM_GCC_493\Release\DualStepperController-PSoC4200-GearBest.a(STATUS_LED_2.o)
 .debug_abbrev  0x00001b59       0xc6 .\CortexM0\ARM_GCC_493\Release\DualStepperController-PSoC4200-GearBest.a(STATUS_LED_1.o)
 .debug_abbrev  0x00001c1f       0xc8 .\CortexM0\ARM_GCC_493\Release\DualStepperController-PSoC4200-GearBest.a(Pin_Sw.o)
 .debug_abbrev  0x00001ce7      0x25e .\CortexM0\ARM_GCC_493\Release\DualStepperController-PSoC4200-GearBest.a(isr_GPIO.o)
 .debug_abbrev  0x00001f45       0xc6 .\CortexM0\ARM_GCC_493\Release\DualStepperController-PSoC4200-GearBest.a(INTERNAL_STEP_OUT_2.o)
 .debug_abbrev  0x0000200b      0x16d .\CortexM0\ARM_GCC_493\Release\DualStepperController-PSoC4200-GearBest.a(INTERNAL_STEP_2.o)
 .debug_abbrev  0x00002178       0xc6 .\CortexM0\ARM_GCC_493\Release\DualStepperController-PSoC4200-GearBest.a(Clock_PWM_MAIN_2.o)
 .debug_abbrev  0x0000223e       0xc6 .\CortexM0\ARM_GCC_493\Release\DualStepperController-PSoC4200-GearBest.a(STEP_INPUT_2.o)
 .debug_abbrev  0x00002304       0xc6 .\CortexM0\ARM_GCC_493\Release\DualStepperController-PSoC4200-GearBest.a(DIR_INPUT_2.o)
 .debug_abbrev  0x000023ca       0xc6 .\CortexM0\ARM_GCC_493\Release\DualStepperController-PSoC4200-GearBest.a(STEP_INPUT_SOURCE_2.o)
 .debug_abbrev  0x00002490       0xc6 .\CortexM0\ARM_GCC_493\Release\DualStepperController-PSoC4200-GearBest.a(DIR_INPUT_SOURCE_2.o)
 .debug_abbrev  0x00002556       0x81 .\CortexM0\ARM_GCC_493\Release\DualStepperController-PSoC4200-GearBest.a(DIR_REG_2.o)
 .debug_abbrev  0x000025d7       0x14 .\CortexM0\ARM_GCC_493\Release\DualStepperController-PSoC4200-GearBest.a(CyBootAsmGnu.o)

.debug_line     0x00000000     0x3203
 *(.debug_line)
 .debug_line    0x00000000      0x1a7 .\CortexM0\ARM_GCC_493\Release\main.o
 .debug_line    0x000001a7       0x74 .\CortexM0\ARM_GCC_493\Release\genSine.o
 .debug_line    0x0000021b      0x15d .\CortexM0\ARM_GCC_493\Release\inputScan.o
 .debug_line    0x00000378      0x100 .\CortexM0\ARM_GCC_493\Release\Move.o
 .debug_line    0x00000478       0xc6 .\CortexM0\ARM_GCC_493\Release\PhaseControl.o
 .debug_line    0x0000053e      0x13b .\CortexM0\ARM_GCC_493\Release\systemInit.o
 .debug_line    0x00000679      0x230 .\CortexM0\ARM_GCC_493\Release\Cm0Start.o
 .debug_line    0x000008a9       0x53 .\CortexM0\ARM_GCC_493\Release\cybootloader.o
 .debug_line    0x000008fc       0x51 .\CortexM0\ARM_GCC_493\Release\cymetadata.o
 .debug_line    0x0000094d      0x16e .\CortexM0\ARM_GCC_493\Release\DualStepperController-PSoC4200-GearBest.a(cyfitter_cfg.o)
 .debug_line    0x00000abb      0x4ca .\CortexM0\ARM_GCC_493\Release\DualStepperController-PSoC4200-GearBest.a(CyLib.o)
 .debug_line    0x00000f85      0x3f8 .\CortexM0\ARM_GCC_493\Release\DualStepperController-PSoC4200-GearBest.a(TCPWM_2.o)
 .debug_line    0x0000137d      0x3f6 .\CortexM0\ARM_GCC_493\Release\DualStepperController-PSoC4200-GearBest.a(TCPWM_1.o)
 .debug_line    0x00001773      0x3f8 .\CortexM0\ARM_GCC_493\Release\DualStepperController-PSoC4200-GearBest.a(TCPWM_4.o)
 .debug_line    0x00001b6b      0x3f6 .\CortexM0\ARM_GCC_493\Release\DualStepperController-PSoC4200-GearBest.a(TCPWM_3.o)
 .debug_line    0x00001f61       0xd7 .\CortexM0\ARM_GCC_493\Release\DualStepperController-PSoC4200-GearBest.a(INTERNAL_STEP_OUT_1.o)
 .debug_line    0x00002038      0x1ed .\CortexM0\ARM_GCC_493\Release\DualStepperController-PSoC4200-GearBest.a(INTERNAL_STEP_1.o)
 .debug_line    0x00002225       0xc0 .\CortexM0\ARM_GCC_493\Release\DualStepperController-PSoC4200-GearBest.a(Clock_PWM_MAIN_1.o)
 .debug_line    0x000022e5       0x76 .\CortexM0\ARM_GCC_493\Release\DualStepperController-PSoC4200-GearBest.a(DIR_REG_1.o)
 .debug_line    0x0000235b       0xd2 .\CortexM0\ARM_GCC_493\Release\DualStepperController-PSoC4200-GearBest.a(STEP_INPUT_1.o)
 .debug_line    0x0000242d       0xcf .\CortexM0\ARM_GCC_493\Release\DualStepperController-PSoC4200-GearBest.a(DIR_INPUT_1.o)
 .debug_line    0x000024fc       0xd7 .\CortexM0\ARM_GCC_493\Release\DualStepperController-PSoC4200-GearBest.a(STEP_INPUT_SOURCE_1.o)
 .debug_line    0x000025d3       0xd6 .\CortexM0\ARM_GCC_493\Release\DualStepperController-PSoC4200-GearBest.a(DIR_INPUT_SOURCE_1.o)
 .debug_line    0x000026a9       0xd0 .\CortexM0\ARM_GCC_493\Release\DualStepperController-PSoC4200-GearBest.a(STATUS_LED_2.o)
 .debug_line    0x00002779       0xd0 .\CortexM0\ARM_GCC_493\Release\DualStepperController-PSoC4200-GearBest.a(STATUS_LED_1.o)
 .debug_line    0x00002849       0xca .\CortexM0\ARM_GCC_493\Release\DualStepperController-PSoC4200-GearBest.a(Pin_Sw.o)
 .debug_line    0x00002913      0x1b0 .\CortexM0\ARM_GCC_493\Release\DualStepperController-PSoC4200-GearBest.a(isr_GPIO.o)
 .debug_line    0x00002ac3       0xd7 .\CortexM0\ARM_GCC_493\Release\DualStepperController-PSoC4200-GearBest.a(INTERNAL_STEP_OUT_2.o)
 .debug_line    0x00002b9a      0x17e .\CortexM0\ARM_GCC_493\Release\DualStepperController-PSoC4200-GearBest.a(INTERNAL_STEP_2.o)
 .debug_line    0x00002d18       0xc0 .\CortexM0\ARM_GCC_493\Release\DualStepperController-PSoC4200-GearBest.a(Clock_PWM_MAIN_2.o)
 .debug_line    0x00002dd8       0xd0 .\CortexM0\ARM_GCC_493\Release\DualStepperController-PSoC4200-GearBest.a(STEP_INPUT_2.o)
 .debug_line    0x00002ea8       0xcf .\CortexM0\ARM_GCC_493\Release\DualStepperController-PSoC4200-GearBest.a(DIR_INPUT_2.o)
 .debug_line    0x00002f77       0xd7 .\CortexM0\ARM_GCC_493\Release\DualStepperController-PSoC4200-GearBest.a(STEP_INPUT_SOURCE_2.o)
 .debug_line    0x0000304e       0xd6 .\CortexM0\ARM_GCC_493\Release\DualStepperController-PSoC4200-GearBest.a(DIR_INPUT_SOURCE_2.o)
 .debug_line    0x00003124       0x76 .\CortexM0\ARM_GCC_493\Release\DualStepperController-PSoC4200-GearBest.a(DIR_REG_2.o)
 .debug_line    0x0000319a       0x69 .\CortexM0\ARM_GCC_493\Release\DualStepperController-PSoC4200-GearBest.a(CyBootAsmGnu.o)

.debug_frame    0x00000000     0x1e98
 *(.debug_frame)
 .debug_frame   0x00000000       0x54 .\CortexM0\ARM_GCC_493\Release\main.o
 .debug_frame   0x00000054       0x20 .\CortexM0\ARM_GCC_493\Release\genSine.o
 .debug_frame   0x00000074       0x2c .\CortexM0\ARM_GCC_493\Release\inputScan.o
 .debug_frame   0x000000a0       0x38 .\CortexM0\ARM_GCC_493\Release\Move.o
 .debug_frame   0x000000d8       0x44 .\CortexM0\ARM_GCC_493\Release\PhaseControl.o
 .debug_frame   0x0000011c       0x38 .\CortexM0\ARM_GCC_493\Release\systemInit.o
 .debug_frame   0x00000154       0xbc .\CortexM0\ARM_GCC_493\Release\Cm0Start.o
 .debug_frame   0x00000210       0x38 .\CortexM0\ARM_GCC_493\Release\DualStepperController-PSoC4200-GearBest.a(cyfitter_cfg.o)
 .debug_frame   0x00000248      0x3a4 .\CortexM0\ARM_GCC_493\Release\DualStepperController-PSoC4200-GearBest.a(CyLib.o)
 .debug_frame   0x000005ec      0x384 .\CortexM0\ARM_GCC_493\Release\DualStepperController-PSoC4200-GearBest.a(TCPWM_2.o)
 .debug_frame   0x00000970      0x384 .\CortexM0\ARM_GCC_493\Release\DualStepperController-PSoC4200-GearBest.a(TCPWM_1.o)
 .debug_frame   0x00000cf4      0x384 .\CortexM0\ARM_GCC_493\Release\DualStepperController-PSoC4200-GearBest.a(TCPWM_4.o)
 .debug_frame   0x00001078      0x384 .\CortexM0\ARM_GCC_493\Release\DualStepperController-PSoC4200-GearBest.a(TCPWM_3.o)
 .debug_frame   0x000013fc       0x70 .\CortexM0\ARM_GCC_493\Release\DualStepperController-PSoC4200-GearBest.a(INTERNAL_STEP_OUT_1.o)
 .debug_frame   0x0000146c      0x128 .\CortexM0\ARM_GCC_493\Release\DualStepperController-PSoC4200-GearBest.a(INTERNAL_STEP_1.o)
 .debug_frame   0x00001594       0x60 .\CortexM0\ARM_GCC_493\Release\DualStepperController-PSoC4200-GearBest.a(Clock_PWM_MAIN_1.o)
 .debug_frame   0x000015f4       0x30 .\CortexM0\ARM_GCC_493\Release\DualStepperController-PSoC4200-GearBest.a(DIR_REG_1.o)
 .debug_frame   0x00001624       0x70 .\CortexM0\ARM_GCC_493\Release\DualStepperController-PSoC4200-GearBest.a(STEP_INPUT_1.o)
 .debug_frame   0x00001694       0x70 .\CortexM0\ARM_GCC_493\Release\DualStepperController-PSoC4200-GearBest.a(DIR_INPUT_1.o)
 .debug_frame   0x00001704       0x70 .\CortexM0\ARM_GCC_493\Release\DualStepperController-PSoC4200-GearBest.a(STEP_INPUT_SOURCE_1.o)
 .debug_frame   0x00001774       0x70 .\CortexM0\ARM_GCC_493\Release\DualStepperController-PSoC4200-GearBest.a(DIR_INPUT_SOURCE_1.o)
 .debug_frame   0x000017e4       0x70 .\CortexM0\ARM_GCC_493\Release\DualStepperController-PSoC4200-GearBest.a(STATUS_LED_2.o)
 .debug_frame   0x00001854       0x70 .\CortexM0\ARM_GCC_493\Release\DualStepperController-PSoC4200-GearBest.a(STATUS_LED_1.o)
 .debug_frame   0x000018c4       0x70 .\CortexM0\ARM_GCC_493\Release\DualStepperController-PSoC4200-GearBest.a(Pin_Sw.o)
 .debug_frame   0x00001934      0x104 .\CortexM0\ARM_GCC_493\Release\DualStepperController-PSoC4200-GearBest.a(isr_GPIO.o)
 .debug_frame   0x00001a38       0x70 .\CortexM0\ARM_GCC_493\Release\DualStepperController-PSoC4200-GearBest.a(INTERNAL_STEP_OUT_2.o)
 .debug_frame   0x00001aa8       0xec .\CortexM0\ARM_GCC_493\Release\DualStepperController-PSoC4200-GearBest.a(INTERNAL_STEP_2.o)
 .debug_frame   0x00001b94       0x60 .\CortexM0\ARM_GCC_493\Release\DualStepperController-PSoC4200-GearBest.a(Clock_PWM_MAIN_2.o)
 .debug_frame   0x00001bf4       0x70 .\CortexM0\ARM_GCC_493\Release\DualStepperController-PSoC4200-GearBest.a(STEP_INPUT_2.o)
 .debug_frame   0x00001c64       0x70 .\CortexM0\ARM_GCC_493\Release\DualStepperController-PSoC4200-GearBest.a(DIR_INPUT_2.o)
 .debug_frame   0x00001cd4       0x70 .\CortexM0\ARM_GCC_493\Release\DualStepperController-PSoC4200-GearBest.a(STEP_INPUT_SOURCE_2.o)
 .debug_frame   0x00001d44       0x70 .\CortexM0\ARM_GCC_493\Release\DualStepperController-PSoC4200-GearBest.a(DIR_INPUT_SOURCE_2.o)
 .debug_frame   0x00001db4       0x30 .\CortexM0\ARM_GCC_493\Release\DualStepperController-PSoC4200-GearBest.a(DIR_REG_2.o)
 .debug_frame   0x00001de4       0x20 c:/program files/cypress/psoc creator/4.0/psoc creator/import/gnu/arm/4.9.3/bin/../lib/gcc/arm-none-eabi/4.9.3/armv6-m\libgcc.a(_udivsi3.o)
 .debug_frame   0x00001e04       0x20 c:/program files/cypress/psoc creator/4.0/psoc creator/import/gnu/arm/4.9.3/bin/../lib/gcc/arm-none-eabi/4.9.3/../../../../arm-none-eabi/lib/armv6-m\libg_nano.a(lib_a-errno.o)
 .debug_frame   0x00001e24       0x28 c:/program files/cypress/psoc creator/4.0/psoc creator/import/gnu/arm/4.9.3/bin/../lib/gcc/arm-none-eabi/4.9.3/../../../../arm-none-eabi/lib/armv6-m\libg_nano.a(lib_a-exit.o)
 .debug_frame   0x00001e4c       0x2c c:/program files/cypress/psoc creator/4.0/psoc creator/import/gnu/arm/4.9.3/bin/../lib/gcc/arm-none-eabi/4.9.3/../../../../arm-none-eabi/lib/armv6-m\libg_nano.a(lib_a-init.o)
 .debug_frame   0x00001e78       0x20 c:/program files/cypress/psoc creator/4.0/psoc creator/import/gnu/arm/4.9.3/bin/../lib/gcc/arm-none-eabi/4.9.3/../../../../arm-none-eabi/lib/armv6-m\libg_nano.a(lib_a-memset.o)

.debug_str      0x00000000     0x2b7d
 *(.debug_str)
 .debug_str     0x00000000      0x3b7 .\CortexM0\ARM_GCC_493\Release\main.o
                                0x417 (size before relaxing)
 .debug_str     0x000003b7       0x27 .\CortexM0\ARM_GCC_493\Release\genSine.o
                                0x1f1 (size before relaxing)
 .debug_str     0x000003de       0xe6 .\CortexM0\ARM_GCC_493\Release\inputScan.o
                                0x2ea (size before relaxing)
 .debug_str     0x000004c4       0x72 .\CortexM0\ARM_GCC_493\Release\Move.o
                                0x2db (size before relaxing)
 .debug_str     0x00000536       0x3c .\CortexM0\ARM_GCC_493\Release\PhaseControl.o
                                0x24d (size before relaxing)
 .debug_str     0x00000572       0xfb .\CortexM0\ARM_GCC_493\Release\systemInit.o
                                0x3d0 (size before relaxing)
 .debug_str     0x0000066d      0x163 .\CortexM0\ARM_GCC_493\Release\Cm0Start.o
                                0x33a (size before relaxing)
 .debug_str     0x000007d0       0x78 .\CortexM0\ARM_GCC_493\Release\cybootloader.o
                                0x223 (size before relaxing)
 .debug_str     0x00000848       0x35 .\CortexM0\ARM_GCC_493\Release\cymetadata.o
                                0x1e0 (size before relaxing)
 .debug_str     0x0000087d       0xef .\CortexM0\ARM_GCC_493\Release\DualStepperController-PSoC4200-GearBest.a(cyfitter_cfg.o)
                                0x2eb (size before relaxing)
 .debug_str     0x0000096c      0x4d4 .\CortexM0\ARM_GCC_493\Release\DualStepperController-PSoC4200-GearBest.a(CyLib.o)
                                0x6ee (size before relaxing)
 .debug_str     0x00000e40      0x405 .\CortexM0\ARM_GCC_493\Release\DualStepperController-PSoC4200-GearBest.a(TCPWM_2.o)
                                0x62f (size before relaxing)
 .debug_str     0x00001245      0x341 .\CortexM0\ARM_GCC_493\Release\DualStepperController-PSoC4200-GearBest.a(TCPWM_1.o)
                                0x62f (size before relaxing)
 .debug_str     0x00001586      0x341 .\CortexM0\ARM_GCC_493\Release\DualStepperController-PSoC4200-GearBest.a(TCPWM_4.o)
                                0x62f (size before relaxing)
 .debug_str     0x000018c7      0x341 .\CortexM0\ARM_GCC_493\Release\DualStepperController-PSoC4200-GearBest.a(TCPWM_3.o)
                                0x62f (size before relaxing)
 .debug_str     0x00001c08       0xeb .\CortexM0\ARM_GCC_493\Release\DualStepperController-PSoC4200-GearBest.a(INTERNAL_STEP_OUT_1.o)
                                0x2ce (size before relaxing)
 .debug_str     0x00001cf3      0x1fe .\CortexM0\ARM_GCC_493\Release\DualStepperController-PSoC4200-GearBest.a(INTERNAL_STEP_1.o)
                                0x446 (size before relaxing)
 .debug_str     0x00001ef1       0xe8 .\CortexM0\ARM_GCC_493\Release\DualStepperController-PSoC4200-GearBest.a(Clock_PWM_MAIN_1.o)
                                0x2b5 (size before relaxing)
 .debug_str     0x00001fd9       0x32 .\CortexM0\ARM_GCC_493\Release\DualStepperController-PSoC4200-GearBest.a(DIR_REG_1.o)
                                0x1f1 (size before relaxing)
 .debug_str     0x0000200b       0xa6 .\CortexM0\ARM_GCC_493\Release\DualStepperController-PSoC4200-GearBest.a(STEP_INPUT_1.o)
                                0x29d (size before relaxing)
 .debug_str     0x000020b1       0xa0 .\CortexM0\ARM_GCC_493\Release\DualStepperController-PSoC4200-GearBest.a(DIR_INPUT_1.o)
                                0x296 (size before relaxing)
 .debug_str     0x00002151       0xd0 .\CortexM0\ARM_GCC_493\Release\DualStepperController-PSoC4200-GearBest.a(STEP_INPUT_SOURCE_1.o)
                                0x2ce (size before relaxing)
 .debug_str     0x00002221       0xca .\CortexM0\ARM_GCC_493\Release\DualStepperController-PSoC4200-GearBest.a(DIR_INPUT_SOURCE_1.o)
                                0x2c7 (size before relaxing)
 .debug_str     0x000022eb       0xa5 .\CortexM0\ARM_GCC_493\Release\DualStepperController-PSoC4200-GearBest.a(STATUS_LED_2.o)
                                0x29d (size before relaxing)
 .debug_str     0x00002390       0xa5 .\CortexM0\ARM_GCC_493\Release\DualStepperController-PSoC4200-GearBest.a(STATUS_LED_1.o)
                                0x29d (size before relaxing)
 .debug_str     0x00002435       0x6c .\CortexM0\ARM_GCC_493\Release\DualStepperController-PSoC4200-GearBest.a(Pin_Sw.o)
                                0x273 (size before relaxing)
 .debug_str     0x000024a1       0xe3 .\CortexM0\ARM_GCC_493\Release\DualStepperController-PSoC4200-GearBest.a(isr_GPIO.o)
                                0x33e (size before relaxing)
 .debug_str     0x00002584       0xd0 .\CortexM0\ARM_GCC_493\Release\DualStepperController-PSoC4200-GearBest.a(INTERNAL_STEP_OUT_2.o)
                                0x2ce (size before relaxing)
 .debug_str     0x00002654      0x157 .\CortexM0\ARM_GCC_493\Release\DualStepperController-PSoC4200-GearBest.a(INTERNAL_STEP_2.o)
                                0x38e (size before relaxing)
 .debug_str     0x000027ab       0xc0 .\CortexM0\ARM_GCC_493\Release\DualStepperController-PSoC4200-GearBest.a(Clock_PWM_MAIN_2.o)
                                0x2b5 (size before relaxing)
 .debug_str     0x0000286b       0xa6 .\CortexM0\ARM_GCC_493\Release\DualStepperController-PSoC4200-GearBest.a(STEP_INPUT_2.o)
                                0x29d (size before relaxing)
 .debug_str     0x00002911       0xa0 .\CortexM0\ARM_GCC_493\Release\DualStepperController-PSoC4200-GearBest.a(DIR_INPUT_2.o)
                                0x296 (size before relaxing)
 .debug_str     0x000029b1       0xd0 .\CortexM0\ARM_GCC_493\Release\DualStepperController-PSoC4200-GearBest.a(STEP_INPUT_SOURCE_2.o)
                                0x2ce (size before relaxing)
 .debug_str     0x00002a81       0xca .\CortexM0\ARM_GCC_493\Release\DualStepperController-PSoC4200-GearBest.a(DIR_INPUT_SOURCE_2.o)
                                0x2c7 (size before relaxing)
 .debug_str     0x00002b4b       0x32 .\CortexM0\ARM_GCC_493\Release\DualStepperController-PSoC4200-GearBest.a(DIR_REG_2.o)
                                0x1f1 (size before relaxing)

.debug_loc      0x00000000     0x27f2
 *(.debug_loc)
 .debug_loc     0x00000000       0x59 .\CortexM0\ARM_GCC_493\Release\main.o
 .debug_loc     0x00000059       0x34 .\CortexM0\ARM_GCC_493\Release\genSine.o
 .debug_loc     0x0000008d       0x3a .\CortexM0\ARM_GCC_493\Release\inputScan.o
 .debug_loc     0x000000c7       0x3a .\CortexM0\ARM_GCC_493\Release\Move.o
 .debug_loc     0x00000101       0x95 .\CortexM0\ARM_GCC_493\Release\PhaseControl.o
 .debug_loc     0x00000196      0x1e9 .\CortexM0\ARM_GCC_493\Release\Cm0Start.o
 .debug_loc     0x0000037f       0xfc .\CortexM0\ARM_GCC_493\Release\DualStepperController-PSoC4200-GearBest.a(cyfitter_cfg.o)
 .debug_loc     0x0000047b      0x538 .\CortexM0\ARM_GCC_493\Release\DualStepperController-PSoC4200-GearBest.a(CyLib.o)
 .debug_loc     0x000009b3      0x53c .\CortexM0\ARM_GCC_493\Release\DualStepperController-PSoC4200-GearBest.a(TCPWM_2.o)
 .debug_loc     0x00000eef      0x53c .\CortexM0\ARM_GCC_493\Release\DualStepperController-PSoC4200-GearBest.a(TCPWM_1.o)
 .debug_loc     0x0000142b      0x53c .\CortexM0\ARM_GCC_493\Release\DualStepperController-PSoC4200-GearBest.a(TCPWM_4.o)
 .debug_loc     0x00001967      0x53c .\CortexM0\ARM_GCC_493\Release\DualStepperController-PSoC4200-GearBest.a(TCPWM_3.o)
 .debug_loc     0x00001ea3       0xa1 .\CortexM0\ARM_GCC_493\Release\DualStepperController-PSoC4200-GearBest.a(INTERNAL_STEP_OUT_1.o)
 .debug_loc     0x00001f44       0x2b .\CortexM0\ARM_GCC_493\Release\DualStepperController-PSoC4200-GearBest.a(INTERNAL_STEP_1.o)
 .debug_loc     0x00001f6f       0x3b .\CortexM0\ARM_GCC_493\Release\DualStepperController-PSoC4200-GearBest.a(Clock_PWM_MAIN_1.o)
 .debug_loc     0x00001faa       0xa1 .\CortexM0\ARM_GCC_493\Release\DualStepperController-PSoC4200-GearBest.a(STEP_INPUT_1.o)
 .debug_loc     0x0000204b       0xa1 .\CortexM0\ARM_GCC_493\Release\DualStepperController-PSoC4200-GearBest.a(DIR_INPUT_1.o)
 .debug_loc     0x000020ec       0xa1 .\CortexM0\ARM_GCC_493\Release\DualStepperController-PSoC4200-GearBest.a(STEP_INPUT_SOURCE_1.o)
 .debug_loc     0x0000218d       0xa1 .\CortexM0\ARM_GCC_493\Release\DualStepperController-PSoC4200-GearBest.a(DIR_INPUT_SOURCE_1.o)
 .debug_loc     0x0000222e       0xa1 .\CortexM0\ARM_GCC_493\Release\DualStepperController-PSoC4200-GearBest.a(STATUS_LED_2.o)
 .debug_loc     0x000022cf       0xa1 .\CortexM0\ARM_GCC_493\Release\DualStepperController-PSoC4200-GearBest.a(STATUS_LED_1.o)
 .debug_loc     0x00002370       0x5f .\CortexM0\ARM_GCC_493\Release\DualStepperController-PSoC4200-GearBest.a(Pin_Sw.o)
 .debug_loc     0x000023cf       0xab .\CortexM0\ARM_GCC_493\Release\DualStepperController-PSoC4200-GearBest.a(isr_GPIO.o)
 .debug_loc     0x0000247a       0xa1 .\CortexM0\ARM_GCC_493\Release\DualStepperController-PSoC4200-GearBest.a(INTERNAL_STEP_OUT_2.o)
 .debug_loc     0x0000251b       0x18 .\CortexM0\ARM_GCC_493\Release\DualStepperController-PSoC4200-GearBest.a(INTERNAL_STEP_2.o)
 .debug_loc     0x00002533       0x3b .\CortexM0\ARM_GCC_493\Release\DualStepperController-PSoC4200-GearBest.a(Clock_PWM_MAIN_2.o)
 .debug_loc     0x0000256e       0xa1 .\CortexM0\ARM_GCC_493\Release\DualStepperController-PSoC4200-GearBest.a(STEP_INPUT_2.o)
 .debug_loc     0x0000260f       0xa1 .\CortexM0\ARM_GCC_493\Release\DualStepperController-PSoC4200-GearBest.a(DIR_INPUT_2.o)
 .debug_loc     0x000026b0       0xa1 .\CortexM0\ARM_GCC_493\Release\DualStepperController-PSoC4200-GearBest.a(STEP_INPUT_SOURCE_2.o)
 .debug_loc     0x00002751       0xa1 .\CortexM0\ARM_GCC_493\Release\DualStepperController-PSoC4200-GearBest.a(DIR_INPUT_SOURCE_2.o)

.debug_macinfo
 *(.debug_macinfo)

.debug_ranges   0x00000000      0xdb8
 *(.debug_ranges)
 .debug_ranges  0x00000000       0x18 .\CortexM0\ARM_GCC_493\Release\main.o
 .debug_ranges  0x00000018       0x10 .\CortexM0\ARM_GCC_493\Release\genSine.o
 .debug_ranges  0x00000028       0x10 .\CortexM0\ARM_GCC_493\Release\inputScan.o
 .debug_ranges  0x00000038       0x10 .\CortexM0\ARM_GCC_493\Release\Move.o
 .debug_ranges  0x00000048       0x18 .\CortexM0\ARM_GCC_493\Release\PhaseControl.o
 .debug_ranges  0x00000060       0x10 .\CortexM0\ARM_GCC_493\Release\systemInit.o
 .debug_ranges  0x00000070       0x38 .\CortexM0\ARM_GCC_493\Release\Cm0Start.o
 .debug_ranges  0x000000a8       0x48 .\CortexM0\ARM_GCC_493\Release\DualStepperController-PSoC4200-GearBest.a(cyfitter_cfg.o)
 .debug_ranges  0x000000f0      0x1e0 .\CortexM0\ARM_GCC_493\Release\DualStepperController-PSoC4200-GearBest.a(CyLib.o)
 .debug_ranges  0x000002d0      0x160 .\CortexM0\ARM_GCC_493\Release\DualStepperController-PSoC4200-GearBest.a(TCPWM_2.o)
 .debug_ranges  0x00000430      0x160 .\CortexM0\ARM_GCC_493\Release\DualStepperController-PSoC4200-GearBest.a(TCPWM_1.o)
 .debug_ranges  0x00000590      0x160 .\CortexM0\ARM_GCC_493\Release\DualStepperController-PSoC4200-GearBest.a(TCPWM_4.o)
 .debug_ranges  0x000006f0      0x160 .\CortexM0\ARM_GCC_493\Release\DualStepperController-PSoC4200-GearBest.a(TCPWM_3.o)
 .debug_ranges  0x00000850       0x38 .\CortexM0\ARM_GCC_493\Release\DualStepperController-PSoC4200-GearBest.a(INTERNAL_STEP_OUT_1.o)
 .debug_ranges  0x00000888       0xa0 .\CortexM0\ARM_GCC_493\Release\DualStepperController-PSoC4200-GearBest.a(INTERNAL_STEP_1.o)
 .debug_ranges  0x00000928       0x30 .\CortexM0\ARM_GCC_493\Release\DualStepperController-PSoC4200-GearBest.a(Clock_PWM_MAIN_1.o)
 .debug_ranges  0x00000958       0x18 .\CortexM0\ARM_GCC_493\Release\DualStepperController-PSoC4200-GearBest.a(DIR_REG_1.o)
 .debug_ranges  0x00000970       0x38 .\CortexM0\ARM_GCC_493\Release\DualStepperController-PSoC4200-GearBest.a(STEP_INPUT_1.o)
 .debug_ranges  0x000009a8       0x38 .\CortexM0\ARM_GCC_493\Release\DualStepperController-PSoC4200-GearBest.a(DIR_INPUT_1.o)
 .debug_ranges  0x000009e0       0x38 .\CortexM0\ARM_GCC_493\Release\DualStepperController-PSoC4200-GearBest.a(STEP_INPUT_SOURCE_1.o)
 .debug_ranges  0x00000a18       0x38 .\CortexM0\ARM_GCC_493\Release\DualStepperController-PSoC4200-GearBest.a(DIR_INPUT_SOURCE_1.o)
 .debug_ranges  0x00000a50       0x38 .\CortexM0\ARM_GCC_493\Release\DualStepperController-PSoC4200-GearBest.a(STATUS_LED_2.o)
 .debug_ranges  0x00000a88       0x38 .\CortexM0\ARM_GCC_493\Release\DualStepperController-PSoC4200-GearBest.a(STATUS_LED_1.o)
 .debug_ranges  0x00000ac0       0x38 .\CortexM0\ARM_GCC_493\Release\DualStepperController-PSoC4200-GearBest.a(Pin_Sw.o)
 .debug_ranges  0x00000af8       0xf0 .\CortexM0\ARM_GCC_493\Release\DualStepperController-PSoC4200-GearBest.a(isr_GPIO.o)
 .debug_ranges  0x00000be8       0x38 .\CortexM0\ARM_GCC_493\Release\DualStepperController-PSoC4200-GearBest.a(INTERNAL_STEP_OUT_2.o)
 .debug_ranges  0x00000c20       0x70 .\CortexM0\ARM_GCC_493\Release\DualStepperController-PSoC4200-GearBest.a(INTERNAL_STEP_2.o)
 .debug_ranges  0x00000c90       0x30 .\CortexM0\ARM_GCC_493\Release\DualStepperController-PSoC4200-GearBest.a(Clock_PWM_MAIN_2.o)
 .debug_ranges  0x00000cc0       0x38 .\CortexM0\ARM_GCC_493\Release\DualStepperController-PSoC4200-GearBest.a(STEP_INPUT_2.o)
 .debug_ranges  0x00000cf8       0x38 .\CortexM0\ARM_GCC_493\Release\DualStepperController-PSoC4200-GearBest.a(DIR_INPUT_2.o)
 .debug_ranges  0x00000d30       0x38 .\CortexM0\ARM_GCC_493\Release\DualStepperController-PSoC4200-GearBest.a(STEP_INPUT_SOURCE_2.o)
 .debug_ranges  0x00000d68       0x38 .\CortexM0\ARM_GCC_493\Release\DualStepperController-PSoC4200-GearBest.a(DIR_INPUT_SOURCE_2.o)
 .debug_ranges  0x00000da0       0x18 .\CortexM0\ARM_GCC_493\Release\DualStepperController-PSoC4200-GearBest.a(DIR_REG_2.o)

.comment        0x00000000       0x70
 .comment       0x00000000       0x70 .\CortexM0\ARM_GCC_493\Release\main.o
                                 0x71 (size before relaxing)
 .comment       0x00000000       0x71 .\CortexM0\ARM_GCC_493\Release\genSine.o
 .comment       0x00000000       0x71 .\CortexM0\ARM_GCC_493\Release\inputScan.o
 .comment       0x00000000       0x71 .\CortexM0\ARM_GCC_493\Release\Move.o
 .comment       0x00000000       0x71 .\CortexM0\ARM_GCC_493\Release\PhaseControl.o
 .comment       0x00000000       0x71 .\CortexM0\ARM_GCC_493\Release\systemInit.o
 .comment       0x00000000       0x71 .\CortexM0\ARM_GCC_493\Release\Cm0Start.o
 .comment       0x00000000       0x71 .\CortexM0\ARM_GCC_493\Release\cybootloader.o
 .comment       0x00000000       0x71 .\CortexM0\ARM_GCC_493\Release\cymetadata.o
 .comment       0x00000000       0x71 .\CortexM0\ARM_GCC_493\Release\DualStepperController-PSoC4200-GearBest.a(cyfitter_cfg.o)
 .comment       0x00000000       0x71 .\CortexM0\ARM_GCC_493\Release\DualStepperController-PSoC4200-GearBest.a(CyLib.o)
 .comment       0x00000000       0x71 .\CortexM0\ARM_GCC_493\Release\DualStepperController-PSoC4200-GearBest.a(TCPWM_2.o)
 .comment       0x00000000       0x71 .\CortexM0\ARM_GCC_493\Release\DualStepperController-PSoC4200-GearBest.a(TCPWM_1.o)
 .comment       0x00000000       0x71 .\CortexM0\ARM_GCC_493\Release\DualStepperController-PSoC4200-GearBest.a(TCPWM_4.o)
 .comment       0x00000000       0x71 .\CortexM0\ARM_GCC_493\Release\DualStepperController-PSoC4200-GearBest.a(TCPWM_3.o)
 .comment       0x00000000       0x71 .\CortexM0\ARM_GCC_493\Release\DualStepperController-PSoC4200-GearBest.a(INTERNAL_STEP_OUT_1.o)
 .comment       0x00000000       0x71 .\CortexM0\ARM_GCC_493\Release\DualStepperController-PSoC4200-GearBest.a(INTERNAL_STEP_1.o)
 .comment       0x00000000       0x71 .\CortexM0\ARM_GCC_493\Release\DualStepperController-PSoC4200-GearBest.a(Clock_PWM_MAIN_1.o)
 .comment       0x00000000       0x71 .\CortexM0\ARM_GCC_493\Release\DualStepperController-PSoC4200-GearBest.a(DIR_REG_1.o)
 .comment       0x00000000       0x71 .\CortexM0\ARM_GCC_493\Release\DualStepperController-PSoC4200-GearBest.a(STEP_INPUT_1.o)
 .comment       0x00000000       0x71 .\CortexM0\ARM_GCC_493\Release\DualStepperController-PSoC4200-GearBest.a(DIR_INPUT_1.o)
 .comment       0x00000000       0x71 .\CortexM0\ARM_GCC_493\Release\DualStepperController-PSoC4200-GearBest.a(STEP_INPUT_SOURCE_1.o)
 .comment       0x00000000       0x71 .\CortexM0\ARM_GCC_493\Release\DualStepperController-PSoC4200-GearBest.a(DIR_INPUT_SOURCE_1.o)
 .comment       0x00000000       0x71 .\CortexM0\ARM_GCC_493\Release\DualStepperController-PSoC4200-GearBest.a(STATUS_LED_2.o)
 .comment       0x00000000       0x71 .\CortexM0\ARM_GCC_493\Release\DualStepperController-PSoC4200-GearBest.a(STATUS_LED_1.o)
 .comment       0x00000000       0x71 .\CortexM0\ARM_GCC_493\Release\DualStepperController-PSoC4200-GearBest.a(Pin_Sw.o)
 .comment       0x00000000       0x71 .\CortexM0\ARM_GCC_493\Release\DualStepperController-PSoC4200-GearBest.a(isr_GPIO.o)
 .comment       0x00000000       0x71 .\CortexM0\ARM_GCC_493\Release\DualStepperController-PSoC4200-GearBest.a(INTERNAL_STEP_OUT_2.o)
 .comment       0x00000000       0x71 .\CortexM0\ARM_GCC_493\Release\DualStepperController-PSoC4200-GearBest.a(INTERNAL_STEP_2.o)
 .comment       0x00000000       0x71 .\CortexM0\ARM_GCC_493\Release\DualStepperController-PSoC4200-GearBest.a(Clock_PWM_MAIN_2.o)
 .comment       0x00000000       0x71 .\CortexM0\ARM_GCC_493\Release\DualStepperController-PSoC4200-GearBest.a(STEP_INPUT_2.o)
 .comment       0x00000000       0x71 .\CortexM0\ARM_GCC_493\Release\DualStepperController-PSoC4200-GearBest.a(DIR_INPUT_2.o)
 .comment       0x00000000       0x71 .\CortexM0\ARM_GCC_493\Release\DualStepperController-PSoC4200-GearBest.a(STEP_INPUT_SOURCE_2.o)
 .comment       0x00000000       0x71 .\CortexM0\ARM_GCC_493\Release\DualStepperController-PSoC4200-GearBest.a(DIR_INPUT_SOURCE_2.o)
 .comment       0x00000000       0x71 .\CortexM0\ARM_GCC_493\Release\DualStepperController-PSoC4200-GearBest.a(DIR_REG_2.o)

.debug_weaknames
 *(.debug_weaknames)

.debug_funcnames
 *(.debug_funcnames)

.debug_typenames
 *(.debug_typenames)

.debug_varnames
 *(.debug_varnames)

.note.gnu.arm.ident
 *(.note.gnu.arm.ident)

.ARM.attributes
                0x00000000       0x28
 *(.ARM.attributes)
 .ARM.attributes
                0x00000000       0x1e c:/program files/cypress/psoc creator/4.0/psoc creator/import/gnu/arm/4.9.3/bin/../lib/gcc/arm-none-eabi/4.9.3/armv6-m/crti.o
 .ARM.attributes
                0x0000001e       0x2c c:/program files/cypress/psoc creator/4.0/psoc creator/import/gnu/arm/4.9.3/bin/../lib/gcc/arm-none-eabi/4.9.3/armv6-m/crtbegin.o
 .ARM.attributes
                0x0000004a       0x1b c:/program files/cypress/psoc creator/4.0/psoc creator/import/gnu/arm/4.9.3/bin/../lib/gcc/arm-none-eabi/4.9.3/../../../../arm-none-eabi/lib/armv6-m/crt0.o
 .ARM.attributes
                0x00000065       0x31 .\CortexM0\ARM_GCC_493\Release\main.o
 .ARM.attributes
                0x00000096       0x31 .\CortexM0\ARM_GCC_493\Release\genSine.o
 .ARM.attributes
                0x000000c7       0x31 .\CortexM0\ARM_GCC_493\Release\inputScan.o
 .ARM.attributes
                0x000000f8       0x31 .\CortexM0\ARM_GCC_493\Release\Move.o
 .ARM.attributes
                0x00000129       0x31 .\CortexM0\ARM_GCC_493\Release\PhaseControl.o
 .ARM.attributes
                0x0000015a       0x31 .\CortexM0\ARM_GCC_493\Release\systemInit.o
 .ARM.attributes
                0x0000018b       0x31 .\CortexM0\ARM_GCC_493\Release\Cm0Start.o
 .ARM.attributes
                0x000001bc       0x31 .\CortexM0\ARM_GCC_493\Release\cybootloader.o
 .ARM.attributes
                0x000001ed       0x31 .\CortexM0\ARM_GCC_493\Release\cymetadata.o
 .ARM.attributes
                0x0000021e       0x31 .\CortexM0\ARM_GCC_493\Release\DualStepperController-PSoC4200-GearBest.a(cyfitter_cfg.o)
 .ARM.attributes
                0x0000024f       0x31 .\CortexM0\ARM_GCC_493\Release\DualStepperController-PSoC4200-GearBest.a(CyLib.o)
 .ARM.attributes
                0x00000280       0x31 .\CortexM0\ARM_GCC_493\Release\DualStepperController-PSoC4200-GearBest.a(TCPWM_2.o)
 .ARM.attributes
                0x000002b1       0x31 .\CortexM0\ARM_GCC_493\Release\DualStepperController-PSoC4200-GearBest.a(TCPWM_1.o)
 .ARM.attributes
                0x000002e2       0x31 .\CortexM0\ARM_GCC_493\Release\DualStepperController-PSoC4200-GearBest.a(TCPWM_4.o)
 .ARM.attributes
                0x00000313       0x31 .\CortexM0\ARM_GCC_493\Release\DualStepperController-PSoC4200-GearBest.a(TCPWM_3.o)
 .ARM.attributes
                0x00000344       0x31 .\CortexM0\ARM_GCC_493\Release\DualStepperController-PSoC4200-GearBest.a(INTERNAL_STEP_OUT_1.o)
 .ARM.attributes
                0x00000375       0x31 .\CortexM0\ARM_GCC_493\Release\DualStepperController-PSoC4200-GearBest.a(INTERNAL_STEP_1.o)
 .ARM.attributes
                0x000003a6       0x31 .\CortexM0\ARM_GCC_493\Release\DualStepperController-PSoC4200-GearBest.a(Clock_PWM_MAIN_1.o)
 .ARM.attributes
                0x000003d7       0x31 .\CortexM0\ARM_GCC_493\Release\DualStepperController-PSoC4200-GearBest.a(DIR_REG_1.o)
 .ARM.attributes
                0x00000408       0x31 .\CortexM0\ARM_GCC_493\Release\DualStepperController-PSoC4200-GearBest.a(STEP_INPUT_1.o)
 .ARM.attributes
                0x00000439       0x31 .\CortexM0\ARM_GCC_493\Release\DualStepperController-PSoC4200-GearBest.a(DIR_INPUT_1.o)
 .ARM.attributes
                0x0000046a       0x31 .\CortexM0\ARM_GCC_493\Release\DualStepperController-PSoC4200-GearBest.a(STEP_INPUT_SOURCE_1.o)
 .ARM.attributes
                0x0000049b       0x31 .\CortexM0\ARM_GCC_493\Release\DualStepperController-PSoC4200-GearBest.a(DIR_INPUT_SOURCE_1.o)
 .ARM.attributes
                0x000004cc       0x31 .\CortexM0\ARM_GCC_493\Release\DualStepperController-PSoC4200-GearBest.a(STATUS_LED_2.o)
 .ARM.attributes
                0x000004fd       0x31 .\CortexM0\ARM_GCC_493\Release\DualStepperController-PSoC4200-GearBest.a(STATUS_LED_1.o)
 .ARM.attributes
                0x0000052e       0x31 .\CortexM0\ARM_GCC_493\Release\DualStepperController-PSoC4200-GearBest.a(Pin_Sw.o)
 .ARM.attributes
                0x0000055f       0x31 .\CortexM0\ARM_GCC_493\Release\DualStepperController-PSoC4200-GearBest.a(isr_GPIO.o)
 .ARM.attributes
                0x00000590       0x31 .\CortexM0\ARM_GCC_493\Release\DualStepperController-PSoC4200-GearBest.a(INTERNAL_STEP_OUT_2.o)
 .ARM.attributes
                0x000005c1       0x31 .\CortexM0\ARM_GCC_493\Release\DualStepperController-PSoC4200-GearBest.a(INTERNAL_STEP_2.o)
 .ARM.attributes
                0x000005f2       0x31 .\CortexM0\ARM_GCC_493\Release\DualStepperController-PSoC4200-GearBest.a(Clock_PWM_MAIN_2.o)
 .ARM.attributes
                0x00000623       0x31 .\CortexM0\ARM_GCC_493\Release\DualStepperController-PSoC4200-GearBest.a(STEP_INPUT_2.o)
 .ARM.attributes
                0x00000654       0x31 .\CortexM0\ARM_GCC_493\Release\DualStepperController-PSoC4200-GearBest.a(DIR_INPUT_2.o)
 .ARM.attributes
                0x00000685       0x31 .\CortexM0\ARM_GCC_493\Release\DualStepperController-PSoC4200-GearBest.a(STEP_INPUT_SOURCE_2.o)
 .ARM.attributes
                0x000006b6       0x31 .\CortexM0\ARM_GCC_493\Release\DualStepperController-PSoC4200-GearBest.a(DIR_INPUT_SOURCE_2.o)
 .ARM.attributes
                0x000006e7       0x31 .\CortexM0\ARM_GCC_493\Release\DualStepperController-PSoC4200-GearBest.a(DIR_REG_2.o)
 .ARM.attributes
                0x00000718       0x21 .\CortexM0\ARM_GCC_493\Release\DualStepperController-PSoC4200-GearBest.a(CyBootAsmGnu.o)
 .ARM.attributes
                0x00000739       0x1e c:/program files/cypress/psoc creator/4.0/psoc creator/import/gnu/arm/4.9.3/bin/../lib/gcc/arm-none-eabi/4.9.3/armv6-m\libgcc.a(_thumb1_case_uqi.o)
 .ARM.attributes
                0x00000757       0x1e c:/program files/cypress/psoc creator/4.0/psoc creator/import/gnu/arm/4.9.3/bin/../lib/gcc/arm-none-eabi/4.9.3/armv6-m\libgcc.a(_udivsi3.o)
 .ARM.attributes
                0x00000775       0x1e c:/program files/cypress/psoc creator/4.0/psoc creator/import/gnu/arm/4.9.3/bin/../lib/gcc/arm-none-eabi/4.9.3/armv6-m\libgcc.a(_dvmd_tls.o)
 .ARM.attributes
                0x00000793       0x2c c:/program files/cypress/psoc creator/4.0/psoc creator/import/gnu/arm/4.9.3/bin/../lib/gcc/arm-none-eabi/4.9.3/../../../../arm-none-eabi/lib/armv6-m\libg_nano.a(lib_a-errno.o)
 .ARM.attributes
                0x000007bf       0x2c c:/program files/cypress/psoc creator/4.0/psoc creator/import/gnu/arm/4.9.3/bin/../lib/gcc/arm-none-eabi/4.9.3/../../../../arm-none-eabi/lib/armv6-m\libg_nano.a(lib_a-exit.o)
 .ARM.attributes
                0x000007eb       0x2c c:/program files/cypress/psoc creator/4.0/psoc creator/import/gnu/arm/4.9.3/bin/../lib/gcc/arm-none-eabi/4.9.3/../../../../arm-none-eabi/lib/armv6-m\libg_nano.a(lib_a-impure.o)
 .ARM.attributes
                0x00000817       0x2c c:/program files/cypress/psoc creator/4.0/psoc creator/import/gnu/arm/4.9.3/bin/../lib/gcc/arm-none-eabi/4.9.3/../../../../arm-none-eabi/lib/armv6-m\libg_nano.a(lib_a-init.o)
 .ARM.attributes
                0x00000843       0x2c c:/program files/cypress/psoc creator/4.0/psoc creator/import/gnu/arm/4.9.3/bin/../lib/gcc/arm-none-eabi/4.9.3/../../../../arm-none-eabi/lib/armv6-m\libg_nano.a(lib_a-memset.o)
 .ARM.attributes
                0x0000086f       0x2c c:/program files/cypress/psoc creator/4.0/psoc creator/import/gnu/arm/4.9.3/bin/../lib/gcc/arm-none-eabi/4.9.3/armv6-m/crtend.o
 .ARM.attributes
                0x0000089b       0x1e c:/program files/cypress/psoc creator/4.0/psoc creator/import/gnu/arm/4.9.3/bin/../lib/gcc/arm-none-eabi/4.9.3/armv6-m/crtn.o

/DISCARD/
 *(.note.GNU-stack)
OUTPUT(.\CortexM0\ARM_GCC_493\Release\DualStepperController-PSoC4200-GearBest.elf elf32-littlearm)
