Archive member included because of file (symbol)

.\CortexM0\ARM_GCC_493\Release\StepMotor_PSoC4200_demo.a(cyfitter_cfg.o)
                              .\CortexM0\ARM_GCC_493\Release\Cm0Start.o (cyfitter_cfg)
.\CortexM0\ARM_GCC_493\Release\StepMotor_PSoC4200_demo.a(INTERNAL_STEP_OUT.o)
                              .\CortexM0\ARM_GCC_493\Release\inputScan.o (INTERNAL_STEP_OUT_Read)
.\CortexM0\ARM_GCC_493\Release\StepMotor_PSoC4200_demo.a(STEP_INPUT.o)
                              .\CortexM0\ARM_GCC_493\Release\inputScan.o (STEP_INPUT_Read)
.\CortexM0\ARM_GCC_493\Release\StepMotor_PSoC4200_demo.a(DIR_INPUT.o)
                              .\CortexM0\ARM_GCC_493\Release\inputScan.o (DIR_INPUT_Read)
.\CortexM0\ARM_GCC_493\Release\StepMotor_PSoC4200_demo.a(STEP_INPUT_SOURCE.o)
                              .\CortexM0\ARM_GCC_493\Release\inputScan.o (STEP_INPUT_SOURCE_Read)
.\CortexM0\ARM_GCC_493\Release\StepMotor_PSoC4200_demo.a(DIR_INPUT_SOURCE.o)
                              .\CortexM0\ARM_GCC_493\Release\inputScan.o (DIR_INPUT_SOURCE_Read)
.\CortexM0\ARM_GCC_493\Release\StepMotor_PSoC4200_demo.a(DIR_REG.o)
                              .\CortexM0\ARM_GCC_493\Release\PhaseControl.o (DIR_REG_Write)
.\CortexM0\ARM_GCC_493\Release\StepMotor_PSoC4200_demo.a(CyLib.o)
                              .\CortexM0\ARM_GCC_493\Release\Cm0Start.o (CyHalt)
.\CortexM0\ARM_GCC_493\Release\StepMotor_PSoC4200_demo.a(Clock_PWM_MAIN.o)
                              .\CortexM0\ARM_GCC_493\Release\systemInit.o (Clock_PWM_MAIN_Start)
.\CortexM0\ARM_GCC_493\Release\StepMotor_PSoC4200_demo.a(INTERNAL_STEP.o)
                              .\CortexM0\ARM_GCC_493\Release\systemInit.o (INTERNAL_STEP_Start)
.\CortexM0\ARM_GCC_493\Release\StepMotor_PSoC4200_demo.a(TCPWM_2.o)
                              .\CortexM0\ARM_GCC_493\Release\Move.o (TCPWM_2_WriteCompare)
.\CortexM0\ARM_GCC_493\Release\StepMotor_PSoC4200_demo.a(TCPWM_1.o)
                              .\CortexM0\ARM_GCC_493\Release\Move.o (TCPWM_1_WriteCompare)
.\CortexM0\ARM_GCC_493\Release\StepMotor_PSoC4200_demo.a(CyBootAsmGnu.o)
                              .\CortexM0\ARM_GCC_493\Release\StepMotor_PSoC4200_demo.a(CyLib.o) (CyDelayCycles)
c:/program files/cypress/psoc creator/3.3/psoc creator/import/gnu/arm/4.9.3/bin/../lib/gcc/arm-none-eabi/4.9.3/armv6-m\libgcc.a(_thumb1_case_uqi.o)
                              .\CortexM0\ARM_GCC_493\Release\PhaseControl.o (__gnu_thumb1_case_uqi)
c:/program files/cypress/psoc creator/3.3/psoc creator/import/gnu/arm/4.9.3/bin/../lib/gcc/arm-none-eabi/4.9.3/armv6-m\libgcc.a(_udivsi3.o)
                              .\CortexM0\ARM_GCC_493\Release\StepMotor_PSoC4200_demo.a(CyLib.o) (__aeabi_uidiv)
c:/program files/cypress/psoc creator/3.3/psoc creator/import/gnu/arm/4.9.3/bin/../lib/gcc/arm-none-eabi/4.9.3/armv6-m\libgcc.a(_dvmd_tls.o)
                              c:/program files/cypress/psoc creator/3.3/psoc creator/import/gnu/arm/4.9.3/bin/../lib/gcc/arm-none-eabi/4.9.3/armv6-m\libgcc.a(_udivsi3.o) (__aeabi_idiv0)
c:/program files/cypress/psoc creator/3.3/psoc creator/import/gnu/arm/4.9.3/bin/../lib/gcc/arm-none-eabi/4.9.3/../../../../arm-none-eabi/lib/armv6-m\libg_nano.a(lib_a-errno.o)
                              .\CortexM0\ARM_GCC_493\Release\Cm0Start.o (__errno)
c:/program files/cypress/psoc creator/3.3/psoc creator/import/gnu/arm/4.9.3/bin/../lib/gcc/arm-none-eabi/4.9.3/../../../../arm-none-eabi/lib/armv6-m\libg_nano.a(lib_a-exit.o)
                              c:/program files/cypress/psoc creator/3.3/psoc creator/import/gnu/arm/4.9.3/bin/../lib/gcc/arm-none-eabi/4.9.3/../../../../arm-none-eabi/lib/armv6-m/crt0.o (exit)
c:/program files/cypress/psoc creator/3.3/psoc creator/import/gnu/arm/4.9.3/bin/../lib/gcc/arm-none-eabi/4.9.3/../../../../arm-none-eabi/lib/armv6-m\libg_nano.a(lib_a-impure.o)
                              c:/program files/cypress/psoc creator/3.3/psoc creator/import/gnu/arm/4.9.3/bin/../lib/gcc/arm-none-eabi/4.9.3/../../../../arm-none-eabi/lib/armv6-m\libg_nano.a(lib_a-exit.o) (_global_impure_ptr)
c:/program files/cypress/psoc creator/3.3/psoc creator/import/gnu/arm/4.9.3/bin/../lib/gcc/arm-none-eabi/4.9.3/../../../../arm-none-eabi/lib/armv6-m\libg_nano.a(lib_a-init.o)
                              c:/program files/cypress/psoc creator/3.3/psoc creator/import/gnu/arm/4.9.3/bin/../lib/gcc/arm-none-eabi/4.9.3/../../../../arm-none-eabi/lib/armv6-m/crt0.o (__libc_init_array)
c:/program files/cypress/psoc creator/3.3/psoc creator/import/gnu/arm/4.9.3/bin/../lib/gcc/arm-none-eabi/4.9.3/../../../../arm-none-eabi/lib/armv6-m\libg_nano.a(lib_a-memset.o)
                              c:/program files/cypress/psoc creator/3.3/psoc creator/import/gnu/arm/4.9.3/bin/../lib/gcc/arm-none-eabi/4.9.3/../../../../arm-none-eabi/lib/armv6-m/crt0.o (memset)

Allocating common symbols
Common symbol       size              file

pwmB                0x1               .\CortexM0\ARM_GCC_493\Release\main.o
currentStepA        0x1               .\CortexM0\ARM_GCC_493\Release\main.o
previousDivider     0x1               .\CortexM0\ARM_GCC_493\Release\main.o
pwmA                0x1               .\CortexM0\ARM_GCC_493\Release\main.o
dirReg              0x1               .\CortexM0\ARM_GCC_493\Release\main.o
phase               0x1               .\CortexM0\ARM_GCC_493\Release\main.o
stepPulse           0x1               .\CortexM0\ARM_GCC_493\Release\main.o
FullScale           0x1               .\CortexM0\ARM_GCC_493\Release\main.o
divider             0x1               .\CortexM0\ARM_GCC_493\Release\main.o
previousStepPulse   0x1               .\CortexM0\ARM_GCC_493\Release\main.o
currentStepB        0x1               .\CortexM0\ARM_GCC_493\Release\main.o
step                0x1               .\CortexM0\ARM_GCC_493\Release\main.o

Discarded input sections

 .text          0x00000000        0x0 c:/program files/cypress/psoc creator/3.3/psoc creator/import/gnu/arm/4.9.3/bin/../lib/gcc/arm-none-eabi/4.9.3/armv6-m/crti.o
 .data          0x00000000        0x0 c:/program files/cypress/psoc creator/3.3/psoc creator/import/gnu/arm/4.9.3/bin/../lib/gcc/arm-none-eabi/4.9.3/armv6-m/crti.o
 .bss           0x00000000        0x0 c:/program files/cypress/psoc creator/3.3/psoc creator/import/gnu/arm/4.9.3/bin/../lib/gcc/arm-none-eabi/4.9.3/armv6-m/crti.o
 .data          0x00000000        0x4 c:/program files/cypress/psoc creator/3.3/psoc creator/import/gnu/arm/4.9.3/bin/../lib/gcc/arm-none-eabi/4.9.3/armv6-m/crtbegin.o
 .text          0x00000000       0x78 c:/program files/cypress/psoc creator/3.3/psoc creator/import/gnu/arm/4.9.3/bin/../lib/gcc/arm-none-eabi/4.9.3/../../../../arm-none-eabi/lib/armv6-m/crt0.o
 .data          0x00000000        0x0 c:/program files/cypress/psoc creator/3.3/psoc creator/import/gnu/arm/4.9.3/bin/../lib/gcc/arm-none-eabi/4.9.3/../../../../arm-none-eabi/lib/armv6-m/crt0.o
 .bss           0x00000000        0x0 c:/program files/cypress/psoc creator/3.3/psoc creator/import/gnu/arm/4.9.3/bin/../lib/gcc/arm-none-eabi/4.9.3/../../../../arm-none-eabi/lib/armv6-m/crt0.o
 .ARM.extab     0x00000000        0x0 c:/program files/cypress/psoc creator/3.3/psoc creator/import/gnu/arm/4.9.3/bin/../lib/gcc/arm-none-eabi/4.9.3/../../../../arm-none-eabi/lib/armv6-m/crt0.o
 .ARM.exidx     0x00000000        0x8 c:/program files/cypress/psoc creator/3.3/psoc creator/import/gnu/arm/4.9.3/bin/../lib/gcc/arm-none-eabi/4.9.3/../../../../arm-none-eabi/lib/armv6-m/crt0.o
 .text          0x00000000        0x0 .\CortexM0\ARM_GCC_493\Release\main.o
 .data          0x00000000        0x0 .\CortexM0\ARM_GCC_493\Release\main.o
 .bss           0x00000000        0x0 .\CortexM0\ARM_GCC_493\Release\main.o
 .text          0x00000000        0x0 .\CortexM0\ARM_GCC_493\Release\genSine.o
 .data          0x00000000        0x0 .\CortexM0\ARM_GCC_493\Release\genSine.o
 .bss           0x00000000        0x0 .\CortexM0\ARM_GCC_493\Release\genSine.o
 .text          0x00000000        0x0 .\CortexM0\ARM_GCC_493\Release\inputScan.o
 .data          0x00000000        0x0 .\CortexM0\ARM_GCC_493\Release\inputScan.o
 .bss           0x00000000        0x0 .\CortexM0\ARM_GCC_493\Release\inputScan.o
 .text          0x00000000        0x0 .\CortexM0\ARM_GCC_493\Release\Move.o
 .data          0x00000000        0x0 .\CortexM0\ARM_GCC_493\Release\Move.o
 .bss           0x00000000        0x0 .\CortexM0\ARM_GCC_493\Release\Move.o
 .text          0x00000000        0x0 .\CortexM0\ARM_GCC_493\Release\PhaseControl.o
 .data          0x00000000        0x0 .\CortexM0\ARM_GCC_493\Release\PhaseControl.o
 .bss           0x00000000        0x0 .\CortexM0\ARM_GCC_493\Release\PhaseControl.o
 .text          0x00000000        0x0 .\CortexM0\ARM_GCC_493\Release\systemInit.o
 .data          0x00000000        0x0 .\CortexM0\ARM_GCC_493\Release\systemInit.o
 .bss           0x00000000        0x0 .\CortexM0\ARM_GCC_493\Release\systemInit.o
 .text          0x00000000        0x0 .\CortexM0\ARM_GCC_493\Release\Cm0Start.o
 .data          0x00000000        0x4 .\CortexM0\ARM_GCC_493\Release\Cm0Start.o
 .bss           0x00000000        0x0 .\CortexM0\ARM_GCC_493\Release\Cm0Start.o
 .text._exit    0x00000000        0xa .\CortexM0\ARM_GCC_493\Release\Cm0Start.o
 .text._sbrk    0x00000000       0x30 .\CortexM0\ARM_GCC_493\Release\Cm0Start.o
 .text          0x00000000        0x0 .\CortexM0\ARM_GCC_493\Release\cybootloader.o
 .data          0x00000000        0x0 .\CortexM0\ARM_GCC_493\Release\cybootloader.o
 .bss           0x00000000        0x0 .\CortexM0\ARM_GCC_493\Release\cybootloader.o
 .text          0x00000000        0x0 .\CortexM0\ARM_GCC_493\Release\cymetadata.o
 .data          0x00000000        0x0 .\CortexM0\ARM_GCC_493\Release\cymetadata.o
 .bss           0x00000000        0x0 .\CortexM0\ARM_GCC_493\Release\cymetadata.o
 .text          0x00000000        0x0 .\CortexM0\ARM_GCC_493\Release\StepMotor_PSoC4200_demo.a(cyfitter_cfg.o)
 .data          0x00000000        0x0 .\CortexM0\ARM_GCC_493\Release\StepMotor_PSoC4200_demo.a(cyfitter_cfg.o)
 .bss           0x00000000        0x0 .\CortexM0\ARM_GCC_493\Release\StepMotor_PSoC4200_demo.a(cyfitter_cfg.o)
 .text          0x00000000        0x0 .\CortexM0\ARM_GCC_493\Release\StepMotor_PSoC4200_demo.a(INTERNAL_STEP_OUT.o)
 .data          0x00000000        0x0 .\CortexM0\ARM_GCC_493\Release\StepMotor_PSoC4200_demo.a(INTERNAL_STEP_OUT.o)
 .bss           0x00000000        0x0 .\CortexM0\ARM_GCC_493\Release\StepMotor_PSoC4200_demo.a(INTERNAL_STEP_OUT.o)
 .text.INTERNAL_STEP_OUT_Write
                0x00000000       0x18 .\CortexM0\ARM_GCC_493\Release\StepMotor_PSoC4200_demo.a(INTERNAL_STEP_OUT.o)
 .text.INTERNAL_STEP_OUT_SetDriveMode
                0x00000000       0x18 .\CortexM0\ARM_GCC_493\Release\StepMotor_PSoC4200_demo.a(INTERNAL_STEP_OUT.o)
 .text.INTERNAL_STEP_OUT_ReadDataReg
                0x00000000       0x10 .\CortexM0\ARM_GCC_493\Release\StepMotor_PSoC4200_demo.a(INTERNAL_STEP_OUT.o)
 .text.INTERNAL_STEP_OUT_ClearInterrupt
                0x00000000       0x14 .\CortexM0\ARM_GCC_493\Release\StepMotor_PSoC4200_demo.a(INTERNAL_STEP_OUT.o)
 .text          0x00000000        0x0 .\CortexM0\ARM_GCC_493\Release\StepMotor_PSoC4200_demo.a(STEP_INPUT.o)
 .data          0x00000000        0x0 .\CortexM0\ARM_GCC_493\Release\StepMotor_PSoC4200_demo.a(STEP_INPUT.o)
 .bss           0x00000000        0x0 .\CortexM0\ARM_GCC_493\Release\StepMotor_PSoC4200_demo.a(STEP_INPUT.o)
 .text.STEP_INPUT_Write
                0x00000000       0x18 .\CortexM0\ARM_GCC_493\Release\StepMotor_PSoC4200_demo.a(STEP_INPUT.o)
 .text.STEP_INPUT_SetDriveMode
                0x00000000       0x18 .\CortexM0\ARM_GCC_493\Release\StepMotor_PSoC4200_demo.a(STEP_INPUT.o)
 .text.STEP_INPUT_ReadDataReg
                0x00000000       0x10 .\CortexM0\ARM_GCC_493\Release\StepMotor_PSoC4200_demo.a(STEP_INPUT.o)
 .text.STEP_INPUT_ClearInterrupt
                0x00000000       0x14 .\CortexM0\ARM_GCC_493\Release\StepMotor_PSoC4200_demo.a(STEP_INPUT.o)
 .text          0x00000000        0x0 .\CortexM0\ARM_GCC_493\Release\StepMotor_PSoC4200_demo.a(DIR_INPUT.o)
 .data          0x00000000        0x0 .\CortexM0\ARM_GCC_493\Release\StepMotor_PSoC4200_demo.a(DIR_INPUT.o)
 .bss           0x00000000        0x0 .\CortexM0\ARM_GCC_493\Release\StepMotor_PSoC4200_demo.a(DIR_INPUT.o)
 .text.DIR_INPUT_Write
                0x00000000       0x18 .\CortexM0\ARM_GCC_493\Release\StepMotor_PSoC4200_demo.a(DIR_INPUT.o)
 .text.DIR_INPUT_SetDriveMode
                0x00000000       0x18 .\CortexM0\ARM_GCC_493\Release\StepMotor_PSoC4200_demo.a(DIR_INPUT.o)
 .text.DIR_INPUT_ReadDataReg
                0x00000000       0x10 .\CortexM0\ARM_GCC_493\Release\StepMotor_PSoC4200_demo.a(DIR_INPUT.o)
 .text.DIR_INPUT_ClearInterrupt
                0x00000000       0x14 .\CortexM0\ARM_GCC_493\Release\StepMotor_PSoC4200_demo.a(DIR_INPUT.o)
 .text          0x00000000        0x0 .\CortexM0\ARM_GCC_493\Release\StepMotor_PSoC4200_demo.a(STEP_INPUT_SOURCE.o)
 .data          0x00000000        0x0 .\CortexM0\ARM_GCC_493\Release\StepMotor_PSoC4200_demo.a(STEP_INPUT_SOURCE.o)
 .bss           0x00000000        0x0 .\CortexM0\ARM_GCC_493\Release\StepMotor_PSoC4200_demo.a(STEP_INPUT_SOURCE.o)
 .text.STEP_INPUT_SOURCE_Write
                0x00000000       0x18 .\CortexM0\ARM_GCC_493\Release\StepMotor_PSoC4200_demo.a(STEP_INPUT_SOURCE.o)
 .text.STEP_INPUT_SOURCE_SetDriveMode
                0x00000000       0x14 .\CortexM0\ARM_GCC_493\Release\StepMotor_PSoC4200_demo.a(STEP_INPUT_SOURCE.o)
 .text.STEP_INPUT_SOURCE_ReadDataReg
                0x00000000       0x10 .\CortexM0\ARM_GCC_493\Release\StepMotor_PSoC4200_demo.a(STEP_INPUT_SOURCE.o)
 .text.STEP_INPUT_SOURCE_ClearInterrupt
                0x00000000       0x10 .\CortexM0\ARM_GCC_493\Release\StepMotor_PSoC4200_demo.a(STEP_INPUT_SOURCE.o)
 .text          0x00000000        0x0 .\CortexM0\ARM_GCC_493\Release\StepMotor_PSoC4200_demo.a(DIR_INPUT_SOURCE.o)
 .data          0x00000000        0x0 .\CortexM0\ARM_GCC_493\Release\StepMotor_PSoC4200_demo.a(DIR_INPUT_SOURCE.o)
 .bss           0x00000000        0x0 .\CortexM0\ARM_GCC_493\Release\StepMotor_PSoC4200_demo.a(DIR_INPUT_SOURCE.o)
 .text.DIR_INPUT_SOURCE_Write
                0x00000000       0x18 .\CortexM0\ARM_GCC_493\Release\StepMotor_PSoC4200_demo.a(DIR_INPUT_SOURCE.o)
 .text.DIR_INPUT_SOURCE_SetDriveMode
                0x00000000       0x18 .\CortexM0\ARM_GCC_493\Release\StepMotor_PSoC4200_demo.a(DIR_INPUT_SOURCE.o)
 .text.DIR_INPUT_SOURCE_ReadDataReg
                0x00000000       0x10 .\CortexM0\ARM_GCC_493\Release\StepMotor_PSoC4200_demo.a(DIR_INPUT_SOURCE.o)
 .text.DIR_INPUT_SOURCE_ClearInterrupt
                0x00000000       0x14 .\CortexM0\ARM_GCC_493\Release\StepMotor_PSoC4200_demo.a(DIR_INPUT_SOURCE.o)
 .text          0x00000000        0x0 .\CortexM0\ARM_GCC_493\Release\StepMotor_PSoC4200_demo.a(DIR_REG.o)
 .data          0x00000000        0x0 .\CortexM0\ARM_GCC_493\Release\StepMotor_PSoC4200_demo.a(DIR_REG.o)
 .bss           0x00000000        0x0 .\CortexM0\ARM_GCC_493\Release\StepMotor_PSoC4200_demo.a(DIR_REG.o)
 .text.DIR_REG_Read
                0x00000000        0xc .\CortexM0\ARM_GCC_493\Release\StepMotor_PSoC4200_demo.a(DIR_REG.o)
 .text          0x00000000        0x0 .\CortexM0\ARM_GCC_493\Release\StepMotor_PSoC4200_demo.a(CyLib.o)
 .bss           0x00000000       0x18 .\CortexM0\ARM_GCC_493\Release\StepMotor_PSoC4200_demo.a(CyLib.o)
 .text.CySysClkImoStart
                0x00000000       0x14 .\CortexM0\ARM_GCC_493\Release\StepMotor_PSoC4200_demo.a(CyLib.o)
 .text.CySysClkImoStop
                0x00000000       0x10 .\CortexM0\ARM_GCC_493\Release\StepMotor_PSoC4200_demo.a(CyLib.o)
 .text.CySysClkWriteHfclkDirect
                0x00000000       0x24 .\CortexM0\ARM_GCC_493\Release\StepMotor_PSoC4200_demo.a(CyLib.o)
 .text.CySysClkWriteSysclkDiv
                0x00000000       0x28 .\CortexM0\ARM_GCC_493\Release\StepMotor_PSoC4200_demo.a(CyLib.o)
 .text.CySysLvdDisable
                0x00000000       0x20 .\CortexM0\ARM_GCC_493\Release\StepMotor_PSoC4200_demo.a(CyLib.o)
 .text.CySysLvdGetInterruptSource
                0x00000000       0x10 .\CortexM0\ARM_GCC_493\Release\StepMotor_PSoC4200_demo.a(CyLib.o)
 .text.CySysLvdClearInterrupt
                0x00000000        0xc .\CortexM0\ARM_GCC_493\Release\StepMotor_PSoC4200_demo.a(CyLib.o)
 .text.CySysGetResetReason
                0x00000000       0x14 .\CortexM0\ARM_GCC_493\Release\StepMotor_PSoC4200_demo.a(CyLib.o)
 .text.CyDisableInts
                0x00000000       0x10 .\CortexM0\ARM_GCC_493\Release\StepMotor_PSoC4200_demo.a(CyLib.o)
 .text.CyEnableInts
                0x00000000        0xc .\CortexM0\ARM_GCC_493\Release\StepMotor_PSoC4200_demo.a(CyLib.o)
 .text.CyIntSetSysVector
                0x00000000        0xe .\CortexM0\ARM_GCC_493\Release\StepMotor_PSoC4200_demo.a(CyLib.o)
 .text.CyIntGetSysVector
                0x00000000        0xc .\CortexM0\ARM_GCC_493\Release\StepMotor_PSoC4200_demo.a(CyLib.o)
 .text.CyIntSetVector
                0x00000000       0x10 .\CortexM0\ARM_GCC_493\Release\StepMotor_PSoC4200_demo.a(CyLib.o)
 .text.CyIntGetVector
                0x00000000       0x10 .\CortexM0\ARM_GCC_493\Release\StepMotor_PSoC4200_demo.a(CyLib.o)
 .text.CyIntSetPriority
                0x00000000       0x30 .\CortexM0\ARM_GCC_493\Release\StepMotor_PSoC4200_demo.a(CyLib.o)
 .text.CyIntGetPriority
                0x00000000       0x20 .\CortexM0\ARM_GCC_493\Release\StepMotor_PSoC4200_demo.a(CyLib.o)
 .text.CyIntEnable
                0x00000000       0x14 .\CortexM0\ARM_GCC_493\Release\StepMotor_PSoC4200_demo.a(CyLib.o)
 .text.CyIntGetState
                0x00000000       0x18 .\CortexM0\ARM_GCC_493\Release\StepMotor_PSoC4200_demo.a(CyLib.o)
 .text.CyIntDisable
                0x00000000       0x14 .\CortexM0\ARM_GCC_493\Release\StepMotor_PSoC4200_demo.a(CyLib.o)
 .text.CyIntSetPending
                0x00000000       0x14 .\CortexM0\ARM_GCC_493\Release\StepMotor_PSoC4200_demo.a(CyLib.o)
 .text.CyIntClearPending
                0x00000000       0x14 .\CortexM0\ARM_GCC_493\Release\StepMotor_PSoC4200_demo.a(CyLib.o)
 .text.CyHalt   0x00000000        0x4 .\CortexM0\ARM_GCC_493\Release\StepMotor_PSoC4200_demo.a(CyLib.o)
 .text.CySoftwareReset
                0x00000000       0x18 .\CortexM0\ARM_GCC_493\Release\StepMotor_PSoC4200_demo.a(CyLib.o)
 .text.CyDelay  0x00000000       0x2c .\CortexM0\ARM_GCC_493\Release\StepMotor_PSoC4200_demo.a(CyLib.o)
 .text.CySysLvdEnable
                0x00000000       0x44 .\CortexM0\ARM_GCC_493\Release\StepMotor_PSoC4200_demo.a(CyLib.o)
 .text.CyDelayFreq
                0x00000000       0x48 .\CortexM0\ARM_GCC_493\Release\StepMotor_PSoC4200_demo.a(CyLib.o)
 .text.CySysTickInit
                0x00000000       0x50 .\CortexM0\ARM_GCC_493\Release\StepMotor_PSoC4200_demo.a(CyLib.o)
 .text.CySysTickStop
                0x00000000       0x10 .\CortexM0\ARM_GCC_493\Release\StepMotor_PSoC4200_demo.a(CyLib.o)
 .text.CySysTickEnableInterrupt
                0x00000000       0x10 .\CortexM0\ARM_GCC_493\Release\StepMotor_PSoC4200_demo.a(CyLib.o)
 .text.CySysTickEnable
                0x00000000       0x18 .\CortexM0\ARM_GCC_493\Release\StepMotor_PSoC4200_demo.a(CyLib.o)
 .text.CySysTickStart
                0x00000000       0x1c .\CortexM0\ARM_GCC_493\Release\StepMotor_PSoC4200_demo.a(CyLib.o)
 .text.CySysTickDisableInterrupt
                0x00000000       0x10 .\CortexM0\ARM_GCC_493\Release\StepMotor_PSoC4200_demo.a(CyLib.o)
 .text.CySysTickSetReload
                0x00000000       0x10 .\CortexM0\ARM_GCC_493\Release\StepMotor_PSoC4200_demo.a(CyLib.o)
 .text.CySysTickGetReload
                0x00000000       0x10 .\CortexM0\ARM_GCC_493\Release\StepMotor_PSoC4200_demo.a(CyLib.o)
 .text.CySysTickGetValue
                0x00000000       0x10 .\CortexM0\ARM_GCC_493\Release\StepMotor_PSoC4200_demo.a(CyLib.o)
 .text.CySysTickGetCountFlag
                0x00000000       0x10 .\CortexM0\ARM_GCC_493\Release\StepMotor_PSoC4200_demo.a(CyLib.o)
 .text.CySysTickServiceCallbacks
                0x00000000       0x24 .\CortexM0\ARM_GCC_493\Release\StepMotor_PSoC4200_demo.a(CyLib.o)
 .text.CySysTickClear
                0x00000000        0xc .\CortexM0\ARM_GCC_493\Release\StepMotor_PSoC4200_demo.a(CyLib.o)
 .text.CySysTickSetCallback
                0x00000000       0x10 .\CortexM0\ARM_GCC_493\Release\StepMotor_PSoC4200_demo.a(CyLib.o)
 .text.CySysTickGetCallback
                0x00000000        0xc .\CortexM0\ARM_GCC_493\Release\StepMotor_PSoC4200_demo.a(CyLib.o)
 .text.CyGetUniqueId
                0x00000000       0x70 .\CortexM0\ARM_GCC_493\Release\StepMotor_PSoC4200_demo.a(CyLib.o)
 .text          0x00000000        0x0 .\CortexM0\ARM_GCC_493\Release\StepMotor_PSoC4200_demo.a(Clock_PWM_MAIN.o)
 .data          0x00000000        0x0 .\CortexM0\ARM_GCC_493\Release\StepMotor_PSoC4200_demo.a(Clock_PWM_MAIN.o)
 .bss           0x00000000        0x0 .\CortexM0\ARM_GCC_493\Release\StepMotor_PSoC4200_demo.a(Clock_PWM_MAIN.o)
 .text.Clock_PWM_MAIN_Stop
                0x00000000       0x10 .\CortexM0\ARM_GCC_493\Release\StepMotor_PSoC4200_demo.a(Clock_PWM_MAIN.o)
 .text.Clock_PWM_MAIN_SetFractionalDividerRegister
                0x00000000       0x14 .\CortexM0\ARM_GCC_493\Release\StepMotor_PSoC4200_demo.a(Clock_PWM_MAIN.o)
 .text.Clock_PWM_MAIN_GetDividerRegister
                0x00000000        0xc .\CortexM0\ARM_GCC_493\Release\StepMotor_PSoC4200_demo.a(Clock_PWM_MAIN.o)
 .text.Clock_PWM_MAIN_GetFractionalDividerRegister
                0x00000000        0x4 .\CortexM0\ARM_GCC_493\Release\StepMotor_PSoC4200_demo.a(Clock_PWM_MAIN.o)
 .text          0x00000000        0x0 .\CortexM0\ARM_GCC_493\Release\StepMotor_PSoC4200_demo.a(INTERNAL_STEP.o)
 .data          0x00000000        0x0 .\CortexM0\ARM_GCC_493\Release\StepMotor_PSoC4200_demo.a(INTERNAL_STEP.o)
 .text.INTERNAL_STEP_Stop
                0x00000000       0x10 .\CortexM0\ARM_GCC_493\Release\StepMotor_PSoC4200_demo.a(INTERNAL_STEP.o)
 .text.INTERNAL_STEP_WriteCounter
                0x00000000        0xc .\CortexM0\ARM_GCC_493\Release\StepMotor_PSoC4200_demo.a(INTERNAL_STEP.o)
 .text.INTERNAL_STEP_ReadCounter
                0x00000000       0x14 .\CortexM0\ARM_GCC_493\Release\StepMotor_PSoC4200_demo.a(INTERNAL_STEP.o)
 .text.INTERNAL_STEP_SetInterruptMode
                0x00000000        0xc .\CortexM0\ARM_GCC_493\Release\StepMotor_PSoC4200_demo.a(INTERNAL_STEP.o)
 .text.INTERNAL_STEP_ReadStatusRegister
                0x00000000        0xc .\CortexM0\ARM_GCC_493\Release\StepMotor_PSoC4200_demo.a(INTERNAL_STEP.o)
 .text.INTERNAL_STEP_ReadControlRegister
                0x00000000        0xc .\CortexM0\ARM_GCC_493\Release\StepMotor_PSoC4200_demo.a(INTERNAL_STEP.o)
 .text.INTERNAL_STEP_WriteControlRegister
                0x00000000        0xc .\CortexM0\ARM_GCC_493\Release\StepMotor_PSoC4200_demo.a(INTERNAL_STEP.o)
 .text.INTERNAL_STEP_ReadCapture
                0x00000000        0xc .\CortexM0\ARM_GCC_493\Release\StepMotor_PSoC4200_demo.a(INTERNAL_STEP.o)
 .text.INTERNAL_STEP_ReadCompare
                0x00000000        0xc .\CortexM0\ARM_GCC_493\Release\StepMotor_PSoC4200_demo.a(INTERNAL_STEP.o)
 .text.INTERNAL_STEP_ReadPeriod
                0x00000000        0xc .\CortexM0\ARM_GCC_493\Release\StepMotor_PSoC4200_demo.a(INTERNAL_STEP.o)
 .text          0x00000000        0x0 .\CortexM0\ARM_GCC_493\Release\StepMotor_PSoC4200_demo.a(TCPWM_2.o)
 .data          0x00000000        0x0 .\CortexM0\ARM_GCC_493\Release\StepMotor_PSoC4200_demo.a(TCPWM_2.o)
 .text.TCPWM_2_Stop
                0x00000000       0x1c .\CortexM0\ARM_GCC_493\Release\StepMotor_PSoC4200_demo.a(TCPWM_2.o)
 .text.TCPWM_2_SetMode
                0x00000000       0x28 .\CortexM0\ARM_GCC_493\Release\StepMotor_PSoC4200_demo.a(TCPWM_2.o)
 .text.TCPWM_2_SetQDMode
                0x00000000       0x28 .\CortexM0\ARM_GCC_493\Release\StepMotor_PSoC4200_demo.a(TCPWM_2.o)
 .text.TCPWM_2_SetPrescaler
                0x00000000       0x28 .\CortexM0\ARM_GCC_493\Release\StepMotor_PSoC4200_demo.a(TCPWM_2.o)
 .text.TCPWM_2_SetOneShot
                0x00000000       0x2c .\CortexM0\ARM_GCC_493\Release\StepMotor_PSoC4200_demo.a(TCPWM_2.o)
 .text.TCPWM_2_SetPWMMode
                0x00000000       0x10 .\CortexM0\ARM_GCC_493\Release\StepMotor_PSoC4200_demo.a(TCPWM_2.o)
 .text.TCPWM_2_SetPWMSyncKill
                0x00000000       0x28 .\CortexM0\ARM_GCC_493\Release\StepMotor_PSoC4200_demo.a(TCPWM_2.o)
 .text.TCPWM_2_SetPWMStopOnKill
                0x00000000       0x28 .\CortexM0\ARM_GCC_493\Release\StepMotor_PSoC4200_demo.a(TCPWM_2.o)
 .text.TCPWM_2_SetPWMDeadTime
                0x00000000       0x2c .\CortexM0\ARM_GCC_493\Release\StepMotor_PSoC4200_demo.a(TCPWM_2.o)
 .text.TCPWM_2_SetPWMInvert
                0x00000000       0x28 .\CortexM0\ARM_GCC_493\Release\StepMotor_PSoC4200_demo.a(TCPWM_2.o)
 .text.TCPWM_2_WriteCounter
                0x00000000        0xc .\CortexM0\ARM_GCC_493\Release\StepMotor_PSoC4200_demo.a(TCPWM_2.o)
 .text.TCPWM_2_ReadCounter
                0x00000000        0xc .\CortexM0\ARM_GCC_493\Release\StepMotor_PSoC4200_demo.a(TCPWM_2.o)
 .text.TCPWM_2_SetCounterMode
                0x00000000       0x28 .\CortexM0\ARM_GCC_493\Release\StepMotor_PSoC4200_demo.a(TCPWM_2.o)
 .text.TCPWM_2_WritePeriod
                0x00000000        0xc .\CortexM0\ARM_GCC_493\Release\StepMotor_PSoC4200_demo.a(TCPWM_2.o)
 .text.TCPWM_2_ReadPeriod
                0x00000000        0xc .\CortexM0\ARM_GCC_493\Release\StepMotor_PSoC4200_demo.a(TCPWM_2.o)
 .text.TCPWM_2_SetCompareSwap
                0x00000000       0x24 .\CortexM0\ARM_GCC_493\Release\StepMotor_PSoC4200_demo.a(TCPWM_2.o)
 .text.TCPWM_2_WritePeriodBuf
                0x00000000        0xc .\CortexM0\ARM_GCC_493\Release\StepMotor_PSoC4200_demo.a(TCPWM_2.o)
 .text.TCPWM_2_ReadPeriodBuf
                0x00000000        0xc .\CortexM0\ARM_GCC_493\Release\StepMotor_PSoC4200_demo.a(TCPWM_2.o)
 .text.TCPWM_2_SetPeriodSwap
                0x00000000       0x28 .\CortexM0\ARM_GCC_493\Release\StepMotor_PSoC4200_demo.a(TCPWM_2.o)
 .text.TCPWM_2_ReadCompare
                0x00000000        0xc .\CortexM0\ARM_GCC_493\Release\StepMotor_PSoC4200_demo.a(TCPWM_2.o)
 .text.TCPWM_2_WriteCompareBuf
                0x00000000        0xc .\CortexM0\ARM_GCC_493\Release\StepMotor_PSoC4200_demo.a(TCPWM_2.o)
 .text.TCPWM_2_ReadCompareBuf
                0x00000000        0xc .\CortexM0\ARM_GCC_493\Release\StepMotor_PSoC4200_demo.a(TCPWM_2.o)
 .text.TCPWM_2_ReadCapture
                0x00000000        0xc .\CortexM0\ARM_GCC_493\Release\StepMotor_PSoC4200_demo.a(TCPWM_2.o)
 .text.TCPWM_2_ReadCaptureBuf
                0x00000000        0xc .\CortexM0\ARM_GCC_493\Release\StepMotor_PSoC4200_demo.a(TCPWM_2.o)
 .text.TCPWM_2_SetCaptureMode
                0x00000000       0x24 .\CortexM0\ARM_GCC_493\Release\StepMotor_PSoC4200_demo.a(TCPWM_2.o)
 .text.TCPWM_2_SetReloadMode
                0x00000000       0x24 .\CortexM0\ARM_GCC_493\Release\StepMotor_PSoC4200_demo.a(TCPWM_2.o)
 .text.TCPWM_2_SetStartMode
                0x00000000       0x28 .\CortexM0\ARM_GCC_493\Release\StepMotor_PSoC4200_demo.a(TCPWM_2.o)
 .text.TCPWM_2_SetStopMode
                0x00000000       0x24 .\CortexM0\ARM_GCC_493\Release\StepMotor_PSoC4200_demo.a(TCPWM_2.o)
 .text.TCPWM_2_SetCountMode
                0x00000000       0x24 .\CortexM0\ARM_GCC_493\Release\StepMotor_PSoC4200_demo.a(TCPWM_2.o)
 .text.TCPWM_2_ReadStatus
                0x00000000       0x14 .\CortexM0\ARM_GCC_493\Release\StepMotor_PSoC4200_demo.a(TCPWM_2.o)
 .text.TCPWM_2_SetInterruptMode
                0x00000000        0xc .\CortexM0\ARM_GCC_493\Release\StepMotor_PSoC4200_demo.a(TCPWM_2.o)
 .text.TCPWM_2_GetInterruptSourceMasked
                0x00000000        0xc .\CortexM0\ARM_GCC_493\Release\StepMotor_PSoC4200_demo.a(TCPWM_2.o)
 .text.TCPWM_2_GetInterruptSource
                0x00000000        0xc .\CortexM0\ARM_GCC_493\Release\StepMotor_PSoC4200_demo.a(TCPWM_2.o)
 .text.TCPWM_2_ClearInterrupt
                0x00000000        0xc .\CortexM0\ARM_GCC_493\Release\StepMotor_PSoC4200_demo.a(TCPWM_2.o)
 .text.TCPWM_2_SetInterrupt
                0x00000000        0xc .\CortexM0\ARM_GCC_493\Release\StepMotor_PSoC4200_demo.a(TCPWM_2.o)
 .text          0x00000000        0x0 .\CortexM0\ARM_GCC_493\Release\StepMotor_PSoC4200_demo.a(TCPWM_1.o)
 .data          0x00000000        0x0 .\CortexM0\ARM_GCC_493\Release\StepMotor_PSoC4200_demo.a(TCPWM_1.o)
 .text.TCPWM_1_Stop
                0x00000000       0x1c .\CortexM0\ARM_GCC_493\Release\StepMotor_PSoC4200_demo.a(TCPWM_1.o)
 .text.TCPWM_1_SetMode
                0x00000000       0x28 .\CortexM0\ARM_GCC_493\Release\StepMotor_PSoC4200_demo.a(TCPWM_1.o)
 .text.TCPWM_1_SetQDMode
                0x00000000       0x28 .\CortexM0\ARM_GCC_493\Release\StepMotor_PSoC4200_demo.a(TCPWM_1.o)
 .text.TCPWM_1_SetPrescaler
                0x00000000       0x28 .\CortexM0\ARM_GCC_493\Release\StepMotor_PSoC4200_demo.a(TCPWM_1.o)
 .text.TCPWM_1_SetOneShot
                0x00000000       0x2c .\CortexM0\ARM_GCC_493\Release\StepMotor_PSoC4200_demo.a(TCPWM_1.o)
 .text.TCPWM_1_SetPWMMode
                0x00000000       0x10 .\CortexM0\ARM_GCC_493\Release\StepMotor_PSoC4200_demo.a(TCPWM_1.o)
 .text.TCPWM_1_SetPWMSyncKill
                0x00000000       0x28 .\CortexM0\ARM_GCC_493\Release\StepMotor_PSoC4200_demo.a(TCPWM_1.o)
 .text.TCPWM_1_SetPWMStopOnKill
                0x00000000       0x28 .\CortexM0\ARM_GCC_493\Release\StepMotor_PSoC4200_demo.a(TCPWM_1.o)
 .text.TCPWM_1_SetPWMDeadTime
                0x00000000       0x2c .\CortexM0\ARM_GCC_493\Release\StepMotor_PSoC4200_demo.a(TCPWM_1.o)
 .text.TCPWM_1_SetPWMInvert
                0x00000000       0x28 .\CortexM0\ARM_GCC_493\Release\StepMotor_PSoC4200_demo.a(TCPWM_1.o)
 .text.TCPWM_1_WriteCounter
                0x00000000        0xc .\CortexM0\ARM_GCC_493\Release\StepMotor_PSoC4200_demo.a(TCPWM_1.o)
 .text.TCPWM_1_ReadCounter
                0x00000000        0xc .\CortexM0\ARM_GCC_493\Release\StepMotor_PSoC4200_demo.a(TCPWM_1.o)
 .text.TCPWM_1_SetCounterMode
                0x00000000       0x28 .\CortexM0\ARM_GCC_493\Release\StepMotor_PSoC4200_demo.a(TCPWM_1.o)
 .text.TCPWM_1_WritePeriod
                0x00000000        0xc .\CortexM0\ARM_GCC_493\Release\StepMotor_PSoC4200_demo.a(TCPWM_1.o)
 .text.TCPWM_1_ReadPeriod
                0x00000000        0xc .\CortexM0\ARM_GCC_493\Release\StepMotor_PSoC4200_demo.a(TCPWM_1.o)
 .text.TCPWM_1_SetCompareSwap
                0x00000000       0x24 .\CortexM0\ARM_GCC_493\Release\StepMotor_PSoC4200_demo.a(TCPWM_1.o)
 .text.TCPWM_1_WritePeriodBuf
                0x00000000        0xc .\CortexM0\ARM_GCC_493\Release\StepMotor_PSoC4200_demo.a(TCPWM_1.o)
 .text.TCPWM_1_ReadPeriodBuf
                0x00000000        0xc .\CortexM0\ARM_GCC_493\Release\StepMotor_PSoC4200_demo.a(TCPWM_1.o)
 .text.TCPWM_1_SetPeriodSwap
                0x00000000       0x28 .\CortexM0\ARM_GCC_493\Release\StepMotor_PSoC4200_demo.a(TCPWM_1.o)
 .text.TCPWM_1_ReadCompare
                0x00000000        0xc .\CortexM0\ARM_GCC_493\Release\StepMotor_PSoC4200_demo.a(TCPWM_1.o)
 .text.TCPWM_1_WriteCompareBuf
                0x00000000        0xc .\CortexM0\ARM_GCC_493\Release\StepMotor_PSoC4200_demo.a(TCPWM_1.o)
 .text.TCPWM_1_ReadCompareBuf
                0x00000000        0xc .\CortexM0\ARM_GCC_493\Release\StepMotor_PSoC4200_demo.a(TCPWM_1.o)
 .text.TCPWM_1_ReadCapture
                0x00000000        0xc .\CortexM0\ARM_GCC_493\Release\StepMotor_PSoC4200_demo.a(TCPWM_1.o)
 .text.TCPWM_1_ReadCaptureBuf
                0x00000000        0xc .\CortexM0\ARM_GCC_493\Release\StepMotor_PSoC4200_demo.a(TCPWM_1.o)
 .text.TCPWM_1_SetCaptureMode
                0x00000000       0x24 .\CortexM0\ARM_GCC_493\Release\StepMotor_PSoC4200_demo.a(TCPWM_1.o)
 .text.TCPWM_1_SetReloadMode
                0x00000000       0x24 .\CortexM0\ARM_GCC_493\Release\StepMotor_PSoC4200_demo.a(TCPWM_1.o)
 .text.TCPWM_1_SetStartMode
                0x00000000       0x28 .\CortexM0\ARM_GCC_493\Release\StepMotor_PSoC4200_demo.a(TCPWM_1.o)
 .text.TCPWM_1_SetStopMode
                0x00000000       0x24 .\CortexM0\ARM_GCC_493\Release\StepMotor_PSoC4200_demo.a(TCPWM_1.o)
 .text.TCPWM_1_SetCountMode
                0x00000000       0x24 .\CortexM0\ARM_GCC_493\Release\StepMotor_PSoC4200_demo.a(TCPWM_1.o)
 .text.TCPWM_1_ReadStatus
                0x00000000       0x14 .\CortexM0\ARM_GCC_493\Release\StepMotor_PSoC4200_demo.a(TCPWM_1.o)
 .text.TCPWM_1_SetInterruptMode
                0x00000000        0xc .\CortexM0\ARM_GCC_493\Release\StepMotor_PSoC4200_demo.a(TCPWM_1.o)
 .text.TCPWM_1_GetInterruptSourceMasked
                0x00000000        0xc .\CortexM0\ARM_GCC_493\Release\StepMotor_PSoC4200_demo.a(TCPWM_1.o)
 .text.TCPWM_1_GetInterruptSource
                0x00000000        0xc .\CortexM0\ARM_GCC_493\Release\StepMotor_PSoC4200_demo.a(TCPWM_1.o)
 .text.TCPWM_1_ClearInterrupt
                0x00000000        0xc .\CortexM0\ARM_GCC_493\Release\StepMotor_PSoC4200_demo.a(TCPWM_1.o)
 .text.TCPWM_1_SetInterrupt
                0x00000000        0xc .\CortexM0\ARM_GCC_493\Release\StepMotor_PSoC4200_demo.a(TCPWM_1.o)
 .data          0x00000000        0x0 .\CortexM0\ARM_GCC_493\Release\StepMotor_PSoC4200_demo.a(CyBootAsmGnu.o)
 .bss           0x00000000        0x0 .\CortexM0\ARM_GCC_493\Release\StepMotor_PSoC4200_demo.a(CyBootAsmGnu.o)
 .data          0x00000000        0x0 c:/program files/cypress/psoc creator/3.3/psoc creator/import/gnu/arm/4.9.3/bin/../lib/gcc/arm-none-eabi/4.9.3/armv6-m\libgcc.a(_thumb1_case_uqi.o)
 .bss           0x00000000        0x0 c:/program files/cypress/psoc creator/3.3/psoc creator/import/gnu/arm/4.9.3/bin/../lib/gcc/arm-none-eabi/4.9.3/armv6-m\libgcc.a(_thumb1_case_uqi.o)
 .text          0x00000000      0x120 c:/program files/cypress/psoc creator/3.3/psoc creator/import/gnu/arm/4.9.3/bin/../lib/gcc/arm-none-eabi/4.9.3/armv6-m\libgcc.a(_udivsi3.o)
 .data          0x00000000        0x0 c:/program files/cypress/psoc creator/3.3/psoc creator/import/gnu/arm/4.9.3/bin/../lib/gcc/arm-none-eabi/4.9.3/armv6-m\libgcc.a(_udivsi3.o)
 .bss           0x00000000        0x0 c:/program files/cypress/psoc creator/3.3/psoc creator/import/gnu/arm/4.9.3/bin/../lib/gcc/arm-none-eabi/4.9.3/armv6-m\libgcc.a(_udivsi3.o)
 .text          0x00000000        0x4 c:/program files/cypress/psoc creator/3.3/psoc creator/import/gnu/arm/4.9.3/bin/../lib/gcc/arm-none-eabi/4.9.3/armv6-m\libgcc.a(_dvmd_tls.o)
 .data          0x00000000        0x0 c:/program files/cypress/psoc creator/3.3/psoc creator/import/gnu/arm/4.9.3/bin/../lib/gcc/arm-none-eabi/4.9.3/armv6-m\libgcc.a(_dvmd_tls.o)
 .bss           0x00000000        0x0 c:/program files/cypress/psoc creator/3.3/psoc creator/import/gnu/arm/4.9.3/bin/../lib/gcc/arm-none-eabi/4.9.3/armv6-m\libgcc.a(_dvmd_tls.o)
 .text          0x00000000        0x0 c:/program files/cypress/psoc creator/3.3/psoc creator/import/gnu/arm/4.9.3/bin/../lib/gcc/arm-none-eabi/4.9.3/../../../../arm-none-eabi/lib/armv6-m\libg_nano.a(lib_a-errno.o)
 .data          0x00000000        0x0 c:/program files/cypress/psoc creator/3.3/psoc creator/import/gnu/arm/4.9.3/bin/../lib/gcc/arm-none-eabi/4.9.3/../../../../arm-none-eabi/lib/armv6-m\libg_nano.a(lib_a-errno.o)
 .bss           0x00000000        0x0 c:/program files/cypress/psoc creator/3.3/psoc creator/import/gnu/arm/4.9.3/bin/../lib/gcc/arm-none-eabi/4.9.3/../../../../arm-none-eabi/lib/armv6-m\libg_nano.a(lib_a-errno.o)
 .text.__errno  0x00000000        0xc c:/program files/cypress/psoc creator/3.3/psoc creator/import/gnu/arm/4.9.3/bin/../lib/gcc/arm-none-eabi/4.9.3/../../../../arm-none-eabi/lib/armv6-m\libg_nano.a(lib_a-errno.o)
 .text          0x00000000        0x0 c:/program files/cypress/psoc creator/3.3/psoc creator/import/gnu/arm/4.9.3/bin/../lib/gcc/arm-none-eabi/4.9.3/../../../../arm-none-eabi/lib/armv6-m\libg_nano.a(lib_a-exit.o)
 .data          0x00000000        0x0 c:/program files/cypress/psoc creator/3.3/psoc creator/import/gnu/arm/4.9.3/bin/../lib/gcc/arm-none-eabi/4.9.3/../../../../arm-none-eabi/lib/armv6-m\libg_nano.a(lib_a-exit.o)
 .bss           0x00000000        0x0 c:/program files/cypress/psoc creator/3.3/psoc creator/import/gnu/arm/4.9.3/bin/../lib/gcc/arm-none-eabi/4.9.3/../../../../arm-none-eabi/lib/armv6-m\libg_nano.a(lib_a-exit.o)
 .text.exit     0x00000000       0x2c c:/program files/cypress/psoc creator/3.3/psoc creator/import/gnu/arm/4.9.3/bin/../lib/gcc/arm-none-eabi/4.9.3/../../../../arm-none-eabi/lib/armv6-m\libg_nano.a(lib_a-exit.o)
 .text          0x00000000        0x0 c:/program files/cypress/psoc creator/3.3/psoc creator/import/gnu/arm/4.9.3/bin/../lib/gcc/arm-none-eabi/4.9.3/../../../../arm-none-eabi/lib/armv6-m\libg_nano.a(lib_a-impure.o)
 .data          0x00000000        0x0 c:/program files/cypress/psoc creator/3.3/psoc creator/import/gnu/arm/4.9.3/bin/../lib/gcc/arm-none-eabi/4.9.3/../../../../arm-none-eabi/lib/armv6-m\libg_nano.a(lib_a-impure.o)
 .bss           0x00000000        0x0 c:/program files/cypress/psoc creator/3.3/psoc creator/import/gnu/arm/4.9.3/bin/../lib/gcc/arm-none-eabi/4.9.3/../../../../arm-none-eabi/lib/armv6-m\libg_nano.a(lib_a-impure.o)
 .data.impure_data
                0x00000000       0x60 c:/program files/cypress/psoc creator/3.3/psoc creator/import/gnu/arm/4.9.3/bin/../lib/gcc/arm-none-eabi/4.9.3/../../../../arm-none-eabi/lib/armv6-m\libg_nano.a(lib_a-impure.o)
 .data._impure_ptr
                0x00000000        0x4 c:/program files/cypress/psoc creator/3.3/psoc creator/import/gnu/arm/4.9.3/bin/../lib/gcc/arm-none-eabi/4.9.3/../../../../arm-none-eabi/lib/armv6-m\libg_nano.a(lib_a-impure.o)
 .rodata.str1.1
                0x00000000        0x2 c:/program files/cypress/psoc creator/3.3/psoc creator/import/gnu/arm/4.9.3/bin/../lib/gcc/arm-none-eabi/4.9.3/../../../../arm-none-eabi/lib/armv6-m\libg_nano.a(lib_a-impure.o)
 .rodata._global_impure_ptr
                0x00000000        0x4 c:/program files/cypress/psoc creator/3.3/psoc creator/import/gnu/arm/4.9.3/bin/../lib/gcc/arm-none-eabi/4.9.3/../../../../arm-none-eabi/lib/armv6-m\libg_nano.a(lib_a-impure.o)
 .text          0x00000000        0x0 c:/program files/cypress/psoc creator/3.3/psoc creator/import/gnu/arm/4.9.3/bin/../lib/gcc/arm-none-eabi/4.9.3/../../../../arm-none-eabi/lib/armv6-m\libg_nano.a(lib_a-init.o)
 .data          0x00000000        0x0 c:/program files/cypress/psoc creator/3.3/psoc creator/import/gnu/arm/4.9.3/bin/../lib/gcc/arm-none-eabi/4.9.3/../../../../arm-none-eabi/lib/armv6-m\libg_nano.a(lib_a-init.o)
 .bss           0x00000000        0x0 c:/program files/cypress/psoc creator/3.3/psoc creator/import/gnu/arm/4.9.3/bin/../lib/gcc/arm-none-eabi/4.9.3/../../../../arm-none-eabi/lib/armv6-m\libg_nano.a(lib_a-init.o)
 .text          0x00000000        0x0 c:/program files/cypress/psoc creator/3.3/psoc creator/import/gnu/arm/4.9.3/bin/../lib/gcc/arm-none-eabi/4.9.3/../../../../arm-none-eabi/lib/armv6-m\libg_nano.a(lib_a-memset.o)
 .data          0x00000000        0x0 c:/program files/cypress/psoc creator/3.3/psoc creator/import/gnu/arm/4.9.3/bin/../lib/gcc/arm-none-eabi/4.9.3/../../../../arm-none-eabi/lib/armv6-m\libg_nano.a(lib_a-memset.o)
 .bss           0x00000000        0x0 c:/program files/cypress/psoc creator/3.3/psoc creator/import/gnu/arm/4.9.3/bin/../lib/gcc/arm-none-eabi/4.9.3/../../../../arm-none-eabi/lib/armv6-m\libg_nano.a(lib_a-memset.o)
 .text          0x00000000        0x0 c:/program files/cypress/psoc creator/3.3/psoc creator/import/gnu/arm/4.9.3/bin/../lib/gcc/arm-none-eabi/4.9.3/armv6-m/crtend.o
 .data          0x00000000        0x0 c:/program files/cypress/psoc creator/3.3/psoc creator/import/gnu/arm/4.9.3/bin/../lib/gcc/arm-none-eabi/4.9.3/armv6-m/crtend.o
 .bss           0x00000000        0x0 c:/program files/cypress/psoc creator/3.3/psoc creator/import/gnu/arm/4.9.3/bin/../lib/gcc/arm-none-eabi/4.9.3/armv6-m/crtend.o
 .text          0x00000000        0x0 c:/program files/cypress/psoc creator/3.3/psoc creator/import/gnu/arm/4.9.3/bin/../lib/gcc/arm-none-eabi/4.9.3/armv6-m/crtn.o
 .data          0x00000000        0x0 c:/program files/cypress/psoc creator/3.3/psoc creator/import/gnu/arm/4.9.3/bin/../lib/gcc/arm-none-eabi/4.9.3/armv6-m/crtn.o
 .bss           0x00000000        0x0 c:/program files/cypress/psoc creator/3.3/psoc creator/import/gnu/arm/4.9.3/bin/../lib/gcc/arm-none-eabi/4.9.3/armv6-m/crtn.o

Memory Configuration

Name             Origin             Length             Attributes
rom              0x00000000         0x00008000         xr
ram              0x20000000         0x00001000         xrw
*default*        0x00000000         0xffffffff

Linker script and memory map

LOAD c:/program files/cypress/psoc creator/3.3/psoc creator/import/gnu/arm/4.9.3/bin/../lib/gcc/arm-none-eabi/4.9.3/armv6-m/crti.o
LOAD c:/program files/cypress/psoc creator/3.3/psoc creator/import/gnu/arm/4.9.3/bin/../lib/gcc/arm-none-eabi/4.9.3/armv6-m/crtbegin.o
LOAD c:/program files/cypress/psoc creator/3.3/psoc creator/import/gnu/arm/4.9.3/bin/../lib/gcc/arm-none-eabi/4.9.3/../../../../arm-none-eabi/lib/armv6-m/crt0.o
START GROUP
LOAD .\CortexM0\ARM_GCC_493\Release\main.o
LOAD .\CortexM0\ARM_GCC_493\Release\genSine.o
LOAD .\CortexM0\ARM_GCC_493\Release\inputScan.o
LOAD .\CortexM0\ARM_GCC_493\Release\Move.o
LOAD .\CortexM0\ARM_GCC_493\Release\PhaseControl.o
LOAD .\CortexM0\ARM_GCC_493\Release\systemInit.o
LOAD .\CortexM0\ARM_GCC_493\Release\Cm0Start.o
LOAD .\CortexM0\ARM_GCC_493\Release\cybootloader.o
LOAD .\CortexM0\ARM_GCC_493\Release\cymetadata.o
LOAD .\CortexM0\ARM_GCC_493\Release\StepMotor_PSoC4200_demo.a
LOAD C:\Program Files\Cypress\PSoC Creator\3.3\PSoC Creator\psoc\content\cycomponentlibrary\CyComponentLibrary.cylib\CortexM0\ARM_GCC_493\Release\CyComponentLibrary.a
END GROUP
START GROUP
LOAD c:/program files/cypress/psoc creator/3.3/psoc creator/import/gnu/arm/4.9.3/bin/../lib/gcc/arm-none-eabi/4.9.3/armv6-m\libgcc.a
LOAD c:/program files/cypress/psoc creator/3.3/psoc creator/import/gnu/arm/4.9.3/bin/../lib/gcc/arm-none-eabi/4.9.3/../../../../arm-none-eabi/lib/armv6-m\libg_nano.a
LOAD c:/program files/cypress/psoc creator/3.3/psoc creator/import/gnu/arm/4.9.3/bin/../lib/gcc/arm-none-eabi/4.9.3/../../../../arm-none-eabi/lib/armv6-m\libc_nano.a
END GROUP
START GROUP
LOAD c:/program files/cypress/psoc creator/3.3/psoc creator/import/gnu/arm/4.9.3/bin/../lib/gcc/arm-none-eabi/4.9.3/armv6-m\libgcc.a
LOAD c:/program files/cypress/psoc creator/3.3/psoc creator/import/gnu/arm/4.9.3/bin/../lib/gcc/arm-none-eabi/4.9.3/../../../../arm-none-eabi/lib/armv6-m\libc_nano.a
END GROUP
LOAD c:/program files/cypress/psoc creator/3.3/psoc creator/import/gnu/arm/4.9.3/bin/../lib/gcc/arm-none-eabi/4.9.3/armv6-m/crtend.o
LOAD c:/program files/cypress/psoc creator/3.3/psoc creator/import/gnu/arm/4.9.3/bin/../lib/gcc/arm-none-eabi/4.9.3/armv6-m/crtn.o
START GROUP
LOAD c:/program files/cypress/psoc creator/3.3/psoc creator/import/gnu/arm/4.9.3/bin/../lib/gcc/arm-none-eabi/4.9.3/armv6-m\libgcc.a
LOAD c:/program files/cypress/psoc creator/3.3/psoc creator/import/gnu/arm/4.9.3/bin/../lib/gcc/arm-none-eabi/4.9.3/../../../../arm-none-eabi/lib/armv6-m\libc.a
LOAD c:/program files/cypress/psoc creator/3.3/psoc creator/import/gnu/arm/4.9.3/bin/../lib/gcc/arm-none-eabi/4.9.3/../../../../arm-none-eabi/lib/armv6-m\libnosys.a
END GROUP
                0x00000000                CY_APPL_ORIGIN = 0x0
                0x00000080                CY_FLASH_ROW_SIZE = 0x80
                0x00000001                CY_APPL_NUM = 0x1
                0x00000001                CY_APPL_MAX = 0x1
                0x00000040                CY_METADATA_SIZE = 0x40
                0x00000001                CY_APPL_LOADABLE = 0x1
                0x00000000                CY_CHECKSUM_EXCLUDE_SIZE = ALIGN (0x0, CY_FLASH_ROW_SIZE)
                0x00000000                CY_APP_FOR_STACK_AND_COPIER = 0x0
                0x20000118                PROVIDE (__cy_heap_start, _end)
                0x00000001                PROVIDE (__cy_region_num, ((__cy_regions_end - __cy_regions) / 0x10))
                0x20001000                PROVIDE (__cy_stack, (ORIGIN (ram) + 0x1000))
                0x20000c00                PROVIDE (__cy_heap_end, (__cy_stack - 0x400))

.cybootloader   0x00000000     0x1100
 *(.cybootloader)
 .cybootloader  0x00000000     0x1100 .\CortexM0\ARM_GCC_493\Release\cybootloader.o
                0x00000000                cy_bootloader
                0x00001100                appl1_start = CY_APPL_ORIGIN?CY_APPL_ORIGIN:ALIGN (CY_FLASH_ROW_SIZE)
                0x00004800                appl2_start = (appl1_start + ALIGN ((((0x8000 - appl1_start) - (0x2 * CY_FLASH_ROW_SIZE)) / 0x2), CY_FLASH_ROW_SIZE))
                0x00001100                appl_start = (CY_APPL_NUM == 0x1)?appl1_start:appl2_start
                0x00000000                cy_project_type_bootloader = (appl_start == 0x0)?0x1:0x0
                0x00000000                cy_project_type_app_for_stack_and_copier = (CY_APP_FOR_STACK_AND_COPIER == 0x1)?0x1:0x0

.text           0x00001100      0xad8
 CREATE_OBJECT_SYMBOLS
                0x00001100                PROVIDE (__cy_interrupt_vector, RomVectors)
 *(.romvectors)
 .romvectors    0x00001100       0x10 .\CortexM0\ARM_GCC_493\Release\Cm0Start.o
                0x00001100                RomVectors
                0x00000001                ASSERT ((. != __cy_interrupt_vector), No interrupt vector)
                0x00000001                ASSERT (CY_APPL_ORIGIN?(SIZEOF (.cybootloader) <= CY_APPL_ORIGIN):0x1, Wrong image location)
                0x00001110                PROVIDE (__cy_reset, Reset)
 *(.text.Reset)
 .text.Reset    0x00001110       0x10 .\CortexM0\ARM_GCC_493\Release\Cm0Start.o
                0x00001110                Reset
                0x00000001                ASSERT ((. != __cy_reset), No reset code)
 *(.psocinit)
 .psocinit      0x00001120      0x1c0 .\CortexM0\ARM_GCC_493\Release\StepMotor_PSoC4200_demo.a(cyfitter_cfg.o)
                0x00001120                cyfitter_cfg
                0x000012e0                . = MAX (., 0x100)
 *(.text .text.* .gnu.linkonce.t.*)
 .text          0x000012e0       0x60 c:/program files/cypress/psoc creator/3.3/psoc creator/import/gnu/arm/4.9.3/bin/../lib/gcc/arm-none-eabi/4.9.3/armv6-m/crtbegin.o
 .text.startup.main
                0x00001340      0x14c .\CortexM0\ARM_GCC_493\Release\main.o
                0x00001340                main
 .text.genSine  0x0000148c       0x1c .\CortexM0\ARM_GCC_493\Release\genSine.o
                0x0000148c                genSine
 .text.inputScan
                0x000014a8       0x44 .\CortexM0\ARM_GCC_493\Release\inputScan.o
                0x000014a8                inputScan
 .text.Move     0x000014ec       0xcc .\CortexM0\ARM_GCC_493\Release\Move.o
                0x000014ec                Move
 .text.phaseControl
                0x000015b8        0x8 .\CortexM0\ARM_GCC_493\Release\PhaseControl.o
                0x000015b8                phaseControl
 .text.phaseMove
                0x000015c0       0x58 .\CortexM0\ARM_GCC_493\Release\PhaseControl.o
                0x000015c0                phaseMove
 .text.systemInit
                0x00001618       0x98 .\CortexM0\ARM_GCC_493\Release\systemInit.o
                0x00001618                systemInit
 .text.IntDefaultHandler
                0x000016b0        0x2 .\CortexM0\ARM_GCC_493\Release\Cm0Start.o
                0x000016b0                IntDefaultHandler
 *fill*         0x000016b2        0x2 
 .text.Start_c  0x000016b4       0x4c .\CortexM0\ARM_GCC_493\Release\Cm0Start.o
                0x000016b4                Start_c
 .text.startup.initialize_psoc
                0x00001700       0x50 .\CortexM0\ARM_GCC_493\Release\Cm0Start.o
                0x00001700                initialize_psoc
 .text.INTERNAL_STEP_OUT_Read
                0x00001750       0x10 .\CortexM0\ARM_GCC_493\Release\StepMotor_PSoC4200_demo.a(INTERNAL_STEP_OUT.o)
                0x00001750                INTERNAL_STEP_OUT_Read
 .text.STEP_INPUT_Read
                0x00001760       0x10 .\CortexM0\ARM_GCC_493\Release\StepMotor_PSoC4200_demo.a(STEP_INPUT.o)
                0x00001760                STEP_INPUT_Read
 .text.DIR_INPUT_Read
                0x00001770       0x10 .\CortexM0\ARM_GCC_493\Release\StepMotor_PSoC4200_demo.a(DIR_INPUT.o)
                0x00001770                DIR_INPUT_Read
 .text.STEP_INPUT_SOURCE_Read
                0x00001780       0x10 .\CortexM0\ARM_GCC_493\Release\StepMotor_PSoC4200_demo.a(STEP_INPUT_SOURCE.o)
                0x00001780                STEP_INPUT_SOURCE_Read
 .text.DIR_INPUT_SOURCE_Read
                0x00001790       0x10 .\CortexM0\ARM_GCC_493\Release\StepMotor_PSoC4200_demo.a(DIR_INPUT_SOURCE.o)
                0x00001790                DIR_INPUT_SOURCE_Read
 .text.DIR_REG_Write
                0x000017a0        0xc .\CortexM0\ARM_GCC_493\Release\StepMotor_PSoC4200_demo.a(DIR_REG.o)
                0x000017a0                DIR_REG_Write
 .text.CyDelayUs
                0x000017ac       0x14 .\CortexM0\ARM_GCC_493\Release\StepMotor_PSoC4200_demo.a(CyLib.o)
                0x000017ac                CyDelayUs
 .text.CySysClkWriteImoFreq
                0x000017c0      0x124 .\CortexM0\ARM_GCC_493\Release\StepMotor_PSoC4200_demo.a(CyLib.o)
                0x000017c0                CySysClkWriteImoFreq
 .text.Clock_PWM_MAIN_Start
                0x000018e4       0x14 .\CortexM0\ARM_GCC_493\Release\StepMotor_PSoC4200_demo.a(Clock_PWM_MAIN.o)
                0x000018e4                Clock_PWM_MAIN_Start
 .text.INTERNAL_STEP_Enable
                0x000018f8       0x10 .\CortexM0\ARM_GCC_493\Release\StepMotor_PSoC4200_demo.a(INTERNAL_STEP.o)
                0x000018f8                INTERNAL_STEP_Enable
 .text.INTERNAL_STEP_ClearFIFO
                0x00001908       0x18 .\CortexM0\ARM_GCC_493\Release\StepMotor_PSoC4200_demo.a(INTERNAL_STEP.o)
                0x00001908                INTERNAL_STEP_ClearFIFO
 .text.INTERNAL_STEP_Init
                0x00001920       0x70 .\CortexM0\ARM_GCC_493\Release\StepMotor_PSoC4200_demo.a(INTERNAL_STEP.o)
                0x00001920                INTERNAL_STEP_Init
 .text.INTERNAL_STEP_Start
                0x00001990       0x1c .\CortexM0\ARM_GCC_493\Release\StepMotor_PSoC4200_demo.a(INTERNAL_STEP.o)
                0x00001990                INTERNAL_STEP_Start
 .text.INTERNAL_STEP_WritePeriod
                0x000019ac        0xc .\CortexM0\ARM_GCC_493\Release\StepMotor_PSoC4200_demo.a(INTERNAL_STEP.o)
                0x000019ac                INTERNAL_STEP_WritePeriod
 .text.INTERNAL_STEP_WriteCompare
                0x000019b8        0xc .\CortexM0\ARM_GCC_493\Release\StepMotor_PSoC4200_demo.a(INTERNAL_STEP.o)
                0x000019b8                INTERNAL_STEP_WriteCompare
 .text.TCPWM_2_Init
                0x000019c4       0x54 .\CortexM0\ARM_GCC_493\Release\StepMotor_PSoC4200_demo.a(TCPWM_2.o)
                0x000019c4                TCPWM_2_Init
 .text.TCPWM_2_WriteCompare
                0x00001a18        0xc .\CortexM0\ARM_GCC_493\Release\StepMotor_PSoC4200_demo.a(TCPWM_2.o)
                0x00001a18                TCPWM_2_WriteCompare
 .text.TCPWM_2_TriggerCommand
                0x00001a24       0x1c .\CortexM0\ARM_GCC_493\Release\StepMotor_PSoC4200_demo.a(TCPWM_2.o)
                0x00001a24                TCPWM_2_TriggerCommand
 .text.TCPWM_2_Enable
                0x00001a40       0x24 .\CortexM0\ARM_GCC_493\Release\StepMotor_PSoC4200_demo.a(TCPWM_2.o)
                0x00001a40                TCPWM_2_Enable
 .text.TCPWM_2_Start
                0x00001a64       0x1c .\CortexM0\ARM_GCC_493\Release\StepMotor_PSoC4200_demo.a(TCPWM_2.o)
                0x00001a64                TCPWM_2_Start
 .text.TCPWM_1_Init
                0x00001a80       0x54 .\CortexM0\ARM_GCC_493\Release\StepMotor_PSoC4200_demo.a(TCPWM_1.o)
                0x00001a80                TCPWM_1_Init
 .text.TCPWM_1_WriteCompare
                0x00001ad4        0xc .\CortexM0\ARM_GCC_493\Release\StepMotor_PSoC4200_demo.a(TCPWM_1.o)
                0x00001ad4                TCPWM_1_WriteCompare
 .text.TCPWM_1_TriggerCommand
                0x00001ae0       0x1c .\CortexM0\ARM_GCC_493\Release\StepMotor_PSoC4200_demo.a(TCPWM_1.o)
                0x00001ae0                TCPWM_1_TriggerCommand
 .text.TCPWM_1_Enable
                0x00001afc       0x24 .\CortexM0\ARM_GCC_493\Release\StepMotor_PSoC4200_demo.a(TCPWM_1.o)
                0x00001afc                TCPWM_1_Enable
 .text.TCPWM_1_Start
                0x00001b20       0x1c .\CortexM0\ARM_GCC_493\Release\StepMotor_PSoC4200_demo.a(TCPWM_1.o)
                0x00001b20                TCPWM_1_Start
 *fill*         0x00001b3c        0x4 
 .text          0x00001b40       0x28 .\CortexM0\ARM_GCC_493\Release\StepMotor_PSoC4200_demo.a(CyBootAsmGnu.o)
                0x00001b40                CyDelayCycles
                0x00001b54                CyEnterCriticalSection
                0x00001b5c                CyExitCriticalSection
 .text          0x00001b68       0x14 c:/program files/cypress/psoc creator/3.3/psoc creator/import/gnu/arm/4.9.3/bin/../lib/gcc/arm-none-eabi/4.9.3/armv6-m\libgcc.a(_thumb1_case_uqi.o)
                0x00001b68                __gnu_thumb1_case_uqi
 .text.__libc_init_array
                0x00001b7c       0x4c c:/program files/cypress/psoc creator/3.3/psoc creator/import/gnu/arm/4.9.3/bin/../lib/gcc/arm-none-eabi/4.9.3/../../../../arm-none-eabi/lib/armv6-m\libg_nano.a(lib_a-init.o)
                0x00001b7c                __libc_init_array
 .text.memset   0x00001bc8       0x10 c:/program files/cypress/psoc creator/3.3/psoc creator/import/gnu/arm/4.9.3/bin/../lib/gcc/arm-none-eabi/4.9.3/../../../../arm-none-eabi/lib/armv6-m\libg_nano.a(lib_a-memset.o)
                0x00001bc8                memset
 *(.plt)
 *(.gnu.warning)
 *(.glue_7t)
 .glue_7t       0x00000000        0x0 linker stubs
 *(.glue_7)
 .glue_7        0x00000000        0x0 linker stubs
 *(.vfp11_veneer)
 .vfp11_veneer  0x00000000        0x0 linker stubs
 *(.bootloader)
 *(.ARM.extab* .gnu.linkonce.armextab.*)
 *(.gcc_except_table)

.v4_bx          0x00001bd8        0x0
 .v4_bx         0x00000000        0x0 linker stubs

.iplt           0x00001bd8        0x0
 .iplt          0x00000000        0x0 c:/program files/cypress/psoc creator/3.3/psoc creator/import/gnu/arm/4.9.3/bin/../lib/gcc/arm-none-eabi/4.9.3/armv6-m/crtbegin.o

.eh_frame_hdr
 *(.eh_frame_hdr)

.eh_frame       0x00001bd8        0x4
 *(.eh_frame)
 .eh_frame      0x00001bd8        0x0 c:/program files/cypress/psoc creator/3.3/psoc creator/import/gnu/arm/4.9.3/bin/../lib/gcc/arm-none-eabi/4.9.3/armv6-m/crtbegin.o
 .eh_frame      0x00001bd8        0x4 c:/program files/cypress/psoc creator/3.3/psoc creator/import/gnu/arm/4.9.3/bin/../lib/gcc/arm-none-eabi/4.9.3/armv6-m/crtend.o
                0x00001bdc                PROVIDE (__exidx_start, .)

.ARM.exidx
 *(.ARM.exidx* .gnu.linkonce.armexidx.*)
                0x00001bdc                __exidx_end = .

.rodata         0x00001bdc      0x17c
 *(.rodata .rodata.* .gnu.linkonce.r.*)
 .rodata        0x00001bdc       0x11 .\CortexM0\ARM_GCC_493\Release\main.o
                0x00001bdc                sineTable
 *fill*         0x00001bed        0x3 
 .rodata        0x00001bf0      0x104 .\CortexM0\ARM_GCC_493\Release\StepMotor_PSoC4200_demo.a(cyfitter_cfg.o)
 .rodata        0x00001cf4       0x2e .\CortexM0\ARM_GCC_493\Release\StepMotor_PSoC4200_demo.a(CyLib.o)
                0x00001cf4                cyImoFreqMhz2Reg
                0x00001d24                . = ALIGN (0x4)
 *fill*         0x00001d22        0x2 
 *(.init)
 .init          0x00001d24        0x4 c:/program files/cypress/psoc creator/3.3/psoc creator/import/gnu/arm/4.9.3/bin/../lib/gcc/arm-none-eabi/4.9.3/armv6-m/crti.o
                0x00001d24                _init
 .init          0x00001d28        0x8 c:/program files/cypress/psoc creator/3.3/psoc creator/import/gnu/arm/4.9.3/bin/../lib/gcc/arm-none-eabi/4.9.3/armv6-m/crtn.o
                0x00001d30                . = ALIGN (0x4)
                0x00001d30                __preinit_array_start = .
 *(.preinit_array)
                0x00001d30                __preinit_array_end = .
                0x00001d30                . = ALIGN (0x4)
                0x00001d30                __init_array_start = .
 *(SORT(.init_array.*))
 *(.init_array)
 .init_array    0x00001d30        0x4 c:/program files/cypress/psoc creator/3.3/psoc creator/import/gnu/arm/4.9.3/bin/../lib/gcc/arm-none-eabi/4.9.3/armv6-m/crtbegin.o
 .init_array    0x00001d34        0x4 .\CortexM0\ARM_GCC_493\Release\Cm0Start.o
                0x00001d38                __init_array_end = .
                0x00001d38                . = ALIGN (0x4)
 *(.fini)
 .fini          0x00001d38        0x4 c:/program files/cypress/psoc creator/3.3/psoc creator/import/gnu/arm/4.9.3/bin/../lib/gcc/arm-none-eabi/4.9.3/armv6-m/crti.o
                0x00001d38                _fini
 .fini          0x00001d3c        0x8 c:/program files/cypress/psoc creator/3.3/psoc creator/import/gnu/arm/4.9.3/bin/../lib/gcc/arm-none-eabi/4.9.3/armv6-m/crtn.o
                0x00001d44                . = ALIGN (0x4)
                0x00001d44                __fini_array_start = .
 *(.fini_array)
 .fini_array    0x00001d44        0x4 c:/program files/cypress/psoc creator/3.3/psoc creator/import/gnu/arm/4.9.3/bin/../lib/gcc/arm-none-eabi/4.9.3/armv6-m/crtbegin.o
 *(SORT(.fini_array.*))
                0x00001d48                __fini_array_end = .
                0x00001d48                . = ALIGN (0x4)
 *crtbegin.o(.ctors)
 *(EXCLUDE_FILE(*crtend.o) .ctors)
 *(SORT(.ctors.*))
 *crtend.o(.ctors)
                0x00001d48                . = ALIGN (0x4)
 *crtbegin.o(.dtors)
 *(EXCLUDE_FILE(*crtend.o) .dtors)
 *(SORT(.dtors.*))
 *crtend.o(.dtors)
                0x00001d48                . = ALIGN (0x4)
                0x00001d48                __cy_regions = .
                0x00001d48        0x4 LONG 0x1d58 __cy_region_init_ram
                0x00001d4c        0x4 LONG 0x200000d0 __cy_region_start_data
                0x00001d50        0x4 LONG 0x18 __cy_region_init_size_ram
                0x00001d54        0x4 LONG 0x30 __cy_region_zero_size_ram
                0x00001d58                __cy_regions_end = .
                0x00001d58                . = ALIGN (0x8)
                0x00001d58                _etext = .

.ramvectors     0x20000000       0xc0
                0x20000000                __cy_region_start_ram = .
 *(.ramvectors)
 .ramvectors    0x20000000       0xc0 .\CortexM0\ARM_GCC_493\Release\Cm0Start.o
                0x20000000                CyRamVectors

.btldr_run      0x200000c0        0x4
 *(.bootloaderruntype)
 .bootloaderruntype
                0x200000c0        0x4 .\CortexM0\ARM_GCC_493\Release\Cm0Start.o
                0x200000c0                cyBtldrRunType

.noinit         0x200000c8        0x4
 *(.noinit)
 .noinit        0x200000c8        0x4 .\CortexM0\ARM_GCC_493\Release\Cm0Start.o

.data           0x200000d0       0x18 load address 0x00001d58
                0x200000d0                __cy_region_start_data = .
 *(.jcr)
 .jcr           0x200000d0        0x0 c:/program files/cypress/psoc creator/3.3/psoc creator/import/gnu/arm/4.9.3/bin/../lib/gcc/arm-none-eabi/4.9.3/armv6-m/crtbegin.o
 .jcr           0x200000d0        0x4 c:/program files/cypress/psoc creator/3.3/psoc creator/import/gnu/arm/4.9.3/bin/../lib/gcc/arm-none-eabi/4.9.3/armv6-m/crtend.o
 *(.got.plt)
 *(.got)
 *(.shdata)
 *(.data .data.* .gnu.linkonce.d.*)
 .data          0x200000d4       0x10 .\CortexM0\ARM_GCC_493\Release\StepMotor_PSoC4200_demo.a(CyLib.o)
                0x200000d4                cydelay32kMs
                0x200000d8                cydelayFreqKhz
                0x200000dc                cydelayFreqMhz
                0x200000e0                cydelayFreqHz
                0x200000e8                . = ALIGN (0x8)
 *fill*         0x200000e4        0x4 
 *(.ram)
                0x200000e8                _edata = .

.igot.plt       0x200000e8        0x0 load address 0x00001d70
 .igot.plt      0x00000000        0x0 c:/program files/cypress/psoc creator/3.3/psoc creator/import/gnu/arm/4.9.3/bin/../lib/gcc/arm-none-eabi/4.9.3/armv6-m/crtbegin.o

.bss            0x200000e8       0x30 load address 0x00001d70
                0x200000e8                PROVIDE (__bss_start__, .)
 *(.shbss)
 *(.bss .bss.* .gnu.linkonce.b.*)
 .bss           0x200000e8       0x1c c:/program files/cypress/psoc creator/3.3/psoc creator/import/gnu/arm/4.9.3/bin/../lib/gcc/arm-none-eabi/4.9.3/armv6-m/crtbegin.o
 .bss           0x20000104        0x1 .\CortexM0\ARM_GCC_493\Release\StepMotor_PSoC4200_demo.a(INTERNAL_STEP.o)
                0x20000104                INTERNAL_STEP_initVar
 .bss           0x20000105        0x1 .\CortexM0\ARM_GCC_493\Release\StepMotor_PSoC4200_demo.a(TCPWM_2.o)
                0x20000105                TCPWM_2_initVar
 .bss           0x20000106        0x1 .\CortexM0\ARM_GCC_493\Release\StepMotor_PSoC4200_demo.a(TCPWM_1.o)
                0x20000106                TCPWM_1_initVar
 *(COMMON)
 COMMON         0x20000107        0xc .\CortexM0\ARM_GCC_493\Release\main.o
                0x20000107                pwmB
                0x20000108                currentStepA
                0x20000109                previousDivider
                0x2000010a                pwmA
                0x2000010b                dirReg
                0x2000010c                phase
                0x2000010d                stepPulse
                0x2000010e                FullScale
                0x2000010f                divider
                0x20000110                previousStepPulse
                0x20000111                currentStepB
                0x20000112                step
                0x20000118                . = ALIGN (0x8)
 *fill*         0x20000113        0x5 
 *(.ram.b)
                0x20000118                _end = .
                0x20000118                __end = .
                0x20000118                PROVIDE (end, .)
                0x20000118                PROVIDE (__bss_end__, .)
                0x00001d58                __cy_region_init_ram = LOADADDR (.data)
                0x00000018                __cy_region_init_size_ram = (_edata - ADDR (.data))
                0x00000030                __cy_region_zero_size_ram = (_end - _edata)

.heap           0x20000118      0x100 load address 0x00001d70
                0x20000118                . = _end
                0x20000218                . = (. + 0x100)
 *fill*         0x20000118      0x100 
                0x20000218                __cy_heap_limit = .

.stack          0x20000c00      0x400
                0x20000c00                __cy_stack_limit = .
                0x20001000                . = (. + 0x400)
 *fill*         0x20000c00      0x400 
                0x00000001                ASSERT ((__cy_stack_limit >= __cy_heap_limit), region RAM overflowed with stack)

.cy_checksum_exclude
                0x00007f80        0x0
 *(.cy_checksum_exclude)
                0x00000000                cy_checksum_exclude_size = (CY_APPL_LOADABLE == 0x1)?SIZEOF (.cy_checksum_exclude):0x0
                0x00000001                ASSERT ((cy_checksum_exclude_size <= CY_CHECKSUM_EXCLUDE_SIZE), CY_BOOT: Section .cy_checksum_exclude size exceedes specified limit.)
                0xf0000000                cyloadermeta_start = (cy_project_type_bootloader || cy_project_type_app_for_stack_and_copier)?(0x8000 - CY_METADATA_SIZE):0xf0000000

.cyloadermeta   0xf0000000       0x40
 *(.cyloadermeta)
 .cyloadermeta  0xf0000000       0x40 .\CortexM0\ARM_GCC_493\Release\cybootloader.o
                0xf0000000                cy_meta_loader
                0x00007fc0                cyloadablemeta_start = cy_project_type_app_for_stack_and_copier?((0x8000 - CY_FLASH_ROW_SIZE) - CY_METADATA_SIZE):((0x8000 - (CY_FLASH_ROW_SIZE * (CY_APPL_NUM - 0x1))) - CY_METADATA_SIZE)

.cyloadablemeta
                0x00007fc0       0x40
 *(.cyloadablemeta)
 .cyloadablemeta
                0x00007fc0       0x40 .\CortexM0\ARM_GCC_493\Release\cymetadata.o
                0x00007fc0                cy_meta_loadable

.cyflashprotect
                0x90400000       0x20
 *(.cyflashprotect)
 .cyflashprotect
                0x90400000       0x20 .\CortexM0\ARM_GCC_493\Release\cybootloader.o
                0x90400000                cy_meta_flashprotect

.cymeta         0x90500000        0xc
 *(.cymeta)
 .cymeta        0x90500000        0xc .\CortexM0\ARM_GCC_493\Release\cybootloader.o
                0x90500000                cy_metadata

.cychipprotect  0x90600000        0x1
 *(.cychipprotect)
 .cychipprotect
                0x90600000        0x1 .\CortexM0\ARM_GCC_493\Release\cybootloader.o
                0x90600000                cy_meta_chipprotect

.rel.dyn        0x00008000        0x0 load address 0x90600004
 .rel.iplt      0x00000000        0x0 c:/program files/cypress/psoc creator/3.3/psoc creator/import/gnu/arm/4.9.3/bin/../lib/gcc/arm-none-eabi/4.9.3/armv6-m/crtbegin.o

.stab
 *(.stab)

.stabstr
 *(.stabstr)

.debug
 *(.debug)

.line
 *(.line)

.debug_srcinfo
 *(.debug_srcinfo)

.debug_sfnames
 *(.debug_sfnames)

.debug_aranges  0x00000000      0x7e0
 *(.debug_aranges)
 .debug_aranges
                0x00000000       0x20 .\CortexM0\ARM_GCC_493\Release\main.o
 .debug_aranges
                0x00000020       0x20 .\CortexM0\ARM_GCC_493\Release\genSine.o
 .debug_aranges
                0x00000040       0x20 .\CortexM0\ARM_GCC_493\Release\inputScan.o
 .debug_aranges
                0x00000060       0x20 .\CortexM0\ARM_GCC_493\Release\Move.o
 .debug_aranges
                0x00000080       0x28 .\CortexM0\ARM_GCC_493\Release\PhaseControl.o
 .debug_aranges
                0x000000a8       0x20 .\CortexM0\ARM_GCC_493\Release\systemInit.o
 .debug_aranges
                0x000000c8       0x48 .\CortexM0\ARM_GCC_493\Release\Cm0Start.o
 .debug_aranges
                0x00000110       0x18 .\CortexM0\ARM_GCC_493\Release\cybootloader.o
 .debug_aranges
                0x00000128       0x18 .\CortexM0\ARM_GCC_493\Release\cymetadata.o
 .debug_aranges
                0x00000140       0x20 .\CortexM0\ARM_GCC_493\Release\StepMotor_PSoC4200_demo.a(cyfitter_cfg.o)
 .debug_aranges
                0x00000160       0x40 .\CortexM0\ARM_GCC_493\Release\StepMotor_PSoC4200_demo.a(INTERNAL_STEP_OUT.o)
 .debug_aranges
                0x000001a0       0x40 .\CortexM0\ARM_GCC_493\Release\StepMotor_PSoC4200_demo.a(STEP_INPUT.o)
 .debug_aranges
                0x000001e0       0x40 .\CortexM0\ARM_GCC_493\Release\StepMotor_PSoC4200_demo.a(DIR_INPUT.o)
 .debug_aranges
                0x00000220       0x40 .\CortexM0\ARM_GCC_493\Release\StepMotor_PSoC4200_demo.a(STEP_INPUT_SOURCE.o)
 .debug_aranges
                0x00000260       0x40 .\CortexM0\ARM_GCC_493\Release\StepMotor_PSoC4200_demo.a(DIR_INPUT_SOURCE.o)
 .debug_aranges
                0x000002a0       0x28 .\CortexM0\ARM_GCC_493\Release\StepMotor_PSoC4200_demo.a(DIR_REG.o)
 .debug_aranges
                0x000002c8      0x170 .\CortexM0\ARM_GCC_493\Release\StepMotor_PSoC4200_demo.a(CyLib.o)
 .debug_aranges
                0x00000438       0x40 .\CortexM0\ARM_GCC_493\Release\StepMotor_PSoC4200_demo.a(Clock_PWM_MAIN.o)
 .debug_aranges
                0x00000478       0x98 .\CortexM0\ARM_GCC_493\Release\StepMotor_PSoC4200_demo.a(INTERNAL_STEP.o)
 .debug_aranges
                0x00000510      0x158 .\CortexM0\ARM_GCC_493\Release\StepMotor_PSoC4200_demo.a(TCPWM_2.o)
 .debug_aranges
                0x00000668      0x158 .\CortexM0\ARM_GCC_493\Release\StepMotor_PSoC4200_demo.a(TCPWM_1.o)
 .debug_aranges
                0x000007c0       0x20 .\CortexM0\ARM_GCC_493\Release\StepMotor_PSoC4200_demo.a(CyBootAsmGnu.o)

.debug_pubnames
 *(.debug_pubnames)

.debug_info     0x00000000     0x3cc3
 *(.debug_info .gnu.linkonce.wi.*)
 .debug_info    0x00000000      0x258 .\CortexM0\ARM_GCC_493\Release\main.o
 .debug_info    0x00000258       0xf1 .\CortexM0\ARM_GCC_493\Release\genSine.o
 .debug_info    0x00000349      0x134 .\CortexM0\ARM_GCC_493\Release\inputScan.o
 .debug_info    0x0000047d      0x195 .\CortexM0\ARM_GCC_493\Release\Move.o
 .debug_info    0x00000612      0x104 .\CortexM0\ARM_GCC_493\Release\PhaseControl.o
 .debug_info    0x00000716      0x213 .\CortexM0\ARM_GCC_493\Release\systemInit.o
 .debug_info    0x00000929      0x39b .\CortexM0\ARM_GCC_493\Release\Cm0Start.o
 .debug_info    0x00000cc4      0x14d .\CortexM0\ARM_GCC_493\Release\cybootloader.o
 .debug_info    0x00000e11       0xb1 .\CortexM0\ARM_GCC_493\Release\cymetadata.o
 .debug_info    0x00000ec2      0x3aa .\CortexM0\ARM_GCC_493\Release\StepMotor_PSoC4200_demo.a(cyfitter_cfg.o)
 .debug_info    0x0000126c      0x14c .\CortexM0\ARM_GCC_493\Release\StepMotor_PSoC4200_demo.a(INTERNAL_STEP_OUT.o)
 .debug_info    0x000013b8      0x14c .\CortexM0\ARM_GCC_493\Release\StepMotor_PSoC4200_demo.a(STEP_INPUT.o)
 .debug_info    0x00001504      0x14c .\CortexM0\ARM_GCC_493\Release\StepMotor_PSoC4200_demo.a(DIR_INPUT.o)
 .debug_info    0x00001650      0x151 .\CortexM0\ARM_GCC_493\Release\StepMotor_PSoC4200_demo.a(STEP_INPUT_SOURCE.o)
 .debug_info    0x000017a1      0x14c .\CortexM0\ARM_GCC_493\Release\StepMotor_PSoC4200_demo.a(DIR_INPUT_SOURCE.o)
 .debug_info    0x000018ed       0xd5 .\CortexM0\ARM_GCC_493\Release\StepMotor_PSoC4200_demo.a(DIR_REG.o)
 .debug_info    0x000019c2      0xa7d .\CortexM0\ARM_GCC_493\Release\StepMotor_PSoC4200_demo.a(CyLib.o)
 .debug_info    0x0000243f      0x14d .\CortexM0\ARM_GCC_493\Release\StepMotor_PSoC4200_demo.a(Clock_PWM_MAIN.o)
 .debug_info    0x0000258c      0x3c0 .\CortexM0\ARM_GCC_493\Release\StepMotor_PSoC4200_demo.a(INTERNAL_STEP.o)
 .debug_info    0x0000294c      0x95b .\CortexM0\ARM_GCC_493\Release\StepMotor_PSoC4200_demo.a(TCPWM_2.o)
 .debug_info    0x000032a7      0x95b .\CortexM0\ARM_GCC_493\Release\StepMotor_PSoC4200_demo.a(TCPWM_1.o)
 .debug_info    0x00003c02       0xc1 .\CortexM0\ARM_GCC_493\Release\StepMotor_PSoC4200_demo.a(CyBootAsmGnu.o)

.debug_abbrev   0x00000000     0x16e6
 *(.debug_abbrev)
 .debug_abbrev  0x00000000       0xeb .\CortexM0\ARM_GCC_493\Release\main.o
 .debug_abbrev  0x000000eb       0x97 .\CortexM0\ARM_GCC_493\Release\genSine.o
 .debug_abbrev  0x00000182       0x8f .\CortexM0\ARM_GCC_493\Release\inputScan.o
 .debug_abbrev  0x00000211       0xd4 .\CortexM0\ARM_GCC_493\Release\Move.o
 .debug_abbrev  0x000002e5       0xaa .\CortexM0\ARM_GCC_493\Release\PhaseControl.o
 .debug_abbrev  0x0000038f       0xd5 .\CortexM0\ARM_GCC_493\Release\systemInit.o
 .debug_abbrev  0x00000464      0x20f .\CortexM0\ARM_GCC_493\Release\Cm0Start.o
 .debug_abbrev  0x00000673       0x77 .\CortexM0\ARM_GCC_493\Release\cybootloader.o
 .debug_abbrev  0x000006ea       0x5d .\CortexM0\ARM_GCC_493\Release\cymetadata.o
 .debug_abbrev  0x00000747      0x1f8 .\CortexM0\ARM_GCC_493\Release\StepMotor_PSoC4200_demo.a(cyfitter_cfg.o)
 .debug_abbrev  0x0000093f       0xc4 .\CortexM0\ARM_GCC_493\Release\StepMotor_PSoC4200_demo.a(INTERNAL_STEP_OUT.o)
 .debug_abbrev  0x00000a03       0xc4 .\CortexM0\ARM_GCC_493\Release\StepMotor_PSoC4200_demo.a(STEP_INPUT.o)
 .debug_abbrev  0x00000ac7       0xc4 .\CortexM0\ARM_GCC_493\Release\StepMotor_PSoC4200_demo.a(DIR_INPUT.o)
 .debug_abbrev  0x00000b8b       0xc6 .\CortexM0\ARM_GCC_493\Release\StepMotor_PSoC4200_demo.a(STEP_INPUT_SOURCE.o)
 .debug_abbrev  0x00000c51       0xc4 .\CortexM0\ARM_GCC_493\Release\StepMotor_PSoC4200_demo.a(DIR_INPUT_SOURCE.o)
 .debug_abbrev  0x00000d15       0x8e .\CortexM0\ARM_GCC_493\Release\StepMotor_PSoC4200_demo.a(DIR_REG.o)
 .debug_abbrev  0x00000da3      0x318 .\CortexM0\ARM_GCC_493\Release\StepMotor_PSoC4200_demo.a(CyLib.o)
 .debug_abbrev  0x000010bb       0xd3 .\CortexM0\ARM_GCC_493\Release\StepMotor_PSoC4200_demo.a(Clock_PWM_MAIN.o)
 .debug_abbrev  0x0000118e      0x1e2 .\CortexM0\ARM_GCC_493\Release\StepMotor_PSoC4200_demo.a(INTERNAL_STEP.o)
 .debug_abbrev  0x00001370      0x1b1 .\CortexM0\ARM_GCC_493\Release\StepMotor_PSoC4200_demo.a(TCPWM_2.o)
 .debug_abbrev  0x00001521      0x1b1 .\CortexM0\ARM_GCC_493\Release\StepMotor_PSoC4200_demo.a(TCPWM_1.o)
 .debug_abbrev  0x000016d2       0x14 .\CortexM0\ARM_GCC_493\Release\StepMotor_PSoC4200_demo.a(CyBootAsmGnu.o)

.debug_line     0x00000000     0x1c4c
 *(.debug_line)
 .debug_line    0x00000000       0xd2 .\CortexM0\ARM_GCC_493\Release\main.o
 .debug_line    0x000000d2       0x74 .\CortexM0\ARM_GCC_493\Release\genSine.o
 .debug_line    0x00000146       0xde .\CortexM0\ARM_GCC_493\Release\inputScan.o
 .debug_line    0x00000224       0xc4 .\CortexM0\ARM_GCC_493\Release\Move.o
 .debug_line    0x000002e8       0xac .\CortexM0\ARM_GCC_493\Release\PhaseControl.o
 .debug_line    0x00000394       0xcd .\CortexM0\ARM_GCC_493\Release\systemInit.o
 .debug_line    0x00000461      0x22a .\CortexM0\ARM_GCC_493\Release\Cm0Start.o
 .debug_line    0x0000068b       0x55 .\CortexM0\ARM_GCC_493\Release\cybootloader.o
 .debug_line    0x000006e0       0x53 .\CortexM0\ARM_GCC_493\Release\cymetadata.o
 .debug_line    0x00000733      0x149 .\CortexM0\ARM_GCC_493\Release\StepMotor_PSoC4200_demo.a(cyfitter_cfg.o)
 .debug_line    0x0000087c       0xc1 .\CortexM0\ARM_GCC_493\Release\StepMotor_PSoC4200_demo.a(INTERNAL_STEP_OUT.o)
 .debug_line    0x0000093d       0xba .\CortexM0\ARM_GCC_493\Release\StepMotor_PSoC4200_demo.a(STEP_INPUT.o)
 .debug_line    0x000009f7       0xb9 .\CortexM0\ARM_GCC_493\Release\StepMotor_PSoC4200_demo.a(DIR_INPUT.o)
 .debug_line    0x00000ab0       0xc0 .\CortexM0\ARM_GCC_493\Release\StepMotor_PSoC4200_demo.a(STEP_INPUT_SOURCE.o)
 .debug_line    0x00000b70       0xc0 .\CortexM0\ARM_GCC_493\Release\StepMotor_PSoC4200_demo.a(DIR_INPUT_SOURCE.o)
 .debug_line    0x00000c30       0x76 .\CortexM0\ARM_GCC_493\Release\StepMotor_PSoC4200_demo.a(DIR_REG.o)
 .debug_line    0x00000ca6      0x487 .\CortexM0\ARM_GCC_493\Release\StepMotor_PSoC4200_demo.a(CyLib.o)
 .debug_line    0x0000112d       0xd7 .\CortexM0\ARM_GCC_493\Release\StepMotor_PSoC4200_demo.a(Clock_PWM_MAIN.o)
 .debug_line    0x00001204      0x1ed .\CortexM0\ARM_GCC_493\Release\StepMotor_PSoC4200_demo.a(INTERNAL_STEP.o)
 .debug_line    0x000013f1      0x3fa .\CortexM0\ARM_GCC_493\Release\StepMotor_PSoC4200_demo.a(TCPWM_2.o)
 .debug_line    0x000017eb      0x3f8 .\CortexM0\ARM_GCC_493\Release\StepMotor_PSoC4200_demo.a(TCPWM_1.o)
 .debug_line    0x00001be3       0x69 .\CortexM0\ARM_GCC_493\Release\StepMotor_PSoC4200_demo.a(CyBootAsmGnu.o)

.debug_frame    0x00000000     0x10c4
 *(.debug_frame)
 .debug_frame   0x00000000       0x30 .\CortexM0\ARM_GCC_493\Release\main.o
 .debug_frame   0x00000030       0x20 .\CortexM0\ARM_GCC_493\Release\genSine.o
 .debug_frame   0x00000050       0x2c .\CortexM0\ARM_GCC_493\Release\inputScan.o
 .debug_frame   0x0000007c       0x30 .\CortexM0\ARM_GCC_493\Release\Move.o
 .debug_frame   0x000000ac       0x44 .\CortexM0\ARM_GCC_493\Release\PhaseControl.o
 .debug_frame   0x000000f0       0x2c .\CortexM0\ARM_GCC_493\Release\systemInit.o
 .debug_frame   0x0000011c       0xb0 .\CortexM0\ARM_GCC_493\Release\Cm0Start.o
 .debug_frame   0x000001cc       0x38 .\CortexM0\ARM_GCC_493\Release\StepMotor_PSoC4200_demo.a(cyfitter_cfg.o)
 .debug_frame   0x00000204       0x60 .\CortexM0\ARM_GCC_493\Release\StepMotor_PSoC4200_demo.a(INTERNAL_STEP_OUT.o)
 .debug_frame   0x00000264       0x60 .\CortexM0\ARM_GCC_493\Release\StepMotor_PSoC4200_demo.a(STEP_INPUT.o)
 .debug_frame   0x000002c4       0x60 .\CortexM0\ARM_GCC_493\Release\StepMotor_PSoC4200_demo.a(DIR_INPUT.o)
 .debug_frame   0x00000324       0x60 .\CortexM0\ARM_GCC_493\Release\StepMotor_PSoC4200_demo.a(STEP_INPUT_SOURCE.o)
 .debug_frame   0x00000384       0x60 .\CortexM0\ARM_GCC_493\Release\StepMotor_PSoC4200_demo.a(DIR_INPUT_SOURCE.o)
 .debug_frame   0x000003e4       0x30 .\CortexM0\ARM_GCC_493\Release\StepMotor_PSoC4200_demo.a(DIR_REG.o)
 .debug_frame   0x00000414      0x36c .\CortexM0\ARM_GCC_493\Release\StepMotor_PSoC4200_demo.a(CyLib.o)
 .debug_frame   0x00000780       0x60 .\CortexM0\ARM_GCC_493\Release\StepMotor_PSoC4200_demo.a(Clock_PWM_MAIN.o)
 .debug_frame   0x000007e0      0x128 .\CortexM0\ARM_GCC_493\Release\StepMotor_PSoC4200_demo.a(INTERNAL_STEP.o)
 .debug_frame   0x00000908      0x384 .\CortexM0\ARM_GCC_493\Release\StepMotor_PSoC4200_demo.a(TCPWM_2.o)
 .debug_frame   0x00000c8c      0x384 .\CortexM0\ARM_GCC_493\Release\StepMotor_PSoC4200_demo.a(TCPWM_1.o)
 .debug_frame   0x00001010       0x20 c:/program files/cypress/psoc creator/3.3/psoc creator/import/gnu/arm/4.9.3/bin/../lib/gcc/arm-none-eabi/4.9.3/armv6-m\libgcc.a(_udivsi3.o)
 .debug_frame   0x00001030       0x20 c:/program files/cypress/psoc creator/3.3/psoc creator/import/gnu/arm/4.9.3/bin/../lib/gcc/arm-none-eabi/4.9.3/../../../../arm-none-eabi/lib/armv6-m\libg_nano.a(lib_a-errno.o)
 .debug_frame   0x00001050       0x28 c:/program files/cypress/psoc creator/3.3/psoc creator/import/gnu/arm/4.9.3/bin/../lib/gcc/arm-none-eabi/4.9.3/../../../../arm-none-eabi/lib/armv6-m\libg_nano.a(lib_a-exit.o)
 .debug_frame   0x00001078       0x2c c:/program files/cypress/psoc creator/3.3/psoc creator/import/gnu/arm/4.9.3/bin/../lib/gcc/arm-none-eabi/4.9.3/../../../../arm-none-eabi/lib/armv6-m\libg_nano.a(lib_a-init.o)
 .debug_frame   0x000010a4       0x20 c:/program files/cypress/psoc creator/3.3/psoc creator/import/gnu/arm/4.9.3/bin/../lib/gcc/arm-none-eabi/4.9.3/../../../../arm-none-eabi/lib/armv6-m\libg_nano.a(lib_a-memset.o)

.debug_str      0x00000000     0x187d
 *(.debug_str)
 .debug_str     0x00000000      0x242 .\CortexM0\ARM_GCC_493\Release\main.o
                                0x286 (size before relaxing)
 .debug_str     0x00000242       0x23 .\CortexM0\ARM_GCC_493\Release\genSine.o
                                0x1db (size before relaxing)
 .debug_str     0x00000265       0x71 .\CortexM0\ARM_GCC_493\Release\inputScan.o
                                0x242 (size before relaxing)
 .debug_str     0x000002d6       0x51 .\CortexM0\ARM_GCC_493\Release\Move.o
                                0x250 (size before relaxing)
 .debug_str     0x00000327       0x2c .\CortexM0\ARM_GCC_493\Release\PhaseControl.o
                                0x205 (size before relaxing)
 .debug_str     0x00000353       0x82 .\CortexM0\ARM_GCC_493\Release\systemInit.o
                                0x2c4 (size before relaxing)
 .debug_str     0x000003d5      0x172 .\CortexM0\ARM_GCC_493\Release\Cm0Start.o
                                0x335 (size before relaxing)
 .debug_str     0x00000547       0x7a .\CortexM0\ARM_GCC_493\Release\cybootloader.o
                                0x21e (size before relaxing)
 .debug_str     0x000005c1       0x37 .\CortexM0\ARM_GCC_493\Release\cymetadata.o
                                0x1db (size before relaxing)
 .debug_str     0x000005f8       0xf1 .\CortexM0\ARM_GCC_493\Release\StepMotor_PSoC4200_demo.a(cyfitter_cfg.o)
                                0x2e6 (size before relaxing)
 .debug_str     0x000006e9       0xbb .\CortexM0\ARM_GCC_493\Release\StepMotor_PSoC4200_demo.a(INTERNAL_STEP_OUT.o)
                                0x280 (size before relaxing)
 .debug_str     0x000007a4       0x80 .\CortexM0\ARM_GCC_493\Release\StepMotor_PSoC4200_demo.a(STEP_INPUT.o)
                                0x256 (size before relaxing)
 .debug_str     0x00000824       0x7b .\CortexM0\ARM_GCC_493\Release\StepMotor_PSoC4200_demo.a(DIR_INPUT.o)
                                0x250 (size before relaxing)
 .debug_str     0x0000089f       0xa3 .\CortexM0\ARM_GCC_493\Release\StepMotor_PSoC4200_demo.a(STEP_INPUT_SOURCE.o)
                                0x280 (size before relaxing)
 .debug_str     0x00000942       0x9e .\CortexM0\ARM_GCC_493\Release\StepMotor_PSoC4200_demo.a(DIR_INPUT_SOURCE.o)
                                0x27a (size before relaxing)
 .debug_str     0x000009e0       0x38 .\CortexM0\ARM_GCC_493\Release\StepMotor_PSoC4200_demo.a(DIR_REG.o)
                                0x1e6 (size before relaxing)
 .debug_str     0x00000a18      0x468 .\CortexM0\ARM_GCC_493\Release\StepMotor_PSoC4200_demo.a(CyLib.o)
                                0x67a (size before relaxing)
 .debug_str     0x00000e80       0xe0 .\CortexM0\ARM_GCC_493\Release\StepMotor_PSoC4200_demo.a(Clock_PWM_MAIN.o)
                                0x2a4 (size before relaxing)
 .debug_str     0x00000f60      0x1e7 .\CortexM0\ARM_GCC_493\Release\StepMotor_PSoC4200_demo.a(INTERNAL_STEP.o)
                                0x41b (size before relaxing)
 .debug_str     0x00001147      0x3f3 .\CortexM0\ARM_GCC_493\Release\StepMotor_PSoC4200_demo.a(TCPWM_2.o)
                                0x62a (size before relaxing)
 .debug_str     0x0000153a      0x343 .\CortexM0\ARM_GCC_493\Release\StepMotor_PSoC4200_demo.a(TCPWM_1.o)
                                0x62a (size before relaxing)

.debug_loc      0x00000000     0x14a2
 *(.debug_loc)
 .debug_loc     0x00000000       0x2a .\CortexM0\ARM_GCC_493\Release\main.o
 .debug_loc     0x0000002a       0x34 .\CortexM0\ARM_GCC_493\Release\genSine.o
 .debug_loc     0x0000005e       0x21 .\CortexM0\ARM_GCC_493\Release\PhaseControl.o
 .debug_loc     0x0000007f      0x1e9 .\CortexM0\ARM_GCC_493\Release\Cm0Start.o
 .debug_loc     0x00000268       0xfc .\CortexM0\ARM_GCC_493\Release\StepMotor_PSoC4200_demo.a(cyfitter_cfg.o)
 .debug_loc     0x00000364       0x63 .\CortexM0\ARM_GCC_493\Release\StepMotor_PSoC4200_demo.a(INTERNAL_STEP_OUT.o)
 .debug_loc     0x000003c7       0x63 .\CortexM0\ARM_GCC_493\Release\StepMotor_PSoC4200_demo.a(STEP_INPUT.o)
 .debug_loc     0x0000042a       0x63 .\CortexM0\ARM_GCC_493\Release\StepMotor_PSoC4200_demo.a(DIR_INPUT.o)
 .debug_loc     0x0000048d       0x21 .\CortexM0\ARM_GCC_493\Release\StepMotor_PSoC4200_demo.a(STEP_INPUT_SOURCE.o)
 .debug_loc     0x000004ae       0x63 .\CortexM0\ARM_GCC_493\Release\StepMotor_PSoC4200_demo.a(DIR_INPUT_SOURCE.o)
 .debug_loc     0x00000511      0x4b3 .\CortexM0\ARM_GCC_493\Release\StepMotor_PSoC4200_demo.a(CyLib.o)
 .debug_loc     0x000009c4       0x3b .\CortexM0\ARM_GCC_493\Release\StepMotor_PSoC4200_demo.a(Clock_PWM_MAIN.o)
 .debug_loc     0x000009ff       0x2b .\CortexM0\ARM_GCC_493\Release\StepMotor_PSoC4200_demo.a(INTERNAL_STEP.o)
 .debug_loc     0x00000a2a      0x53c .\CortexM0\ARM_GCC_493\Release\StepMotor_PSoC4200_demo.a(TCPWM_2.o)
 .debug_loc     0x00000f66      0x53c .\CortexM0\ARM_GCC_493\Release\StepMotor_PSoC4200_demo.a(TCPWM_1.o)

.debug_macinfo
 *(.debug_macinfo)

.debug_ranges   0x00000000      0x760
 *(.debug_ranges)
 .debug_ranges  0x00000000       0x10 .\CortexM0\ARM_GCC_493\Release\main.o
 .debug_ranges  0x00000010       0x10 .\CortexM0\ARM_GCC_493\Release\genSine.o
 .debug_ranges  0x00000020       0x10 .\CortexM0\ARM_GCC_493\Release\inputScan.o
 .debug_ranges  0x00000030       0x10 .\CortexM0\ARM_GCC_493\Release\Move.o
 .debug_ranges  0x00000040       0x18 .\CortexM0\ARM_GCC_493\Release\PhaseControl.o
 .debug_ranges  0x00000058       0x10 .\CortexM0\ARM_GCC_493\Release\systemInit.o
 .debug_ranges  0x00000068       0x38 .\CortexM0\ARM_GCC_493\Release\Cm0Start.o
 .debug_ranges  0x000000a0       0x58 .\CortexM0\ARM_GCC_493\Release\StepMotor_PSoC4200_demo.a(cyfitter_cfg.o)
 .debug_ranges  0x000000f8       0x30 .\CortexM0\ARM_GCC_493\Release\StepMotor_PSoC4200_demo.a(INTERNAL_STEP_OUT.o)
 .debug_ranges  0x00000128       0x30 .\CortexM0\ARM_GCC_493\Release\StepMotor_PSoC4200_demo.a(STEP_INPUT.o)
 .debug_ranges  0x00000158       0x30 .\CortexM0\ARM_GCC_493\Release\StepMotor_PSoC4200_demo.a(DIR_INPUT.o)
 .debug_ranges  0x00000188       0x30 .\CortexM0\ARM_GCC_493\Release\StepMotor_PSoC4200_demo.a(STEP_INPUT_SOURCE.o)
 .debug_ranges  0x000001b8       0x30 .\CortexM0\ARM_GCC_493\Release\StepMotor_PSoC4200_demo.a(DIR_INPUT_SOURCE.o)
 .debug_ranges  0x000001e8       0x18 .\CortexM0\ARM_GCC_493\Release\StepMotor_PSoC4200_demo.a(DIR_REG.o)
 .debug_ranges  0x00000200      0x1d0 .\CortexM0\ARM_GCC_493\Release\StepMotor_PSoC4200_demo.a(CyLib.o)
 .debug_ranges  0x000003d0       0x30 .\CortexM0\ARM_GCC_493\Release\StepMotor_PSoC4200_demo.a(Clock_PWM_MAIN.o)
 .debug_ranges  0x00000400       0xa0 .\CortexM0\ARM_GCC_493\Release\StepMotor_PSoC4200_demo.a(INTERNAL_STEP.o)
 .debug_ranges  0x000004a0      0x160 .\CortexM0\ARM_GCC_493\Release\StepMotor_PSoC4200_demo.a(TCPWM_2.o)
 .debug_ranges  0x00000600      0x160 .\CortexM0\ARM_GCC_493\Release\StepMotor_PSoC4200_demo.a(TCPWM_1.o)

.comment        0x00000000       0x70
 .comment       0x00000000       0x70 .\CortexM0\ARM_GCC_493\Release\main.o
                                 0x71 (size before relaxing)
 .comment       0x00000000       0x71 .\CortexM0\ARM_GCC_493\Release\genSine.o
 .comment       0x00000000       0x71 .\CortexM0\ARM_GCC_493\Release\inputScan.o
 .comment       0x00000000       0x71 .\CortexM0\ARM_GCC_493\Release\Move.o
 .comment       0x00000000       0x71 .\CortexM0\ARM_GCC_493\Release\PhaseControl.o
 .comment       0x00000000       0x71 .\CortexM0\ARM_GCC_493\Release\systemInit.o
 .comment       0x00000000       0x71 .\CortexM0\ARM_GCC_493\Release\Cm0Start.o
 .comment       0x00000000       0x71 .\CortexM0\ARM_GCC_493\Release\cybootloader.o
 .comment       0x00000000       0x71 .\CortexM0\ARM_GCC_493\Release\cymetadata.o
 .comment       0x00000000       0x71 .\CortexM0\ARM_GCC_493\Release\StepMotor_PSoC4200_demo.a(cyfitter_cfg.o)
 .comment       0x00000000       0x71 .\CortexM0\ARM_GCC_493\Release\StepMotor_PSoC4200_demo.a(INTERNAL_STEP_OUT.o)
 .comment       0x00000000       0x71 .\CortexM0\ARM_GCC_493\Release\StepMotor_PSoC4200_demo.a(STEP_INPUT.o)
 .comment       0x00000000       0x71 .\CortexM0\ARM_GCC_493\Release\StepMotor_PSoC4200_demo.a(DIR_INPUT.o)
 .comment       0x00000000       0x71 .\CortexM0\ARM_GCC_493\Release\StepMotor_PSoC4200_demo.a(STEP_INPUT_SOURCE.o)
 .comment       0x00000000       0x71 .\CortexM0\ARM_GCC_493\Release\StepMotor_PSoC4200_demo.a(DIR_INPUT_SOURCE.o)
 .comment       0x00000000       0x71 .\CortexM0\ARM_GCC_493\Release\StepMotor_PSoC4200_demo.a(DIR_REG.o)
 .comment       0x00000000       0x71 .\CortexM0\ARM_GCC_493\Release\StepMotor_PSoC4200_demo.a(CyLib.o)
 .comment       0x00000000       0x71 .\CortexM0\ARM_GCC_493\Release\StepMotor_PSoC4200_demo.a(Clock_PWM_MAIN.o)
 .comment       0x00000000       0x71 .\CortexM0\ARM_GCC_493\Release\StepMotor_PSoC4200_demo.a(INTERNAL_STEP.o)
 .comment       0x00000000       0x71 .\CortexM0\ARM_GCC_493\Release\StepMotor_PSoC4200_demo.a(TCPWM_2.o)
 .comment       0x00000000       0x71 .\CortexM0\ARM_GCC_493\Release\StepMotor_PSoC4200_demo.a(TCPWM_1.o)

.debug_weaknames
 *(.debug_weaknames)

.debug_funcnames
 *(.debug_funcnames)

.debug_typenames
 *(.debug_typenames)

.debug_varnames
 *(.debug_varnames)

.note.gnu.arm.ident
 *(.note.gnu.arm.ident)

.ARM.attributes
                0x00000000       0x28
 *(.ARM.attributes)
 .ARM.attributes
                0x00000000       0x1e c:/program files/cypress/psoc creator/3.3/psoc creator/import/gnu/arm/4.9.3/bin/../lib/gcc/arm-none-eabi/4.9.3/armv6-m/crti.o
 .ARM.attributes
                0x0000001e       0x2c c:/program files/cypress/psoc creator/3.3/psoc creator/import/gnu/arm/4.9.3/bin/../lib/gcc/arm-none-eabi/4.9.3/armv6-m/crtbegin.o
 .ARM.attributes
                0x0000004a       0x1b c:/program files/cypress/psoc creator/3.3/psoc creator/import/gnu/arm/4.9.3/bin/../lib/gcc/arm-none-eabi/4.9.3/../../../../arm-none-eabi/lib/armv6-m/crt0.o
 .ARM.attributes
                0x00000065       0x31 .\CortexM0\ARM_GCC_493\Release\main.o
 .ARM.attributes
                0x00000096       0x31 .\CortexM0\ARM_GCC_493\Release\genSine.o
 .ARM.attributes
                0x000000c7       0x31 .\CortexM0\ARM_GCC_493\Release\inputScan.o
 .ARM.attributes
                0x000000f8       0x31 .\CortexM0\ARM_GCC_493\Release\Move.o
 .ARM.attributes
                0x00000129       0x31 .\CortexM0\ARM_GCC_493\Release\PhaseControl.o
 .ARM.attributes
                0x0000015a       0x31 .\CortexM0\ARM_GCC_493\Release\systemInit.o
 .ARM.attributes
                0x0000018b       0x31 .\CortexM0\ARM_GCC_493\Release\Cm0Start.o
 .ARM.attributes
                0x000001bc       0x31 .\CortexM0\ARM_GCC_493\Release\cybootloader.o
 .ARM.attributes
                0x000001ed       0x31 .\CortexM0\ARM_GCC_493\Release\cymetadata.o
 .ARM.attributes
                0x0000021e       0x31 .\CortexM0\ARM_GCC_493\Release\StepMotor_PSoC4200_demo.a(cyfitter_cfg.o)
 .ARM.attributes
                0x0000024f       0x31 .\CortexM0\ARM_GCC_493\Release\StepMotor_PSoC4200_demo.a(INTERNAL_STEP_OUT.o)
 .ARM.attributes
                0x00000280       0x31 .\CortexM0\ARM_GCC_493\Release\StepMotor_PSoC4200_demo.a(STEP_INPUT.o)
 .ARM.attributes
                0x000002b1       0x31 .\CortexM0\ARM_GCC_493\Release\StepMotor_PSoC4200_demo.a(DIR_INPUT.o)
 .ARM.attributes
                0x000002e2       0x31 .\CortexM0\ARM_GCC_493\Release\StepMotor_PSoC4200_demo.a(STEP_INPUT_SOURCE.o)
 .ARM.attributes
                0x00000313       0x31 .\CortexM0\ARM_GCC_493\Release\StepMotor_PSoC4200_demo.a(DIR_INPUT_SOURCE.o)
 .ARM.attributes
                0x00000344       0x31 .\CortexM0\ARM_GCC_493\Release\StepMotor_PSoC4200_demo.a(DIR_REG.o)
 .ARM.attributes
                0x00000375       0x31 .\CortexM0\ARM_GCC_493\Release\StepMotor_PSoC4200_demo.a(CyLib.o)
 .ARM.attributes
                0x000003a6       0x31 .\CortexM0\ARM_GCC_493\Release\StepMotor_PSoC4200_demo.a(Clock_PWM_MAIN.o)
 .ARM.attributes
                0x000003d7       0x31 .\CortexM0\ARM_GCC_493\Release\StepMotor_PSoC4200_demo.a(INTERNAL_STEP.o)
 .ARM.attributes
                0x00000408       0x31 .\CortexM0\ARM_GCC_493\Release\StepMotor_PSoC4200_demo.a(TCPWM_2.o)
 .ARM.attributes
                0x00000439       0x31 .\CortexM0\ARM_GCC_493\Release\StepMotor_PSoC4200_demo.a(TCPWM_1.o)
 .ARM.attributes
                0x0000046a       0x21 .\CortexM0\ARM_GCC_493\Release\StepMotor_PSoC4200_demo.a(CyBootAsmGnu.o)
 .ARM.attributes
                0x0000048b       0x1e c:/program files/cypress/psoc creator/3.3/psoc creator/import/gnu/arm/4.9.3/bin/../lib/gcc/arm-none-eabi/4.9.3/armv6-m\libgcc.a(_thumb1_case_uqi.o)
 .ARM.attributes
                0x000004a9       0x1e c:/program files/cypress/psoc creator/3.3/psoc creator/import/gnu/arm/4.9.3/bin/../lib/gcc/arm-none-eabi/4.9.3/armv6-m\libgcc.a(_udivsi3.o)
 .ARM.attributes
                0x000004c7       0x1e c:/program files/cypress/psoc creator/3.3/psoc creator/import/gnu/arm/4.9.3/bin/../lib/gcc/arm-none-eabi/4.9.3/armv6-m\libgcc.a(_dvmd_tls.o)
 .ARM.attributes
                0x000004e5       0x2c c:/program files/cypress/psoc creator/3.3/psoc creator/import/gnu/arm/4.9.3/bin/../lib/gcc/arm-none-eabi/4.9.3/../../../../arm-none-eabi/lib/armv6-m\libg_nano.a(lib_a-errno.o)
 .ARM.attributes
                0x00000511       0x2c c:/program files/cypress/psoc creator/3.3/psoc creator/import/gnu/arm/4.9.3/bin/../lib/gcc/arm-none-eabi/4.9.3/../../../../arm-none-eabi/lib/armv6-m\libg_nano.a(lib_a-exit.o)
 .ARM.attributes
                0x0000053d       0x2c c:/program files/cypress/psoc creator/3.3/psoc creator/import/gnu/arm/4.9.3/bin/../lib/gcc/arm-none-eabi/4.9.3/../../../../arm-none-eabi/lib/armv6-m\libg_nano.a(lib_a-impure.o)
 .ARM.attributes
                0x00000569       0x2c c:/program files/cypress/psoc creator/3.3/psoc creator/import/gnu/arm/4.9.3/bin/../lib/gcc/arm-none-eabi/4.9.3/../../../../arm-none-eabi/lib/armv6-m\libg_nano.a(lib_a-init.o)
 .ARM.attributes
                0x00000595       0x2c c:/program files/cypress/psoc creator/3.3/psoc creator/import/gnu/arm/4.9.3/bin/../lib/gcc/arm-none-eabi/4.9.3/../../../../arm-none-eabi/lib/armv6-m\libg_nano.a(lib_a-memset.o)
 .ARM.attributes
                0x000005c1       0x2c c:/program files/cypress/psoc creator/3.3/psoc creator/import/gnu/arm/4.9.3/bin/../lib/gcc/arm-none-eabi/4.9.3/armv6-m/crtend.o
 .ARM.attributes
                0x000005ed       0x1e c:/program files/cypress/psoc creator/3.3/psoc creator/import/gnu/arm/4.9.3/bin/../lib/gcc/arm-none-eabi/4.9.3/armv6-m/crtn.o

/DISCARD/
 *(.note.GNU-stack)
OUTPUT(.\CortexM0\ARM_GCC_493\Release\StepMotor_PSoC4200_demo.elf elf32-littlearm)
