Archive member included because of file (symbol)

.\CortexM0\ARM_GCC_493\Release\StepMotor_PSoC4200_Dual.a(cyfitter_cfg.o)
                              .\CortexM0\ARM_GCC_493\Release\Cm0Start.o (cyfitter_cfg)
.\CortexM0\ARM_GCC_493\Release\StepMotor_PSoC4200_Dual.a(INTERNAL_STEP_OUT.o)
                              .\CortexM0\ARM_GCC_493\Release\inputScan.o (INTERNAL_STEP_OUT_Read)
.\CortexM0\ARM_GCC_493\Release\StepMotor_PSoC4200_Dual.a(STEP_INPUT.o)
                              .\CortexM0\ARM_GCC_493\Release\inputScan.o (STEP_INPUT_Read)
.\CortexM0\ARM_GCC_493\Release\StepMotor_PSoC4200_Dual.a(DIR_INPUT.o)
                              .\CortexM0\ARM_GCC_493\Release\inputScan.o (DIR_INPUT_Read)
.\CortexM0\ARM_GCC_493\Release\StepMotor_PSoC4200_Dual.a(STEP_INPUT_SOURCE.o)
                              .\CortexM0\ARM_GCC_493\Release\inputScan.o (STEP_INPUT_SOURCE_Read)
.\CortexM0\ARM_GCC_493\Release\StepMotor_PSoC4200_Dual.a(DIR_INPUT_SOURCE.o)
                              .\CortexM0\ARM_GCC_493\Release\inputScan.o (DIR_INPUT_SOURCE_Read)
.\CortexM0\ARM_GCC_493\Release\StepMotor_PSoC4200_Dual.a(DIR_REG.o)
                              .\CortexM0\ARM_GCC_493\Release\PhaseControl.o (DIR_REG_Write)
.\CortexM0\ARM_GCC_493\Release\StepMotor_PSoC4200_Dual.a(CyLib.o)
                              .\CortexM0\ARM_GCC_493\Release\Cm0Start.o (CyHalt)
.\CortexM0\ARM_GCC_493\Release\StepMotor_PSoC4200_Dual.a(Clock_PWM_MAIN.o)
                              .\CortexM0\ARM_GCC_493\Release\systemInit.o (Clock_PWM_MAIN_Start)
.\CortexM0\ARM_GCC_493\Release\StepMotor_PSoC4200_Dual.a(INTERNAL_STEP.o)
                              .\CortexM0\ARM_GCC_493\Release\systemInit.o (INTERNAL_STEP_Start)
.\CortexM0\ARM_GCC_493\Release\StepMotor_PSoC4200_Dual.a(TCPWM_2.o)
                              .\CortexM0\ARM_GCC_493\Release\Move.o (TCPWM_2_WriteCompare)
.\CortexM0\ARM_GCC_493\Release\StepMotor_PSoC4200_Dual.a(TCPWM_1.o)
                              .\CortexM0\ARM_GCC_493\Release\Move.o (TCPWM_1_WriteCompare)
.\CortexM0\ARM_GCC_493\Release\StepMotor_PSoC4200_Dual.a(TCPWM_4.o)
                              .\CortexM0\ARM_GCC_493\Release\Move.o (TCPWM_4_WriteCompare)
.\CortexM0\ARM_GCC_493\Release\StepMotor_PSoC4200_Dual.a(TCPWM_3.o)
                              .\CortexM0\ARM_GCC_493\Release\Move.o (TCPWM_3_WriteCompare)
.\CortexM0\ARM_GCC_493\Release\StepMotor_PSoC4200_Dual.a(INTERNAL_STEP_OUT_1.o)
                              .\CortexM0\ARM_GCC_493\Release\inputScan.o (INTERNAL_STEP_OUT_1_Read)
.\CortexM0\ARM_GCC_493\Release\StepMotor_PSoC4200_Dual.a(INTERNAL_STEP_1.o)
                              .\CortexM0\ARM_GCC_493\Release\systemInit.o (INTERNAL_STEP_1_Start)
.\CortexM0\ARM_GCC_493\Release\StepMotor_PSoC4200_Dual.a(Clock_PWM_MAIN_1.o)
                              .\CortexM0\ARM_GCC_493\Release\systemInit.o (Clock_PWM_MAIN_1_Start)
.\CortexM0\ARM_GCC_493\Release\StepMotor_PSoC4200_Dual.a(DIR_REG_1.o)
                              .\CortexM0\ARM_GCC_493\Release\PhaseControl.o (DIR_REG_1_Write)
.\CortexM0\ARM_GCC_493\Release\StepMotor_PSoC4200_Dual.a(STEP_INPUT_1.o)
                              .\CortexM0\ARM_GCC_493\Release\inputScan.o (STEP_INPUT_1_Read)
.\CortexM0\ARM_GCC_493\Release\StepMotor_PSoC4200_Dual.a(DIR_INPUT_1.o)
                              .\CortexM0\ARM_GCC_493\Release\inputScan.o (DIR_INPUT_1_Read)
.\CortexM0\ARM_GCC_493\Release\StepMotor_PSoC4200_Dual.a(STEP_INPUT_SOURCE_1.o)
                              .\CortexM0\ARM_GCC_493\Release\inputScan.o (STEP_INPUT_SOURCE_1_Read)
.\CortexM0\ARM_GCC_493\Release\StepMotor_PSoC4200_Dual.a(DIR_INPUT_SOURCE_1.o)
                              .\CortexM0\ARM_GCC_493\Release\inputScan.o (DIR_INPUT_SOURCE_1_Read)
.\CortexM0\ARM_GCC_493\Release\StepMotor_PSoC4200_Dual.a(CyBootAsmGnu.o)
                              .\CortexM0\ARM_GCC_493\Release\StepMotor_PSoC4200_Dual.a(CyLib.o) (CyDelayCycles)
c:/program files/cypress/psoc creator/4.0/psoc creator/import/gnu/arm/4.9.3/bin/../lib/gcc/arm-none-eabi/4.9.3/armv6-m\libgcc.a(_thumb1_case_uqi.o)
                              .\CortexM0\ARM_GCC_493\Release\PhaseControl.o (__gnu_thumb1_case_uqi)
c:/program files/cypress/psoc creator/4.0/psoc creator/import/gnu/arm/4.9.3/bin/../lib/gcc/arm-none-eabi/4.9.3/armv6-m\libgcc.a(_udivsi3.o)
                              .\CortexM0\ARM_GCC_493\Release\StepMotor_PSoC4200_Dual.a(CyLib.o) (__aeabi_uidiv)
c:/program files/cypress/psoc creator/4.0/psoc creator/import/gnu/arm/4.9.3/bin/../lib/gcc/arm-none-eabi/4.9.3/armv6-m\libgcc.a(_dvmd_tls.o)
                              c:/program files/cypress/psoc creator/4.0/psoc creator/import/gnu/arm/4.9.3/bin/../lib/gcc/arm-none-eabi/4.9.3/armv6-m\libgcc.a(_udivsi3.o) (__aeabi_idiv0)
c:/program files/cypress/psoc creator/4.0/psoc creator/import/gnu/arm/4.9.3/bin/../lib/gcc/arm-none-eabi/4.9.3/../../../../arm-none-eabi/lib/armv6-m\libg_nano.a(lib_a-errno.o)
                              .\CortexM0\ARM_GCC_493\Release\Cm0Start.o (__errno)
[...]
Memory Configuration

Name             Origin             Length             Attributes
rom              0x00000000         0x00008000         xr
ram              0x20000000         0x00001000         xrw
*default*        0x00000000         0xffffffff

Linker script and memory map

LOAD c:/program files/cypress/psoc creator/4.0/psoc creator/import/gnu/arm/4.9.3/bin/../lib/gcc/arm-none-eabi/4.9.3/armv6-m/crti.o
LOAD c:/program files/cypress/psoc creator/4.0/psoc creator/import/gnu/arm/4.9.3/bin/../lib/gcc/arm-none-eabi/4.9.3/armv6-m/crtbegin.o
LOAD c:/program files/cypress/psoc creator/4.0/psoc creator/import/gnu/arm/4.9.3/bin/../lib/gcc/arm-none-eabi/4.9.3/../../../../arm-none-eabi/lib/armv6-m/crt0.o
START GROUP
LOAD .\CortexM0\ARM_GCC_493\Release\main.o
LOAD .\CortexM0\ARM_GCC_493\Release\genSine.o
LOAD .\CortexM0\ARM_GCC_493\Release\inputScan.o
LOAD .\CortexM0\ARM_GCC_493\Release\Move.o
LOAD .\CortexM0\ARM_GCC_493\Release\PhaseControl.o
LOAD .\CortexM0\ARM_GCC_493\Release\systemInit.o
LOAD .\CortexM0\ARM_GCC_493\Release\Cm0Start.o
LOAD .\CortexM0\ARM_GCC_493\Release\cybootloader.o
LOAD .\CortexM0\ARM_GCC_493\Release\cymetadata.o
LOAD .\CortexM0\ARM_GCC_493\Release\StepMotor_PSoC4200_Dual.a
LOAD C:\Program Files\Cypress\PSoC Creator\4.0\PSoC Creator\psoc\content\cycomponentlibrary\CyComponentLibrary.cylib\CortexM0\ARM_GCC_493\Release\CyComponentLibrary.a
END GROUP
START GROUP
LOAD c:/program files/cypress/psoc creator/4.0/psoc creator/import/gnu/arm/4.9.3/bin/../lib/gcc/arm-none-eabi/4.9.3/armv6-m\libgcc.a
LOAD c:/program files/cypress/psoc creator/4.0/psoc creator/import/gnu/arm/4.9.3/bin/../lib/gcc/arm-none-eabi/4.9.3/../../../../arm-none-eabi/lib/armv6-m\libg_nano.a
LOAD c:/program files/cypress/psoc creator/4.0/psoc creator/import/gnu/arm/4.9.3/bin/../lib/gcc/arm-none-eabi/4.9.3/../../../../arm-none-eabi/lib/armv6-m\libc_nano.a
END GROUP
START GROUP
LOAD c:/program files/cypress/psoc creator/4.0/psoc creator/import/gnu/arm/4.9.3/bin/../lib/gcc/arm-none-eabi/4.9.3/armv6-m\libgcc.a
LOAD c:/program files/cypress/psoc creator/4.0/psoc creator/import/gnu/arm/4.9.3/bin/../lib/gcc/arm-none-eabi/4.9.3/../../../../arm-none-eabi/lib/armv6-m\libc_nano.a
END GROUP
LOAD c:/program files/cypress/psoc creator/4.0/psoc creator/import/gnu/arm/4.9.3/bin/../lib/gcc/arm-none-eabi/4.9.3/armv6-m/crtend.o
LOAD c:/program files/cypress/psoc creator/4.0/psoc creator/import/gnu/arm/4.9.3/bin/../lib/gcc/arm-none-eabi/4.9.3/armv6-m/crtn.o
START GROUP
LOAD c:/program files/cypress/psoc creator/4.0/psoc creator/import/gnu/arm/4.9.3/bin/../lib/gcc/arm-none-eabi/4.9.3/armv6-m\libgcc.a
LOAD c:/program files/cypress/psoc creator/4.0/psoc creator/import/gnu/arm/4.9.3/bin/../lib/gcc/arm-none-eabi/4.9.3/../../../../arm-none-eabi/lib/armv6-m\libc.a
LOAD c:/program files/cypress/psoc creator/4.0/psoc creator/import/gnu/arm/4.9.3/bin/../lib/gcc/arm-none-eabi/4.9.3/../../../../arm-none-eabi/lib/armv6-m\libnosys.a
END GROUP
                0x00000000                CY_APPL_ORIGIN = 0x0
                0x00000080                CY_FLASH_ROW_SIZE = 0x80
                0x00000001                CY_APPL_NUM = 0x1
                0x00000001                CY_APPL_MAX = 0x1
                0x00000040                CY_METADATA_SIZE = 0x40
                0x00000001                CY_APPL_LOADABLE = 0x1
                0x00000000                CY_CHECKSUM_EXCLUDE_SIZE = ALIGN (0x0, CY_FLASH_ROW_SIZE)
                0x00000000                CY_APP_FOR_STACK_AND_COPIER = 0x0
                0x20000190                PROVIDE (__cy_heap_start, _end)
                0x00000001                PROVIDE (__cy_region_num, ((__cy_regions_end - __cy_regions) / 0x10))
                0x20001000                PROVIDE (__cy_stack, (ORIGIN (ram) + 0x1000))
                0x20000c00                PROVIDE (__cy_heap_end, (__cy_stack - 0x400))

.cybootloader   0x00000000     0x1100
 *(.cybootloader)
 .cybootloader  0x00000000     0x1100 .\CortexM0\ARM_GCC_493\Release\cybootloader.o
                0x00000000                cy_bootloader
                0x00001100                appl1_start = CY_APPL_ORIGIN?CY_APPL_ORIGIN:ALIGN (CY_FLASH_ROW_SIZE)
                0x00004800                appl2_start = (appl1_start + ALIGN ((((0x8000 - appl1_start) - (0x2 * CY_FLASH_ROW_SIZE)) / 0x2), CY_FLASH_ROW_SIZE))
                0x00001100                appl_start = (CY_APPL_NUM == 0x1)?appl1_start:appl2_start
                0x00000000                cy_project_type_bootloader = (appl_start == 0x0)?0x1:0x0
                0x00000000                cy_project_type_app_for_stack_and_copier = (CY_APP_FOR_STACK_AND_COPIER == 0x1)?0x1:0x0

.text           0x00001100     0x1034
 CREATE_OBJECT_SYMBOLS
                0x00001100                PROVIDE (__cy_interrupt_vector, RomVectors)
 *(.romvectors)
 .romvectors    0x00001100       0x10 .\CortexM0\ARM_GCC_493\Release\Cm0Start.o
                0x00001100                RomVectors
                0x00000001                ASSERT ((. != __cy_interrupt_vector), No interrupt vector)
                0x00000001                ASSERT (CY_APPL_ORIGIN?(SIZEOF (.cybootloader) <= CY_APPL_ORIGIN):0x1, Wrong image location)
                0x00001110                PROVIDE (__cy_reset, Reset)
 *(.text.Reset)
 .text.Reset    0x00001110       0x10 .\CortexM0\ARM_GCC_493\Release\Cm0Start.o
                0x00001110                Reset
                0x00000001                ASSERT ((. != __cy_reset), No reset code)
 *(.psocinit)
 .psocinit      0x00001120      0x21c .\CortexM0\ARM_GCC_493\Release\StepMotor_PSoC4200_Dual.a(cyfitter_cfg.o)
                0x00001120                cyfitter_cfg
                0x0000133c                . = MAX (., 0x100)
 *(.text .text.* .gnu.linkonce.t.*)
 .text          0x0000133c       0x60 c:/program files/cypress/psoc creator/4.0/psoc creator/import/gnu/arm/4.9.3/bin/../lib/gcc/arm-none-eabi/4.9.3/armv6-m/crtbegin.o
 .text.startup.main
                0x0000139c      0x1d8 .\CortexM0\ARM_GCC_493\Release\main.o
                0x0000139c                main
 .text.genSine  0x00001574       0x28 .\CortexM0\ARM_GCC_493\Release\genSine.o
                0x00001574                genSine
 .text.inputScan
                0x0000159c       0x80 .\CortexM0\ARM_GCC_493\Release\inputScan.o
                0x0000159c                inputScan
 .text.Move     0x0000161c      0x1a4 .\CortexM0\ARM_GCC_493\Release\Move.o
                0x0000161c                Move
 .text.phaseControl
                0x000017c0       0x12 .\CortexM0\ARM_GCC_493\Release\PhaseControl.o
                0x000017c0                phaseControl
 *fill*         0x000017d2        0x2 
 .text.phaseMove
                0x000017d4       0x84 .\CortexM0\ARM_GCC_493\Release\PhaseControl.o
                0x000017d4                phaseMove
 .text.systemInit
                0x00001858      0x120 .\CortexM0\ARM_GCC_493\Release\systemInit.o
                0x00001858                systemInit
 .text.IntDefaultHandler
                0x00001978       0x10 .\CortexM0\ARM_GCC_493\Release\Cm0Start.o
                0x00001978                IntDefaultHandler
 .text.Start_c  0x00001988       0x4c .\CortexM0\ARM_GCC_493\Release\Cm0Start.o
                0x00001988                Start_c
 .text.startup.initialize_psoc
                0x000019d4       0x50 .\CortexM0\ARM_GCC_493\Release\Cm0Start.o
                0x000019d4                initialize_psoc
 .text.INTERNAL_STEP_OUT_Read
                0x00001a24       0x10 .\CortexM0\ARM_GCC_493\Release\StepMotor_PSoC4200_Dual.a(INTERNAL_STEP_OUT.o)
                0x00001a24                INTERNAL_STEP_OUT_Read
 .text.STEP_INPUT_Read
                0x00001a34       0x10 .\CortexM0\ARM_GCC_493\Release\StepMotor_PSoC4200_Dual.a(STEP_INPUT.o)
                0x00001a34                STEP_INPUT_Read
 .text.DIR_INPUT_Read
                0x00001a44       0x10 .\CortexM0\ARM_GCC_493\Release\StepMotor_PSoC4200_Dual.a(DIR_INPUT.o)
                0x00001a44                DIR_INPUT_Read
 .text.STEP_INPUT_SOURCE_Read
                0x00001a54       0x10 .\CortexM0\ARM_GCC_493\Release\StepMotor_PSoC4200_Dual.a(STEP_INPUT_SOURCE.o)
                0x00001a54                STEP_INPUT_SOURCE_Read
 .text.DIR_INPUT_SOURCE_Read
                0x00001a64       0x10 .\CortexM0\ARM_GCC_493\Release\StepMotor_PSoC4200_Dual.a(DIR_INPUT_SOURCE.o)
                0x00001a64                DIR_INPUT_SOURCE_Read
 .text.DIR_REG_Write
                0x00001a74        0xc .\CortexM0\ARM_GCC_493\Release\StepMotor_PSoC4200_Dual.a(DIR_REG.o)
                0x00001a74                DIR_REG_Write
 .text.CyDelayUs
                0x00001a80       0x14 .\CortexM0\ARM_GCC_493\Release\StepMotor_PSoC4200_Dual.a(CyLib.o)
                0x00001a80                CyDelayUs
 .text.CySysClkWriteImoFreq
                0x00001a94      0x124 .\CortexM0\ARM_GCC_493\Release\StepMotor_PSoC4200_Dual.a(CyLib.o)
                0x00001a94                CySysClkWriteImoFreq
 .text.Clock_PWM_MAIN_Start
                0x00001bb8       0x14 .\CortexM0\ARM_GCC_493\Release\StepMotor_PSoC4200_Dual.a(Clock_PWM_MAIN.o)
                0x00001bb8                Clock_PWM_MAIN_Start
 .text.INTERNAL_STEP_Enable
                0x00001bcc       0x10 .\CortexM0\ARM_GCC_493\Release\StepMotor_PSoC4200_Dual.a(INTERNAL_STEP.o)
                0x00001bcc                INTERNAL_STEP_Enable
 .text.INTERNAL_STEP_ClearFIFO
                0x00001bdc       0x18 .\CortexM0\ARM_GCC_493\Release\StepMotor_PSoC4200_Dual.a(INTERNAL_STEP.o)
                0x00001bdc                INTERNAL_STEP_ClearFIFO
 .text.INTERNAL_STEP_Init
                0x00001bf4       0x70 .\CortexM0\ARM_GCC_493\Release\StepMotor_PSoC4200_Dual.a(INTERNAL_STEP.o)
                0x00001bf4                INTERNAL_STEP_Init
 .text.INTERNAL_STEP_Start
                0x00001c64       0x1c .\CortexM0\ARM_GCC_493\Release\StepMotor_PSoC4200_Dual.a(INTERNAL_STEP.o)
                0x00001c64                INTERNAL_STEP_Start
 .text.INTERNAL_STEP_WritePeriod
                0x00001c80        0xc .\CortexM0\ARM_GCC_493\Release\StepMotor_PSoC4200_Dual.a(INTERNAL_STEP.o)
                0x00001c80                INTERNAL_STEP_WritePeriod
 .text.INTERNAL_STEP_WriteCompare
                0x00001c8c        0xc .\CortexM0\ARM_GCC_493\Release\StepMotor_PSoC4200_Dual.a(INTERNAL_STEP.o)
                0x00001c8c                INTERNAL_STEP_WriteCompare
 .text.TCPWM_2_Init
                0x00001c98       0x54 .\CortexM0\ARM_GCC_493\Release\StepMotor_PSoC4200_Dual.a(TCPWM_2.o)
                0x00001c98                TCPWM_2_Init
 .text.TCPWM_2_WriteCompare
                0x00001cec        0xc .\CortexM0\ARM_GCC_493\Release\StepMotor_PSoC4200_Dual.a(TCPWM_2.o)
                0x00001cec                TCPWM_2_WriteCompare
 .text.TCPWM_2_TriggerCommand
                0x00001cf8       0x1c .\CortexM0\ARM_GCC_493\Release\StepMotor_PSoC4200_Dual.a(TCPWM_2.o)
                0x00001cf8                TCPWM_2_TriggerCommand
 .text.TCPWM_2_Enable
                0x00001d14       0x24 .\CortexM0\ARM_GCC_493\Release\StepMotor_PSoC4200_Dual.a(TCPWM_2.o)
                0x00001d14                TCPWM_2_Enable
 .text.TCPWM_2_Start
                0x00001d38       0x1c .\CortexM0\ARM_GCC_493\Release\StepMotor_PSoC4200_Dual.a(TCPWM_2.o)
                0x00001d38                TCPWM_2_Start
 .text.TCPWM_1_Init
                0x00001d54       0x54 .\CortexM0\ARM_GCC_493\Release\StepMotor_PSoC4200_Dual.a(TCPWM_1.o)
                0x00001d54                TCPWM_1_Init
 .text.TCPWM_1_WriteCompare
                0x00001da8        0xc .\CortexM0\ARM_GCC_493\Release\StepMotor_PSoC4200_Dual.a(TCPWM_1.o)
                0x00001da8                TCPWM_1_WriteCompare
 .text.TCPWM_1_TriggerCommand
                0x00001db4       0x1c .\CortexM0\ARM_GCC_493\Release\StepMotor_PSoC4200_Dual.a(TCPWM_1.o)
                0x00001db4                TCPWM_1_TriggerCommand
 .text.TCPWM_1_Enable
                0x00001dd0       0x24 .\CortexM0\ARM_GCC_493\Release\StepMotor_PSoC4200_Dual.a(TCPWM_1.o)
                0x00001dd0                TCPWM_1_Enable
 .text.TCPWM_1_Start
                0x00001df4       0x1c .\CortexM0\ARM_GCC_493\Release\StepMotor_PSoC4200_Dual.a(TCPWM_1.o)
                0x00001df4                TCPWM_1_Start
 .text.TCPWM_4_Init
                0x00001e10       0x54 .\CortexM0\ARM_GCC_493\Release\StepMotor_PSoC4200_Dual.a(TCPWM_4.o)
                0x00001e10                TCPWM_4_Init
 .text.TCPWM_4_WriteCompare
                0x00001e64        0xc .\CortexM0\ARM_GCC_493\Release\StepMotor_PSoC4200_Dual.a(TCPWM_4.o)
                0x00001e64                TCPWM_4_WriteCompare
 .text.TCPWM_4_TriggerCommand
                0x00001e70       0x1c .\CortexM0\ARM_GCC_493\Release\StepMotor_PSoC4200_Dual.a(TCPWM_4.o)
                0x00001e70                TCPWM_4_TriggerCommand
 .text.TCPWM_4_Enable
                0x00001e8c       0x24 .\CortexM0\ARM_GCC_493\Release\StepMotor_PSoC4200_Dual.a(TCPWM_4.o)
                0x00001e8c                TCPWM_4_Enable
 .text.TCPWM_4_Start
                0x00001eb0       0x1c .\CortexM0\ARM_GCC_493\Release\StepMotor_PSoC4200_Dual.a(TCPWM_4.o)
                0x00001eb0                TCPWM_4_Start
 .text.TCPWM_3_Init
                0x00001ecc       0x54 .\CortexM0\ARM_GCC_493\Release\StepMotor_PSoC4200_Dual.a(TCPWM_3.o)
                0x00001ecc                TCPWM_3_Init
 .text.TCPWM_3_WriteCompare
                0x00001f20        0xc .\CortexM0\ARM_GCC_493\Release\StepMotor_PSoC4200_Dual.a(TCPWM_3.o)
                0x00001f20                TCPWM_3_WriteCompare
 .text.TCPWM_3_TriggerCommand
                0x00001f2c       0x1c .\CortexM0\ARM_GCC_493\Release\StepMotor_PSoC4200_Dual.a(TCPWM_3.o)
                0x00001f2c                TCPWM_3_TriggerCommand
 .text.TCPWM_3_Enable
                0x00001f48       0x24 .\CortexM0\ARM_GCC_493\Release\StepMotor_PSoC4200_Dual.a(TCPWM_3.o)
                0x00001f48                TCPWM_3_Enable
 .text.TCPWM_3_Start
                0x00001f6c       0x1c .\CortexM0\ARM_GCC_493\Release\StepMotor_PSoC4200_Dual.a(TCPWM_3.o)
                0x00001f6c                TCPWM_3_Start
 .text.INTERNAL_STEP_OUT_1_Read
                0x00001f88       0x10 .\CortexM0\ARM_GCC_493\Release\StepMotor_PSoC4200_Dual.a(INTERNAL_STEP_OUT_1.o)
                0x00001f88                INTERNAL_STEP_OUT_1_Read
 .text.INTERNAL_STEP_1_Init
                0x00001f98       0x50 .\CortexM0\ARM_GCC_493\Release\StepMotor_PSoC4200_Dual.a(INTERNAL_STEP_1.o)
                0x00001f98                INTERNAL_STEP_1_Init
 .text.INTERNAL_STEP_1_Enable
                0x00001fe8       0x10 .\CortexM0\ARM_GCC_493\Release\StepMotor_PSoC4200_Dual.a(INTERNAL_STEP_1.o)
                0x00001fe8                INTERNAL_STEP_1_Enable
 .text.INTERNAL_STEP_1_Start
                0x00001ff8       0x1c .\CortexM0\ARM_GCC_493\Release\StepMotor_PSoC4200_Dual.a(INTERNAL_STEP_1.o)
                0x00001ff8                INTERNAL_STEP_1_Start
 .text.INTERNAL_STEP_1_WritePeriod
                0x00002014        0xc .\CortexM0\ARM_GCC_493\Release\StepMotor_PSoC4200_Dual.a(INTERNAL_STEP_1.o)
                0x00002014                INTERNAL_STEP_1_WritePeriod
 .text.INTERNAL_STEP_1_WriteCompare
                0x00002020        0xc .\CortexM0\ARM_GCC_493\Release\StepMotor_PSoC4200_Dual.a(INTERNAL_STEP_1.o)
                0x00002020                INTERNAL_STEP_1_WriteCompare
 .text.Clock_PWM_MAIN_1_Start
                0x0000202c       0x14 .\CortexM0\ARM_GCC_493\Release\StepMotor_PSoC4200_Dual.a(Clock_PWM_MAIN_1.o)
                0x0000202c                Clock_PWM_MAIN_1_Start
 .text.DIR_REG_1_Write
                0x00002040        0xc .\CortexM0\ARM_GCC_493\Release\StepMotor_PSoC4200_Dual.a(DIR_REG_1.o)
                0x00002040                DIR_REG_1_Write
 .text.STEP_INPUT_1_Read
                0x0000204c       0x10 .\CortexM0\ARM_GCC_493\Release\StepMotor_PSoC4200_Dual.a(STEP_INPUT_1.o)
                0x0000204c                STEP_INPUT_1_Read
 .text.DIR_INPUT_1_Read
                0x0000205c       0x10 .\CortexM0\ARM_GCC_493\Release\StepMotor_PSoC4200_Dual.a(DIR_INPUT_1.o)
                0x0000205c                DIR_INPUT_1_Read
 .text.STEP_INPUT_SOURCE_1_Read
                0x0000206c       0x10 .\CortexM0\ARM_GCC_493\Release\StepMotor_PSoC4200_Dual.a(STEP_INPUT_SOURCE_1.o)
                0x0000206c                STEP_INPUT_SOURCE_1_Read
 .text.DIR_INPUT_SOURCE_1_Read
                0x0000207c       0x10 .\CortexM0\ARM_GCC_493\Release\StepMotor_PSoC4200_Dual.a(DIR_INPUT_SOURCE_1.o)
                0x0000207c                DIR_INPUT_SOURCE_1_Read
 *fill*         0x0000208c        0x4 
 .text          0x00002090       0x28 .\CortexM0\ARM_GCC_493\Release\StepMotor_PSoC4200_Dual.a(CyBootAsmGnu.o)
                0x00002090                CyDelayCycles
                0x000020a4                CyEnterCriticalSection
                0x000020ac                CyExitCriticalSection
 .text          0x000020b8       0x14 c:/program files/cypress/psoc creator/4.0/psoc creator/import/gnu/arm/4.9.3/bin/../lib/gcc/arm-none-eabi/4.9.3/armv6-m\libgcc.a(_thumb1_case_uqi.o)
                0x000020b8                __gnu_thumb1_case_uqi
 .text.__errno  0x000020cc        0xc c:/program files/cypress/psoc creator/4.0/psoc creator/import/gnu/arm/4.9.3/bin/../lib/gcc/arm-none-eabi/4.9.3/../../../../arm-none-eabi/lib/armv6-m\libg_nano.a(lib_a-errno.o)
                0x000020cc                __errno
 .text.__libc_init_array
                0x000020d8       0x4c c:/program files/cypress/psoc creator/4.0/psoc creator/import/gnu/arm/4.9.3/bin/../lib/gcc/arm-none-eabi/4.9.3/../../../../arm-none-eabi/lib/armv6-m\libg_nano.a(lib_a-init.o)
                0x000020d8                __libc_init_array
 .text.memset   0x00002124       0x10 c:/program files/cypress/psoc creator/4.0/psoc creator/import/gnu/arm/4.9.3/bin/../lib/gcc/arm-none-eabi/4.9.3/../../../../arm-none-eabi/lib/armv6-m\libg_nano.a(lib_a-memset.o)
                0x00002124                memset
 *(.plt)
 *(.gnu.warning)
 *(.glue_7t)
 .glue_7t       0x00000000        0x0 linker stubs
 *(.glue_7)
 .glue_7        0x00000000        0x0 linker stubs
 *(.vfp11_veneer)
 .vfp11_veneer  0x00000000        0x0 linker stubs
 *(.bootloader)
 *(.ARM.extab* .gnu.linkonce.armextab.*)
 *(.gcc_except_table)

.v4_bx          0x00002134        0x0
 .v4_bx         0x00000000        0x0 linker stubs

.iplt           0x00002134        0x0
 .iplt          0x00000000        0x0 c:/program files/cypress/psoc creator/4.0/psoc creator/import/gnu/arm/4.9.3/bin/../lib/gcc/arm-none-eabi/4.9.3/armv6-m/crtbegin.o

.eh_frame_hdr
 *(.eh_frame_hdr)

.eh_frame       0x00002134        0x4
 *(.eh_frame)
 .eh_frame      0x00002134        0x0 c:/program files/cypress/psoc creator/4.0/psoc creator/import/gnu/arm/4.9.3/bin/../lib/gcc/arm-none-eabi/4.9.3/armv6-m/crtbegin.o
 .eh_frame      0x00002134        0x4 c:/program files/cypress/psoc creator/4.0/psoc creator/import/gnu/arm/4.9.3/bin/../lib/gcc/arm-none-eabi/4.9.3/armv6-m/crtend.o
                0x00002138                PROVIDE (__exidx_start, .)

.ARM.exidx
 *(.ARM.exidx* .gnu.linkonce.armexidx.*)
                0x00002138                __exidx_end = .

.rodata         0x00002138      0x248
 *(.rodata .rodata.* .gnu.linkonce.r.*)
 .rodata        0x00002138       0x11 .\CortexM0\ARM_GCC_493\Release\main.o
                0x00002138                sineTable
 *fill*         0x00002149        0x3 
 .rodata        0x0000214c      0x1d0 .\CortexM0\ARM_GCC_493\Release\StepMotor_PSoC4200_Dual.a(cyfitter_cfg.o)
 .rodata        0x0000231c       0x2e .\CortexM0\ARM_GCC_493\Release\StepMotor_PSoC4200_Dual.a(CyLib.o)
                0x0000231c                cyImoFreqMhz2Reg
 .rodata.str1.1
                0x0000234a        0x2 c:/program files/cypress/psoc creator/4.0/psoc creator/import/gnu/arm/4.9.3/bin/../lib/gcc/arm-none-eabi/4.9.3/../../../../arm-none-eabi/lib/armv6-m\libg_nano.a(lib_a-impure.o)
                0x0000234c                . = ALIGN (0x4)
 *(.init)
 .init          0x0000234c        0x4 c:/program files/cypress/psoc creator/4.0/psoc creator/import/gnu/arm/4.9.3/bin/../lib/gcc/arm-none-eabi/4.9.3/armv6-m/crti.o
                0x0000234c                _init
 .init          0x00002350        0x8 c:/program files/cypress/psoc creator/4.0/psoc creator/import/gnu/arm/4.9.3/bin/../lib/gcc/arm-none-eabi/4.9.3/armv6-m/crtn.o
                0x00002358                . = ALIGN (0x4)
                0x00002358                __preinit_array_start = .
 *(.preinit_array)
                0x00002358                __preinit_array_end = .
                0x00002358                . = ALIGN (0x4)
                0x00002358                __init_array_start = .
 *(SORT(.init_array.*))
 *(.init_array)
 .init_array    0x00002358        0x4 c:/program files/cypress/psoc creator/4.0/psoc creator/import/gnu/arm/4.9.3/bin/../lib/gcc/arm-none-eabi/4.9.3/armv6-m/crtbegin.o
 .init_array    0x0000235c        0x4 .\CortexM0\ARM_GCC_493\Release\Cm0Start.o
                0x00002360                __init_array_end = .
                0x00002360                . = ALIGN (0x4)
 *(.fini)
 .fini          0x00002360        0x4 c:/program files/cypress/psoc creator/4.0/psoc creator/import/gnu/arm/4.9.3/bin/../lib/gcc/arm-none-eabi/4.9.3/armv6-m/crti.o
                0x00002360                _fini
 .fini          0x00002364        0x8 c:/program files/cypress/psoc creator/4.0/psoc creator/import/gnu/arm/4.9.3/bin/../lib/gcc/arm-none-eabi/4.9.3/armv6-m/crtn.o
                0x0000236c                . = ALIGN (0x4)
                0x0000236c                __fini_array_start = .
 *(.fini_array)
 .fini_array    0x0000236c        0x4 c:/program files/cypress/psoc creator/4.0/psoc creator/import/gnu/arm/4.9.3/bin/../lib/gcc/arm-none-eabi/4.9.3/armv6-m/crtbegin.o
 *(SORT(.fini_array.*))
                0x00002370                __fini_array_end = .
                0x00002370                . = ALIGN (0x4)
 *crtbegin.o(.ctors)
 *(EXCLUDE_FILE(*crtend.o) .ctors)
 *(SORT(.ctors.*))
 *crtend.o(.ctors)
                0x00002370                . = ALIGN (0x4)
 *crtbegin.o(.dtors)
 *(EXCLUDE_FILE(*crtend.o) .dtors)
 *(SORT(.dtors.*))
 *crtend.o(.dtors)
                0x00002370                . = ALIGN (0x4)
                0x00002370                __cy_regions = .
                0x00002370        0x4 LONG 0x2380 __cy_region_init_ram
                0x00002374        0x4 LONG 0x200000d0 __cy_region_start_data
                0x00002378        0x4 LONG 0x80 __cy_region_init_size_ram
                0x0000237c        0x4 LONG 0x40 __cy_region_zero_size_ram
                0x00002380                __cy_regions_end = .
                0x00002380                . = ALIGN (0x8)
                0x00002380                _etext = .

.ramvectors     0x20000000       0xc0
                0x20000000                __cy_region_start_ram = .
 *(.ramvectors)
 .ramvectors    0x20000000       0xc0 .\CortexM0\ARM_GCC_493\Release\Cm0Start.o
                0x20000000                CyRamVectors

.btldr_run      0x200000c0        0x4
 *(.bootloaderruntype)
 .bootloaderruntype
                0x200000c0        0x4 .\CortexM0\ARM_GCC_493\Release\Cm0Start.o
                0x200000c0                cyBtldrRunType

.noinit         0x200000c8        0x4
 *(.noinit)
 .noinit        0x200000c8        0x4 .\CortexM0\ARM_GCC_493\Release\Cm0Start.o

.data           0x200000d0       0x80 load address 0x00002380
                0x200000d0                __cy_region_start_data = .
 *(.jcr)
 .jcr           0x200000d0        0x0 c:/program files/cypress/psoc creator/4.0/psoc creator/import/gnu/arm/4.9.3/bin/../lib/gcc/arm-none-eabi/4.9.3/armv6-m/crtbegin.o
 .jcr           0x200000d0        0x4 c:/program files/cypress/psoc creator/4.0/psoc creator/import/gnu/arm/4.9.3/bin/../lib/gcc/arm-none-eabi/4.9.3/armv6-m/crtend.o
 *(.got.plt)
 *(.got)
 *(.shdata)
 *(.data .data.* .gnu.linkonce.d.*)
 .data          0x200000d4       0x14 .\CortexM0\ARM_GCC_493\Release\StepMotor_PSoC4200_Dual.a(CyLib.o)
                0x200000d4                CySysClkPumpConfig
                0x200000d8                cydelay32kMs
                0x200000dc                cydelayFreqKhz
                0x200000e0                cydelayFreqMhz
                0x200000e4                cydelayFreqHz
 .data.impure_data
                0x200000e8       0x60 c:/program files/cypress/psoc creator/4.0/psoc creator/import/gnu/arm/4.9.3/bin/../lib/gcc/arm-none-eabi/4.9.3/../../../../arm-none-eabi/lib/armv6-m\libg_nano.a(lib_a-impure.o)
 .data._impure_ptr
                0x20000148        0x4 c:/program files/cypress/psoc creator/4.0/psoc creator/import/gnu/arm/4.9.3/bin/../lib/gcc/arm-none-eabi/4.9.3/../../../../arm-none-eabi/lib/armv6-m\libg_nano.a(lib_a-impure.o)
                0x20000148                _impure_ptr
                0x20000150                . = ALIGN (0x8)
 *fill*         0x2000014c        0x4 
 *(.ram)
                0x20000150                _edata = .

.igot.plt       0x20000150        0x0 load address 0x00002400
 .igot.plt      0x00000000        0x0 c:/program files/cypress/psoc creator/4.0/psoc creator/import/gnu/arm/4.9.3/bin/../lib/gcc/arm-none-eabi/4.9.3/armv6-m/crtbegin.o

.bss            0x20000150       0x40 load address 0x00002400
                0x20000150                PROVIDE (__bss_start__, .)
 *(.shbss)
 *(.bss .bss.* .gnu.linkonce.b.*)
 .bss           0x20000150       0x1c c:/program files/cypress/psoc creator/4.0/psoc creator/import/gnu/arm/4.9.3/bin/../lib/gcc/arm-none-eabi/4.9.3/armv6-m/crtbegin.o
 .bss           0x2000016c        0x1 .\CortexM0\ARM_GCC_493\Release\StepMotor_PSoC4200_Dual.a(INTERNAL_STEP.o)
                0x2000016c                INTERNAL_STEP_initVar
 .bss           0x2000016d        0x1 .\CortexM0\ARM_GCC_493\Release\StepMotor_PSoC4200_Dual.a(TCPWM_2.o)
                0x2000016d                TCPWM_2_initVar
 .bss           0x2000016e        0x1 .\CortexM0\ARM_GCC_493\Release\StepMotor_PSoC4200_Dual.a(TCPWM_1.o)
                0x2000016e                TCPWM_1_initVar
 .bss           0x2000016f        0x1 .\CortexM0\ARM_GCC_493\Release\StepMotor_PSoC4200_Dual.a(TCPWM_4.o)
                0x2000016f                TCPWM_4_initVar
 .bss           0x20000170        0x1 .\CortexM0\ARM_GCC_493\Release\StepMotor_PSoC4200_Dual.a(TCPWM_3.o)
                0x20000170                TCPWM_3_initVar
 .bss           0x20000171        0x1 .\CortexM0\ARM_GCC_493\Release\StepMotor_PSoC4200_Dual.a(INTERNAL_STEP_1.o)
                0x20000171                INTERNAL_STEP_1_initVar
 *(COMMON)
 COMMON         0x20000172       0x18 .\CortexM0\ARM_GCC_493\Release\main.o
                0x20000172                pwmB
                0x20000173                currentStepA
                0x20000174                previousDivider
                0x20000175                divider1
                0x20000176                currentStepB1
                0x20000177                dirReg1
                0x20000178                pwmA
                0x20000179                currentStepA1
                0x2000017a                stepPulse1
                0x2000017b                dirReg
                0x2000017c                phase
                0x2000017d                stepPulse
                0x2000017e                FullScale
                0x2000017f                FullScale1
                0x20000180                previousStepPulse1
                0x20000181                step1
                0x20000182                divider
                0x20000183                previousStepPulse
                0x20000184                phase1
                0x20000185                currentStepB
                0x20000186                step
                0x20000187                pwmB1
                0x20000188                pwmA1
                0x20000189                previousDivider1
                0x20000190                . = ALIGN (0x8)
 *fill*         0x2000018a        0x6 
 *(.ram.b)
                0x20000190                _end = .
                0x20000190                __end = .
                0x20000190                PROVIDE (end, .)
                0x20000190                PROVIDE (__bss_end__, .)
                0x00002380                __cy_region_init_ram = LOADADDR (.data)
                0x00000080                __cy_region_init_size_ram = (_edata - ADDR (.data))
                0x00000040                __cy_region_zero_size_ram = (_end - _edata)

.heap           0x20000190      0x100 load address 0x00002400
                0x20000190                . = _end
                0x20000290                . = (. + 0x100)
 *fill*         0x20000190      0x100 
                0x20000290                __cy_heap_limit = .

.stack          0x20000c00      0x400
                0x20000c00                __cy_stack_limit = .
                0x20001000                . = (. + 0x400)
 *fill*         0x20000c00      0x400 
                0x00000001                ASSERT ((__cy_stack_limit >= __cy_heap_limit), region RAM overflowed with stack)

.cy_checksum_exclude
                0x00007f80        0x0
 *(.cy_checksum_exclude)
                0x00000000                cy_checksum_exclude_size = (CY_APPL_LOADABLE == 0x1)?SIZEOF (.cy_checksum_exclude):0x0
                0x00000001                ASSERT ((cy_checksum_exclude_size <= CY_CHECKSUM_EXCLUDE_SIZE), CY_BOOT: Section .cy_checksum_exclude size exceedes specified limit.)
                0xf0000000                cyloadermeta_start = (cy_project_type_bootloader || cy_project_type_app_for_stack_and_copier)?(0x8000 - CY_METADATA_SIZE):0xf0000000

.cyloadermeta   0xf0000000       0x40
 *(.cyloadermeta)
 .cyloadermeta  0xf0000000       0x40 .\CortexM0\ARM_GCC_493\Release\cybootloader.o
                0xf0000000                cy_meta_loader
                0x00007fc0                cyloadablemeta_start = cy_project_type_app_for_stack_and_copier?((0x8000 - CY_FLASH_ROW_SIZE) - CY_METADATA_SIZE):((0x8000 - (CY_FLASH_ROW_SIZE * (CY_APPL_NUM - 0x1))) - CY_METADATA_SIZE)

.cyloadablemeta
                0x00007fc0       0x40
 *(.cyloadablemeta)
 .cyloadablemeta
                0x00007fc0       0x40 .\CortexM0\ARM_GCC_493\Release\cymetadata.o
                0x00007fc0                cy_meta_loadable

.cyflashprotect
                0x90400000       0x20
 *(.cyflashprotect)
 .cyflashprotect
                0x90400000       0x20 .\CortexM0\ARM_GCC_493\Release\cybootloader.o
                0x90400000                cy_meta_flashprotect

.cymeta         0x90500000        0xc
 *(.cymeta)
 .cymeta        0x90500000        0xc .\CortexM0\ARM_GCC_493\Release\cybootloader.o
                0x90500000                cy_metadata

.cychipprotect  0x90600000        0x1
 *(.cychipprotect)
 .cychipprotect
                0x90600000        0x1 .\CortexM0\ARM_GCC_493\Release\cybootloader.o
                0x90600000                cy_meta_chipprotect

.rel.dyn        0x00008000        0x0 load address 0x90600004
 .rel.iplt      0x00000000        0x0 c:/program files/cypress/psoc creator/4.0/psoc creator/import/gnu/arm/4.9.3/bin/../lib/gcc/arm-none-eabi/4.9.3/armv6-m/crtbegin.o

.stab
 *(.stab)

.stabstr
 *(.stabstr)

.debug
 *(.debug)

.line
 *(.line)

.debug_srcinfo
 *(.debug_srcinfo)

.debug_sfnames
 *(.debug_sfnames)

.debug_aranges  0x00000000      0xd18
 *(.debug_aranges)
 .debug_aranges
                0x00000000       0x20 .\CortexM0\ARM_GCC_493\Release\main.o
 .debug_aranges
                0x00000020       0x20 .\CortexM0\ARM_GCC_493\Release\genSine.o
 .debug_aranges
                0x00000040       0x20 .\CortexM0\ARM_GCC_493\Release\inputScan.o
 .debug_aranges
                0x00000060       0x20 .\CortexM0\ARM_GCC_493\Release\Move.o
 .debug_aranges
                0x00000080       0x28 .\CortexM0\ARM_GCC_493\Release\PhaseControl.o
 .debug_aranges
                0x000000a8       0x20 .\CortexM0\ARM_GCC_493\Release\systemInit.o
 .debug_aranges
                0x000000c8       0x48 .\CortexM0\ARM_GCC_493\Release\Cm0Start.o
 .debug_aranges
                0x00000110       0x18 .\CortexM0\ARM_GCC_493\Release\cybootloader.o
 .debug_aranges
                0x00000128       0x18 .\CortexM0\ARM_GCC_493\Release\cymetadata.o
 .debug_aranges
                0x00000140       0x20 .\CortexM0\ARM_GCC_493\Release\StepMotor_PSoC4200_Dual.a(cyfitter_cfg.o)
 .debug_aranges
                0x00000160       0x48 .\CortexM0\ARM_GCC_493\Release\StepMotor_PSoC4200_Dual.a(INTERNAL_STEP_OUT.o)
 .debug_aranges
                0x000001a8       0x48 .\CortexM0\ARM_GCC_493\Release\StepMotor_PSoC4200_Dual.a(STEP_INPUT.o)
 .debug_aranges
                0x000001f0       0x48 .\CortexM0\ARM_GCC_493\Release\StepMotor_PSoC4200_Dual.a(DIR_INPUT.o)
 .debug_aranges
                0x00000238       0x48 .\CortexM0\ARM_GCC_493\Release\StepMotor_PSoC4200_Dual.a(STEP_INPUT_SOURCE.o)
 .debug_aranges
                0x00000280       0x48 .\CortexM0\ARM_GCC_493\Release\StepMotor_PSoC4200_Dual.a(DIR_INPUT_SOURCE.o)
 .debug_aranges
                0x000002c8       0x28 .\CortexM0\ARM_GCC_493\Release\StepMotor_PSoC4200_Dual.a(DIR_REG.o)
 .debug_aranges
                0x000002f0      0x180 .\CortexM0\ARM_GCC_493\Release\StepMotor_PSoC4200_Dual.a(CyLib.o)
 .debug_aranges
                0x00000470       0x40 .\CortexM0\ARM_GCC_493\Release\StepMotor_PSoC4200_Dual.a(Clock_PWM_MAIN.o)
 .debug_aranges
                0x000004b0       0x98 .\CortexM0\ARM_GCC_493\Release\StepMotor_PSoC4200_Dual.a(INTERNAL_STEP.o)
 .debug_aranges
                0x00000548      0x158 .\CortexM0\ARM_GCC_493\Release\StepMotor_PSoC4200_Dual.a(TCPWM_2.o)
 .debug_aranges
                0x000006a0      0x158 .\CortexM0\ARM_GCC_493\Release\StepMotor_PSoC4200_Dual.a(TCPWM_1.o)
 .debug_aranges
                0x000007f8      0x158 .\CortexM0\ARM_GCC_493\Release\StepMotor_PSoC4200_Dual.a(TCPWM_4.o)
 .debug_aranges
                0x00000950      0x158 .\CortexM0\ARM_GCC_493\Release\StepMotor_PSoC4200_Dual.a(TCPWM_3.o)
 .debug_aranges
                0x00000aa8       0x48 .\CortexM0\ARM_GCC_493\Release\StepMotor_PSoC4200_Dual.a(INTERNAL_STEP_OUT_1.o)
 .debug_aranges
                0x00000af0       0x80 .\CortexM0\ARM_GCC_493\Release\StepMotor_PSoC4200_Dual.a(INTERNAL_STEP_1.o)
 .debug_aranges
                0x00000b70       0x40 .\CortexM0\ARM_GCC_493\Release\StepMotor_PSoC4200_Dual.a(Clock_PWM_MAIN_1.o)
 .debug_aranges
                0x00000bb0       0x28 .\CortexM0\ARM_GCC_493\Release\StepMotor_PSoC4200_Dual.a(DIR_REG_1.o)
 .debug_aranges
                0x00000bd8       0x48 .\CortexM0\ARM_GCC_493\Release\StepMotor_PSoC4200_Dual.a(STEP_INPUT_1.o)
 .debug_aranges
                0x00000c20       0x48 .\CortexM0\ARM_GCC_493\Release\StepMotor_PSoC4200_Dual.a(DIR_INPUT_1.o)
 .debug_aranges
                0x00000c68       0x48 .\CortexM0\ARM_GCC_493\Release\StepMotor_PSoC4200_Dual.a(STEP_INPUT_SOURCE_1.o)
 .debug_aranges
                0x00000cb0       0x48 .\CortexM0\ARM_GCC_493\Release\StepMotor_PSoC4200_Dual.a(DIR_INPUT_SOURCE_1.o)
 .debug_aranges
                0x00000cf8       0x20 .\CortexM0\ARM_GCC_493\Release\StepMotor_PSoC4200_Dual.a(CyBootAsmGnu.o)

.debug_pubnames
 *(.debug_pubnames)

.debug_info     0x00000000     0x63b2
 *(.debug_info .gnu.linkonce.wi.*)
 .debug_info    0x00000000      0x3b8 .\CortexM0\ARM_GCC_493\Release\main.o
 .debug_info    0x000003b8      0x10a .\CortexM0\ARM_GCC_493\Release\genSine.o
 .debug_info    0x000004c2      0x1cf .\CortexM0\ARM_GCC_493\Release\inputScan.o
 .debug_info    0x00000691      0x2a6 .\CortexM0\ARM_GCC_493\Release\Move.o
 .debug_info    0x00000937      0x16e .\CortexM0\ARM_GCC_493\Release\PhaseControl.o
 .debug_info    0x00000aa5      0x36f .\CortexM0\ARM_GCC_493\Release\systemInit.o
 .debug_info    0x00000e14      0x3ab .\CortexM0\ARM_GCC_493\Release\Cm0Start.o
 .debug_info    0x000011bf      0x14e .\CortexM0\ARM_GCC_493\Release\cybootloader.o
 .debug_info    0x0000130d       0xb2 .\CortexM0\ARM_GCC_493\Release\cymetadata.o
 .debug_info    0x000013bf      0x3ae .\CortexM0\ARM_GCC_493\Release\StepMotor_PSoC4200_Dual.a(cyfitter_cfg.o)
 .debug_info    0x0000176d      0x19b .\CortexM0\ARM_GCC_493\Release\StepMotor_PSoC4200_Dual.a(INTERNAL_STEP_OUT.o)
 .debug_info    0x00001908      0x19b .\CortexM0\ARM_GCC_493\Release\StepMotor_PSoC4200_Dual.a(STEP_INPUT.o)
 .debug_info    0x00001aa3      0x19b .\CortexM0\ARM_GCC_493\Release\StepMotor_PSoC4200_Dual.a(DIR_INPUT.o)
 .debug_info    0x00001c3e      0x19b .\CortexM0\ARM_GCC_493\Release\StepMotor_PSoC4200_Dual.a(STEP_INPUT_SOURCE.o)
 .debug_info    0x00001dd9      0x19b .\CortexM0\ARM_GCC_493\Release\StepMotor_PSoC4200_Dual.a(DIR_INPUT_SOURCE.o)
 .debug_info    0x00001f74       0xd6 .\CortexM0\ARM_GCC_493\Release\StepMotor_PSoC4200_Dual.a(DIR_REG.o)
 .debug_info    0x0000204a      0xb23 .\CortexM0\ARM_GCC_493\Release\StepMotor_PSoC4200_Dual.a(CyLib.o)
 .debug_info    0x00002b6d      0x150 .\CortexM0\ARM_GCC_493\Release\StepMotor_PSoC4200_Dual.a(Clock_PWM_MAIN.o)
 .debug_info    0x00002cbd      0x3c2 .\CortexM0\ARM_GCC_493\Release\StepMotor_PSoC4200_Dual.a(INTERNAL_STEP.o)
 .debug_info    0x0000307f      0x95f .\CortexM0\ARM_GCC_493\Release\StepMotor_PSoC4200_Dual.a(TCPWM_2.o)
 .debug_info    0x000039de      0x95f .\CortexM0\ARM_GCC_493\Release\StepMotor_PSoC4200_Dual.a(TCPWM_1.o)
 .debug_info    0x0000433d      0x95f .\CortexM0\ARM_GCC_493\Release\StepMotor_PSoC4200_Dual.a(TCPWM_4.o)
 .debug_info    0x00004c9c      0x95f .\CortexM0\ARM_GCC_493\Release\StepMotor_PSoC4200_Dual.a(TCPWM_3.o)
 .debug_info    0x000055fb      0x19b .\CortexM0\ARM_GCC_493\Release\StepMotor_PSoC4200_Dual.a(INTERNAL_STEP_OUT_1.o)
 .debug_info    0x00005796      0x2d4 .\CortexM0\ARM_GCC_493\Release\StepMotor_PSoC4200_Dual.a(INTERNAL_STEP_1.o)
 .debug_info    0x00005a6a      0x150 .\CortexM0\ARM_GCC_493\Release\StepMotor_PSoC4200_Dual.a(Clock_PWM_MAIN_1.o)
 .debug_info    0x00005bba       0xd6 .\CortexM0\ARM_GCC_493\Release\StepMotor_PSoC4200_Dual.a(DIR_REG_1.o)
 .debug_info    0x00005c90      0x19b .\CortexM0\ARM_GCC_493\Release\StepMotor_PSoC4200_Dual.a(STEP_INPUT_1.o)
 .debug_info    0x00005e2b      0x19b .\CortexM0\ARM_GCC_493\Release\StepMotor_PSoC4200_Dual.a(DIR_INPUT_1.o)
 .debug_info    0x00005fc6      0x19b .\CortexM0\ARM_GCC_493\Release\StepMotor_PSoC4200_Dual.a(STEP_INPUT_SOURCE_1.o)
 .debug_info    0x00006161      0x19b .\CortexM0\ARM_GCC_493\Release\StepMotor_PSoC4200_Dual.a(DIR_INPUT_SOURCE_1.o)
 .debug_info    0x000062fc       0xb6 .\CortexM0\ARM_GCC_493\Release\StepMotor_PSoC4200_Dual.a(CyBootAsmGnu.o)

.debug_abbrev   0x00000000     0x20e9
 *(.debug_abbrev)
 .debug_abbrev  0x00000000      0x125 .\CortexM0\ARM_GCC_493\Release\main.o
 .debug_abbrev  0x00000125       0xa6 .\CortexM0\ARM_GCC_493\Release\genSine.o
 .debug_abbrev  0x000001cb       0xa0 .\CortexM0\ARM_GCC_493\Release\inputScan.o
 .debug_abbrev  0x0000026b       0xe8 .\CortexM0\ARM_GCC_493\Release\Move.o
 .debug_abbrev  0x00000353       0xa7 .\CortexM0\ARM_GCC_493\Release\PhaseControl.o
 .debug_abbrev  0x000003fa       0xd5 .\CortexM0\ARM_GCC_493\Release\systemInit.o
 .debug_abbrev  0x000004cf      0x1f7 .\CortexM0\ARM_GCC_493\Release\Cm0Start.o
 .debug_abbrev  0x000006c6       0x77 .\CortexM0\ARM_GCC_493\Release\cybootloader.o
 .debug_abbrev  0x0000073d       0x5d .\CortexM0\ARM_GCC_493\Release\cymetadata.o
 .debug_abbrev  0x0000079a      0x207 .\CortexM0\ARM_GCC_493\Release\StepMotor_PSoC4200_Dual.a(cyfitter_cfg.o)
 .debug_abbrev  0x000009a1       0xc6 .\CortexM0\ARM_GCC_493\Release\StepMotor_PSoC4200_Dual.a(INTERNAL_STEP_OUT.o)
 .debug_abbrev  0x00000a67       0xc6 .\CortexM0\ARM_GCC_493\Release\StepMotor_PSoC4200_Dual.a(STEP_INPUT.o)
 .debug_abbrev  0x00000b2d       0xc6 .\CortexM0\ARM_GCC_493\Release\StepMotor_PSoC4200_Dual.a(DIR_INPUT.o)
 .debug_abbrev  0x00000bf3       0xc6 .\CortexM0\ARM_GCC_493\Release\StepMotor_PSoC4200_Dual.a(STEP_INPUT_SOURCE.o)
 .debug_abbrev  0x00000cb9       0xc6 .\CortexM0\ARM_GCC_493\Release\StepMotor_PSoC4200_Dual.a(DIR_INPUT_SOURCE.o)
 .debug_abbrev  0x00000d7f       0x81 .\CortexM0\ARM_GCC_493\Release\StepMotor_PSoC4200_Dual.a(DIR_REG.o)
 .debug_abbrev  0x00000e00      0x318 .\CortexM0\ARM_GCC_493\Release\StepMotor_PSoC4200_Dual.a(CyLib.o)
 .debug_abbrev  0x00001118       0xc6 .\CortexM0\ARM_GCC_493\Release\StepMotor_PSoC4200_Dual.a(Clock_PWM_MAIN.o)
 .debug_abbrev  0x000011de      0x1d5 .\CortexM0\ARM_GCC_493\Release\StepMotor_PSoC4200_Dual.a(INTERNAL_STEP.o)
 .debug_abbrev  0x000013b3      0x1a4 .\CortexM0\ARM_GCC_493\Release\StepMotor_PSoC4200_Dual.a(TCPWM_2.o)
 .debug_abbrev  0x00001557      0x1a4 .\CortexM0\ARM_GCC_493\Release\StepMotor_PSoC4200_Dual.a(TCPWM_1.o)
 .debug_abbrev  0x000016fb      0x1a4 .\CortexM0\ARM_GCC_493\Release\StepMotor_PSoC4200_Dual.a(TCPWM_4.o)
 .debug_abbrev  0x0000189f      0x1a4 .\CortexM0\ARM_GCC_493\Release\StepMotor_PSoC4200_Dual.a(TCPWM_3.o)
 .debug_abbrev  0x00001a43       0xc6 .\CortexM0\ARM_GCC_493\Release\StepMotor_PSoC4200_Dual.a(INTERNAL_STEP_OUT_1.o)
 .debug_abbrev  0x00001b09      0x16d .\CortexM0\ARM_GCC_493\Release\StepMotor_PSoC4200_Dual.a(INTERNAL_STEP_1.o)
 .debug_abbrev  0x00001c76       0xc6 .\CortexM0\ARM_GCC_493\Release\StepMotor_PSoC4200_Dual.a(Clock_PWM_MAIN_1.o)
 .debug_abbrev  0x00001d3c       0x81 .\CortexM0\ARM_GCC_493\Release\StepMotor_PSoC4200_Dual.a(DIR_REG_1.o)
 .debug_abbrev  0x00001dbd       0xc6 .\CortexM0\ARM_GCC_493\Release\StepMotor_PSoC4200_Dual.a(STEP_INPUT_1.o)
 .debug_abbrev  0x00001e83       0xc6 .\CortexM0\ARM_GCC_493\Release\StepMotor_PSoC4200_Dual.a(DIR_INPUT_1.o)
 .debug_abbrev  0x00001f49       0xc6 .\CortexM0\ARM_GCC_493\Release\StepMotor_PSoC4200_Dual.a(STEP_INPUT_SOURCE_1.o)
 .debug_abbrev  0x0000200f       0xc6 .\CortexM0\ARM_GCC_493\Release\StepMotor_PSoC4200_Dual.a(DIR_INPUT_SOURCE_1.o)
 .debug_abbrev  0x000020d5       0x14 .\CortexM0\ARM_GCC_493\Release\StepMotor_PSoC4200_Dual.a(CyBootAsmGnu.o)

.debug_line     0x00000000     0x2d5c
 *(.debug_line)
 .debug_line    0x00000000      0x13b .\CortexM0\ARM_GCC_493\Release\main.o
 .debug_line    0x0000013b       0x74 .\CortexM0\ARM_GCC_493\Release\genSine.o
 .debug_line    0x000001af      0x153 .\CortexM0\ARM_GCC_493\Release\inputScan.o
 .debug_line    0x00000302      0x100 .\CortexM0\ARM_GCC_493\Release\Move.o
 .debug_line    0x00000402       0xc4 .\CortexM0\ARM_GCC_493\Release\PhaseControl.o
 .debug_line    0x000004c6      0x137 .\CortexM0\ARM_GCC_493\Release\systemInit.o
 .debug_line    0x000005fd      0x230 .\CortexM0\ARM_GCC_493\Release\Cm0Start.o
 .debug_line    0x0000082d       0x53 .\CortexM0\ARM_GCC_493\Release\cybootloader.o
 .debug_line    0x00000880       0x51 .\CortexM0\ARM_GCC_493\Release\cymetadata.o
 .debug_line    0x000008d1      0x16d .\CortexM0\ARM_GCC_493\Release\StepMotor_PSoC4200_Dual.a(cyfitter_cfg.o)
 .debug_line    0x00000a3e       0xd5 .\CortexM0\ARM_GCC_493\Release\StepMotor_PSoC4200_Dual.a(INTERNAL_STEP_OUT.o)
 .debug_line    0x00000b13       0xd0 .\CortexM0\ARM_GCC_493\Release\StepMotor_PSoC4200_Dual.a(STEP_INPUT.o)
 .debug_line    0x00000be3       0xcd .\CortexM0\ARM_GCC_493\Release\StepMotor_PSoC4200_Dual.a(DIR_INPUT.o)
 .debug_line    0x00000cb0       0xd5 .\CortexM0\ARM_GCC_493\Release\StepMotor_PSoC4200_Dual.a(STEP_INPUT_SOURCE.o)
 .debug_line    0x00000d85       0xd4 .\CortexM0\ARM_GCC_493\Release\StepMotor_PSoC4200_Dual.a(DIR_INPUT_SOURCE.o)
 .debug_line    0x00000e59       0x74 .\CortexM0\ARM_GCC_493\Release\StepMotor_PSoC4200_Dual.a(DIR_REG.o)
 .debug_line    0x00000ecd      0x4ca .\CortexM0\ARM_GCC_493\Release\StepMotor_PSoC4200_Dual.a(CyLib.o)
 .debug_line    0x00001397       0xbe .\CortexM0\ARM_GCC_493\Release\StepMotor_PSoC4200_Dual.a(Clock_PWM_MAIN.o)
 .debug_line    0x00001455      0x1eb .\CortexM0\ARM_GCC_493\Release\StepMotor_PSoC4200_Dual.a(INTERNAL_STEP.o)
 .debug_line    0x00001640      0x3f8 .\CortexM0\ARM_GCC_493\Release\StepMotor_PSoC4200_Dual.a(TCPWM_2.o)
 .debug_line    0x00001a38      0x3f6 .\CortexM0\ARM_GCC_493\Release\StepMotor_PSoC4200_Dual.a(TCPWM_1.o)
 .debug_line    0x00001e2e      0x3f8 .\CortexM0\ARM_GCC_493\Release\StepMotor_PSoC4200_Dual.a(TCPWM_4.o)
 .debug_line    0x00002226      0x3f6 .\CortexM0\ARM_GCC_493\Release\StepMotor_PSoC4200_Dual.a(TCPWM_3.o)
 .debug_line    0x0000261c       0xd7 .\CortexM0\ARM_GCC_493\Release\StepMotor_PSoC4200_Dual.a(INTERNAL_STEP_OUT_1.o)
 .debug_line    0x000026f3      0x17e .\CortexM0\ARM_GCC_493\Release\StepMotor_PSoC4200_Dual.a(INTERNAL_STEP_1.o)
 .debug_line    0x00002871       0xc0 .\CortexM0\ARM_GCC_493\Release\StepMotor_PSoC4200_Dual.a(Clock_PWM_MAIN_1.o)
 .debug_line    0x00002931       0x76 .\CortexM0\ARM_GCC_493\Release\StepMotor_PSoC4200_Dual.a(DIR_REG_1.o)
 .debug_line    0x000029a7       0xd0 .\CortexM0\ARM_GCC_493\Release\StepMotor_PSoC4200_Dual.a(STEP_INPUT_1.o)
 .debug_line    0x00002a77       0xcf .\CortexM0\ARM_GCC_493\Release\StepMotor_PSoC4200_Dual.a(DIR_INPUT_1.o)
 .debug_line    0x00002b46       0xd7 .\CortexM0\ARM_GCC_493\Release\StepMotor_PSoC4200_Dual.a(STEP_INPUT_SOURCE_1.o)
 .debug_line    0x00002c1d       0xd6 .\CortexM0\ARM_GCC_493\Release\StepMotor_PSoC4200_Dual.a(DIR_INPUT_SOURCE_1.o)
 .debug_line    0x00002cf3       0x69 .\CortexM0\ARM_GCC_493\Release\StepMotor_PSoC4200_Dual.a(CyBootAsmGnu.o)

.debug_frame    0x00000000     0x1c28
 *(.debug_frame)
 .debug_frame   0x00000000       0x38 .\CortexM0\ARM_GCC_493\Release\main.o
 .debug_frame   0x00000038       0x20 .\CortexM0\ARM_GCC_493\Release\genSine.o
 .debug_frame   0x00000058       0x2c .\CortexM0\ARM_GCC_493\Release\inputScan.o
 .debug_frame   0x00000084       0x38 .\CortexM0\ARM_GCC_493\Release\Move.o
 .debug_frame   0x000000bc       0x44 .\CortexM0\ARM_GCC_493\Release\PhaseControl.o
 .debug_frame   0x00000100       0x38 .\CortexM0\ARM_GCC_493\Release\systemInit.o
 .debug_frame   0x00000138       0xbc .\CortexM0\ARM_GCC_493\Release\Cm0Start.o
 .debug_frame   0x000001f4       0x38 .\CortexM0\ARM_GCC_493\Release\StepMotor_PSoC4200_Dual.a(cyfitter_cfg.o)
 .debug_frame   0x0000022c       0x70 .\CortexM0\ARM_GCC_493\Release\StepMotor_PSoC4200_Dual.a(INTERNAL_STEP_OUT.o)
 .debug_frame   0x0000029c       0x70 .\CortexM0\ARM_GCC_493\Release\StepMotor_PSoC4200_Dual.a(STEP_INPUT.o)
 .debug_frame   0x0000030c       0x70 .\CortexM0\ARM_GCC_493\Release\StepMotor_PSoC4200_Dual.a(DIR_INPUT.o)
 .debug_frame   0x0000037c       0x70 .\CortexM0\ARM_GCC_493\Release\StepMotor_PSoC4200_Dual.a(STEP_INPUT_SOURCE.o)
 .debug_frame   0x000003ec       0x70 .\CortexM0\ARM_GCC_493\Release\StepMotor_PSoC4200_Dual.a(DIR_INPUT_SOURCE.o)
 .debug_frame   0x0000045c       0x30 .\CortexM0\ARM_GCC_493\Release\StepMotor_PSoC4200_Dual.a(DIR_REG.o)
 .debug_frame   0x0000048c      0x3a4 .\CortexM0\ARM_GCC_493\Release\StepMotor_PSoC4200_Dual.a(CyLib.o)
 .debug_frame   0x00000830       0x60 .\CortexM0\ARM_GCC_493\Release\StepMotor_PSoC4200_Dual.a(Clock_PWM_MAIN.o)
 .debug_frame   0x00000890      0x128 .\CortexM0\ARM_GCC_493\Release\StepMotor_PSoC4200_Dual.a(INTERNAL_STEP.o)
 .debug_frame   0x000009b8      0x384 .\CortexM0\ARM_GCC_493\Release\StepMotor_PSoC4200_Dual.a(TCPWM_2.o)
 .debug_frame   0x00000d3c      0x384 .\CortexM0\ARM_GCC_493\Release\StepMotor_PSoC4200_Dual.a(TCPWM_1.o)
 .debug_frame   0x000010c0      0x384 .\CortexM0\ARM_GCC_493\Release\StepMotor_PSoC4200_Dual.a(TCPWM_4.o)
 .debug_frame   0x00001444      0x384 .\CortexM0\ARM_GCC_493\Release\StepMotor_PSoC4200_Dual.a(TCPWM_3.o)
 .debug_frame   0x000017c8       0x70 .\CortexM0\ARM_GCC_493\Release\StepMotor_PSoC4200_Dual.a(INTERNAL_STEP_OUT_1.o)
 .debug_frame   0x00001838       0xec .\CortexM0\ARM_GCC_493\Release\StepMotor_PSoC4200_Dual.a(INTERNAL_STEP_1.o)
 .debug_frame   0x00001924       0x60 .\CortexM0\ARM_GCC_493\Release\StepMotor_PSoC4200_Dual.a(Clock_PWM_MAIN_1.o)
 .debug_frame   0x00001984       0x30 .\CortexM0\ARM_GCC_493\Release\StepMotor_PSoC4200_Dual.a(DIR_REG_1.o)
 .debug_frame   0x000019b4       0x70 .\CortexM0\ARM_GCC_493\Release\StepMotor_PSoC4200_Dual.a(STEP_INPUT_1.o)
 .debug_frame   0x00001a24       0x70 .\CortexM0\ARM_GCC_493\Release\StepMotor_PSoC4200_Dual.a(DIR_INPUT_1.o)
 .debug_frame   0x00001a94       0x70 .\CortexM0\ARM_GCC_493\Release\StepMotor_PSoC4200_Dual.a(STEP_INPUT_SOURCE_1.o)
 .debug_frame   0x00001b04       0x70 .\CortexM0\ARM_GCC_493\Release\StepMotor_PSoC4200_Dual.a(DIR_INPUT_SOURCE_1.o)
 .debug_frame   0x00001b74       0x20 c:/program files/cypress/psoc creator/4.0/psoc creator/import/gnu/arm/4.9.3/bin/../lib/gcc/arm-none-eabi/4.9.3/armv6-m\libgcc.a(_udivsi3.o)
 .debug_frame   0x00001b94       0x20 c:/program files/cypress/psoc creator/4.0/psoc creator/import/gnu/arm/4.9.3/bin/../lib/gcc/arm-none-eabi/4.9.3/../../../../arm-none-eabi/lib/armv6-m\libg_nano.a(lib_a-errno.o)
 .debug_frame   0x00001bb4       0x28 c:/program files/cypress/psoc creator/4.0/psoc creator/import/gnu/arm/4.9.3/bin/../lib/gcc/arm-none-eabi/4.9.3/../../../../arm-none-eabi/lib/armv6-m\libg_nano.a(lib_a-exit.o)
 .debug_frame   0x00001bdc       0x2c c:/program files/cypress/psoc creator/4.0/psoc creator/import/gnu/arm/4.9.3/bin/../lib/gcc/arm-none-eabi/4.9.3/../../../../arm-none-eabi/lib/armv6-m\libg_nano.a(lib_a-init.o)
 .debug_frame   0x00001c08       0x20 c:/program files/cypress/psoc creator/4.0/psoc creator/import/gnu/arm/4.9.3/bin/../lib/gcc/arm-none-eabi/4.9.3/../../../../arm-none-eabi/lib/armv6-m\libg_nano.a(lib_a-memset.o)

.debug_str      0x00000000     0x27c3
 *(.debug_str)
 .debug_str     0x00000000      0x2f4 .\CortexM0\ARM_GCC_493\Release\main.o
                                0x354 (size before relaxing)
 .debug_str     0x000002f4       0x27 .\CortexM0\ARM_GCC_493\Release\genSine.o
                                0x1e1 (size before relaxing)
 .debug_str     0x0000031b       0xdc .\CortexM0\ARM_GCC_493\Release\inputScan.o
                                0x2d0 (size before relaxing)
 .debug_str     0x000003f7       0x79 .\CortexM0\ARM_GCC_493\Release\Move.o
                                0x2cb (size before relaxing)
 .debug_str     0x00000470       0x3a .\CortexM0\ARM_GCC_493\Release\PhaseControl.o
                                0x23b (size before relaxing)
 .debug_str     0x000004aa       0xf7 .\CortexM0\ARM_GCC_493\Release\systemInit.o
                                0x3bc (size before relaxing)
 .debug_str     0x000005a1      0x170 .\CortexM0\ARM_GCC_493\Release\Cm0Start.o
                                0x32a (size before relaxing)
 .debug_str     0x00000711       0x78 .\CortexM0\ARM_GCC_493\Release\cybootloader.o
                                0x213 (size before relaxing)
 .debug_str     0x00000789       0x35 .\CortexM0\ARM_GCC_493\Release\cymetadata.o
                                0x1d0 (size before relaxing)
 .debug_str     0x000007be       0xef .\CortexM0\ARM_GCC_493\Release\StepMotor_PSoC4200_Dual.a(cyfitter_cfg.o)
                                0x2db (size before relaxing)
 .debug_str     0x000008ad       0xe4 .\CortexM0\ARM_GCC_493\Release\StepMotor_PSoC4200_Dual.a(INTERNAL_STEP_OUT.o)
                                0x2b0 (size before relaxing)
 .debug_str     0x00000991       0x9a .\CortexM0\ARM_GCC_493\Release\StepMotor_PSoC4200_Dual.a(STEP_INPUT.o)
                                0x27f (size before relaxing)
 .debug_str     0x00000a2b       0x94 .\CortexM0\ARM_GCC_493\Release\StepMotor_PSoC4200_Dual.a(DIR_INPUT.o)
                                0x278 (size before relaxing)
 .debug_str     0x00000abf       0xc4 .\CortexM0\ARM_GCC_493\Release\StepMotor_PSoC4200_Dual.a(STEP_INPUT_SOURCE.o)
                                0x2b0 (size before relaxing)
 .debug_str     0x00000b83       0xbe .\CortexM0\ARM_GCC_493\Release\StepMotor_PSoC4200_Dual.a(DIR_INPUT_SOURCE.o)
                                0x2a9 (size before relaxing)
 .debug_str     0x00000c41       0x36 .\CortexM0\ARM_GCC_493\Release\StepMotor_PSoC4200_Dual.a(DIR_REG.o)
                                0x1db (size before relaxing)
 .debug_str     0x00000c77      0x4dc .\CortexM0\ARM_GCC_493\Release\StepMotor_PSoC4200_Dual.a(CyLib.o)
                                0x6de (size before relaxing)
 .debug_str     0x00001153       0xde .\CortexM0\ARM_GCC_493\Release\StepMotor_PSoC4200_Dual.a(Clock_PWM_MAIN.o)
                                0x299 (size before relaxing)
 .debug_str     0x00001231      0x1e5 .\CortexM0\ARM_GCC_493\Release\StepMotor_PSoC4200_Dual.a(INTERNAL_STEP.o)
                                0x410 (size before relaxing)
 .debug_str     0x00001416      0x3f1 .\CortexM0\ARM_GCC_493\Release\StepMotor_PSoC4200_Dual.a(TCPWM_2.o)
                                0x61f (size before relaxing)
 .debug_str     0x00001807      0x341 .\CortexM0\ARM_GCC_493\Release\StepMotor_PSoC4200_Dual.a(TCPWM_1.o)
                                0x61f (size before relaxing)
 .debug_str     0x00001b48      0x341 .\CortexM0\ARM_GCC_493\Release\StepMotor_PSoC4200_Dual.a(TCPWM_4.o)
                                0x61f (size before relaxing)
 .debug_str     0x00001e89      0x341 .\CortexM0\ARM_GCC_493\Release\StepMotor_PSoC4200_Dual.a(TCPWM_3.o)
                                0x61f (size before relaxing)
 .debug_str     0x000021ca       0xd0 .\CortexM0\ARM_GCC_493\Release\StepMotor_PSoC4200_Dual.a(INTERNAL_STEP_OUT_1.o)
                                0x2be (size before relaxing)
 .debug_str     0x0000229a      0x157 .\CortexM0\ARM_GCC_493\Release\StepMotor_PSoC4200_Dual.a(INTERNAL_STEP_1.o)
                                0x37e (size before relaxing)
 .debug_str     0x000023f1       0xc0 .\CortexM0\ARM_GCC_493\Release\StepMotor_PSoC4200_Dual.a(Clock_PWM_MAIN_1.o)
                                0x2a5 (size before relaxing)
 .debug_str     0x000024b1       0x32 .\CortexM0\ARM_GCC_493\Release\StepMotor_PSoC4200_Dual.a(DIR_REG_1.o)
                                0x1e1 (size before relaxing)
 .debug_str     0x000024e3       0xa6 .\CortexM0\ARM_GCC_493\Release\StepMotor_PSoC4200_Dual.a(STEP_INPUT_1.o)
                                0x28d (size before relaxing)
 .debug_str     0x00002589       0xa0 .\CortexM0\ARM_GCC_493\Release\StepMotor_PSoC4200_Dual.a(DIR_INPUT_1.o)
                                0x286 (size before relaxing)
 .debug_str     0x00002629       0xd0 .\CortexM0\ARM_GCC_493\Release\StepMotor_PSoC4200_Dual.a(STEP_INPUT_SOURCE_1.o)
                                0x2be (size before relaxing)
 .debug_str     0x000026f9       0xca .\CortexM0\ARM_GCC_493\Release\StepMotor_PSoC4200_Dual.a(DIR_INPUT_SOURCE_1.o)
                                0x2b7 (size before relaxing)

.debug_loc      0x00000000     0x25a6
 *(.debug_loc)
 .debug_loc     0x00000000       0x59 .\CortexM0\ARM_GCC_493\Release\main.o
 .debug_loc     0x00000059       0x34 .\CortexM0\ARM_GCC_493\Release\genSine.o
 .debug_loc     0x0000008d       0x3a .\CortexM0\ARM_GCC_493\Release\inputScan.o
 .debug_loc     0x000000c7       0x3a .\CortexM0\ARM_GCC_493\Release\Move.o
 .debug_loc     0x00000101       0x95 .\CortexM0\ARM_GCC_493\Release\PhaseControl.o
 .debug_loc     0x00000196      0x1e9 .\CortexM0\ARM_GCC_493\Release\Cm0Start.o
 .debug_loc     0x0000037f       0xfc .\CortexM0\ARM_GCC_493\Release\StepMotor_PSoC4200_Dual.a(cyfitter_cfg.o)
 .debug_loc     0x0000047b       0xa1 .\CortexM0\ARM_GCC_493\Release\StepMotor_PSoC4200_Dual.a(INTERNAL_STEP_OUT.o)
 .debug_loc     0x0000051c       0xa1 .\CortexM0\ARM_GCC_493\Release\StepMotor_PSoC4200_Dual.a(STEP_INPUT.o)
 .debug_loc     0x000005bd       0xa1 .\CortexM0\ARM_GCC_493\Release\StepMotor_PSoC4200_Dual.a(DIR_INPUT.o)
 .debug_loc     0x0000065e       0xa1 .\CortexM0\ARM_GCC_493\Release\StepMotor_PSoC4200_Dual.a(STEP_INPUT_SOURCE.o)
 .debug_loc     0x000006ff       0xa1 .\CortexM0\ARM_GCC_493\Release\StepMotor_PSoC4200_Dual.a(DIR_INPUT_SOURCE.o)
 .debug_loc     0x000007a0      0x538 .\CortexM0\ARM_GCC_493\Release\StepMotor_PSoC4200_Dual.a(CyLib.o)
 .debug_loc     0x00000cd8       0x3b .\CortexM0\ARM_GCC_493\Release\StepMotor_PSoC4200_Dual.a(Clock_PWM_MAIN.o)
 .debug_loc     0x00000d13       0x2b .\CortexM0\ARM_GCC_493\Release\StepMotor_PSoC4200_Dual.a(INTERNAL_STEP.o)
 .debug_loc     0x00000d3e      0x53c .\CortexM0\ARM_GCC_493\Release\StepMotor_PSoC4200_Dual.a(TCPWM_2.o)
 .debug_loc     0x0000127a      0x53c .\CortexM0\ARM_GCC_493\Release\StepMotor_PSoC4200_Dual.a(TCPWM_1.o)
 .debug_loc     0x000017b6      0x53c .\CortexM0\ARM_GCC_493\Release\StepMotor_PSoC4200_Dual.a(TCPWM_4.o)
 .debug_loc     0x00001cf2      0x53c .\CortexM0\ARM_GCC_493\Release\StepMotor_PSoC4200_Dual.a(TCPWM_3.o)
 .debug_loc     0x0000222e       0xa1 .\CortexM0\ARM_GCC_493\Release\StepMotor_PSoC4200_Dual.a(INTERNAL_STEP_OUT_1.o)
 .debug_loc     0x000022cf       0x18 .\CortexM0\ARM_GCC_493\Release\StepMotor_PSoC4200_Dual.a(INTERNAL_STEP_1.o)
 .debug_loc     0x000022e7       0x3b .\CortexM0\ARM_GCC_493\Release\StepMotor_PSoC4200_Dual.a(Clock_PWM_MAIN_1.o)
 .debug_loc     0x00002322       0xa1 .\CortexM0\ARM_GCC_493\Release\StepMotor_PSoC4200_Dual.a(STEP_INPUT_1.o)
 .debug_loc     0x000023c3       0xa1 .\CortexM0\ARM_GCC_493\Release\StepMotor_PSoC4200_Dual.a(DIR_INPUT_1.o)
 .debug_loc     0x00002464       0xa1 .\CortexM0\ARM_GCC_493\Release\StepMotor_PSoC4200_Dual.a(STEP_INPUT_SOURCE_1.o)
 .debug_loc     0x00002505       0xa1 .\CortexM0\ARM_GCC_493\Release\StepMotor_PSoC4200_Dual.a(DIR_INPUT_SOURCE_1.o)

.debug_macinfo
 *(.debug_macinfo)

.debug_ranges   0x00000000      0xc18
 *(.debug_ranges)
 .debug_ranges  0x00000000       0x10 .\CortexM0\ARM_GCC_493\Release\main.o
 .debug_ranges  0x00000010       0x10 .\CortexM0\ARM_GCC_493\Release\genSine.o
 .debug_ranges  0x00000020       0x10 .\CortexM0\ARM_GCC_493\Release\inputScan.o
 .debug_ranges  0x00000030       0x10 .\CortexM0\ARM_GCC_493\Release\Move.o
 .debug_ranges  0x00000040       0x18 .\CortexM0\ARM_GCC_493\Release\PhaseControl.o
 .debug_ranges  0x00000058       0x10 .\CortexM0\ARM_GCC_493\Release\systemInit.o
 .debug_ranges  0x00000068       0x38 .\CortexM0\ARM_GCC_493\Release\Cm0Start.o
 .debug_ranges  0x000000a0       0x48 .\CortexM0\ARM_GCC_493\Release\StepMotor_PSoC4200_Dual.a(cyfitter_cfg.o)
 .debug_ranges  0x000000e8       0x38 .\CortexM0\ARM_GCC_493\Release\StepMotor_PSoC4200_Dual.a(INTERNAL_STEP_OUT.o)
 .debug_ranges  0x00000120       0x38 .\CortexM0\ARM_GCC_493\Release\StepMotor_PSoC4200_Dual.a(STEP_INPUT.o)
 .debug_ranges  0x00000158       0x38 .\CortexM0\ARM_GCC_493\Release\StepMotor_PSoC4200_Dual.a(DIR_INPUT.o)
 .debug_ranges  0x00000190       0x38 .\CortexM0\ARM_GCC_493\Release\StepMotor_PSoC4200_Dual.a(STEP_INPUT_SOURCE.o)
 .debug_ranges  0x000001c8       0x38 .\CortexM0\ARM_GCC_493\Release\StepMotor_PSoC4200_Dual.a(DIR_INPUT_SOURCE.o)
 .debug_ranges  0x00000200       0x18 .\CortexM0\ARM_GCC_493\Release\StepMotor_PSoC4200_Dual.a(DIR_REG.o)
 .debug_ranges  0x00000218      0x1e0 .\CortexM0\ARM_GCC_493\Release\StepMotor_PSoC4200_Dual.a(CyLib.o)
 .debug_ranges  0x000003f8       0x30 .\CortexM0\ARM_GCC_493\Release\StepMotor_PSoC4200_Dual.a(Clock_PWM_MAIN.o)
 .debug_ranges  0x00000428       0xa0 .\CortexM0\ARM_GCC_493\Release\StepMotor_PSoC4200_Dual.a(INTERNAL_STEP.o)
 .debug_ranges  0x000004c8      0x160 .\CortexM0\ARM_GCC_493\Release\StepMotor_PSoC4200_Dual.a(TCPWM_2.o)
 .debug_ranges  0x00000628      0x160 .\CortexM0\ARM_GCC_493\Release\StepMotor_PSoC4200_Dual.a(TCPWM_1.o)
 .debug_ranges  0x00000788      0x160 .\CortexM0\ARM_GCC_493\Release\StepMotor_PSoC4200_Dual.a(TCPWM_4.o)
 .debug_ranges  0x000008e8      0x160 .\CortexM0\ARM_GCC_493\Release\StepMotor_PSoC4200_Dual.a(TCPWM_3.o)
 .debug_ranges  0x00000a48       0x38 .\CortexM0\ARM_GCC_493\Release\StepMotor_PSoC4200_Dual.a(INTERNAL_STEP_OUT_1.o)
 .debug_ranges  0x00000a80       0x70 .\CortexM0\ARM_GCC_493\Release\StepMotor_PSoC4200_Dual.a(INTERNAL_STEP_1.o)
 .debug_ranges  0x00000af0       0x30 .\CortexM0\ARM_GCC_493\Release\StepMotor_PSoC4200_Dual.a(Clock_PWM_MAIN_1.o)
 .debug_ranges  0x00000b20       0x18 .\CortexM0\ARM_GCC_493\Release\StepMotor_PSoC4200_Dual.a(DIR_REG_1.o)
 .debug_ranges  0x00000b38       0x38 .\CortexM0\ARM_GCC_493\Release\StepMotor_PSoC4200_Dual.a(STEP_INPUT_1.o)
 .debug_ranges  0x00000b70       0x38 .\CortexM0\ARM_GCC_493\Release\StepMotor_PSoC4200_Dual.a(DIR_INPUT_1.o)
 .debug_ranges  0x00000ba8       0x38 .\CortexM0\ARM_GCC_493\Release\StepMotor_PSoC4200_Dual.a(STEP_INPUT_SOURCE_1.o)
 .debug_ranges  0x00000be0       0x38 .\CortexM0\ARM_GCC_493\Release\StepMotor_PSoC4200_Dual.a(DIR_INPUT_SOURCE_1.o)

.comment        0x00000000       0x70
 .comment       0x00000000       0x70 .\CortexM0\ARM_GCC_493\Release\main.o
                                 0x71 (size before relaxing)
 .comment       0x00000000       0x71 .\CortexM0\ARM_GCC_493\Release\genSine.o
 .comment       0x00000000       0x71 .\CortexM0\ARM_GCC_493\Release\inputScan.o
 .comment       0x00000000       0x71 .\CortexM0\ARM_GCC_493\Release\Move.o
 .comment       0x00000000       0x71 .\CortexM0\ARM_GCC_493\Release\PhaseControl.o
 .comment       0x00000000       0x71 .\CortexM0\ARM_GCC_493\Release\systemInit.o
 .comment       0x00000000       0x71 .\CortexM0\ARM_GCC_493\Release\Cm0Start.o
 .comment       0x00000000       0x71 .\CortexM0\ARM_GCC_493\Release\cybootloader.o
 .comment       0x00000000       0x71 .\CortexM0\ARM_GCC_493\Release\cymetadata.o
 .comment       0x00000000       0x71 .\CortexM0\ARM_GCC_493\Release\StepMotor_PSoC4200_Dual.a(cyfitter_cfg.o)
 .comment       0x00000000       0x71 .\CortexM0\ARM_GCC_493\Release\StepMotor_PSoC4200_Dual.a(INTERNAL_STEP_OUT.o)
 .comment       0x00000000       0x71 .\CortexM0\ARM_GCC_493\Release\StepMotor_PSoC4200_Dual.a(STEP_INPUT.o)
 .comment       0x00000000       0x71 .\CortexM0\ARM_GCC_493\Release\StepMotor_PSoC4200_Dual.a(DIR_INPUT.o)
 .comment       0x00000000       0x71 .\CortexM0\ARM_GCC_493\Release\StepMotor_PSoC4200_Dual.a(STEP_INPUT_SOURCE.o)
 .comment       0x00000000       0x71 .\CortexM0\ARM_GCC_493\Release\StepMotor_PSoC4200_Dual.a(DIR_INPUT_SOURCE.o)
 .comment       0x00000000       0x71 .\CortexM0\ARM_GCC_493\Release\StepMotor_PSoC4200_Dual.a(DIR_REG.o)
 .comment       0x00000000       0x71 .\CortexM0\ARM_GCC_493\Release\StepMotor_PSoC4200_Dual.a(CyLib.o)
 .comment       0x00000000       0x71 .\CortexM0\ARM_GCC_493\Release\StepMotor_PSoC4200_Dual.a(Clock_PWM_MAIN.o)
 .comment       0x00000000       0x71 .\CortexM0\ARM_GCC_493\Release\StepMotor_PSoC4200_Dual.a(INTERNAL_STEP.o)
 .comment       0x00000000       0x71 .\CortexM0\ARM_GCC_493\Release\StepMotor_PSoC4200_Dual.a(TCPWM_2.o)
 .comment       0x00000000       0x71 .\CortexM0\ARM_GCC_493\Release\StepMotor_PSoC4200_Dual.a(TCPWM_1.o)
 .comment       0x00000000       0x71 .\CortexM0\ARM_GCC_493\Release\StepMotor_PSoC4200_Dual.a(TCPWM_4.o)
 .comment       0x00000000       0x71 .\CortexM0\ARM_GCC_493\Release\StepMotor_PSoC4200_Dual.a(TCPWM_3.o)
 .comment       0x00000000       0x71 .\CortexM0\ARM_GCC_493\Release\StepMotor_PSoC4200_Dual.a(INTERNAL_STEP_OUT_1.o)
 .comment       0x00000000       0x71 .\CortexM0\ARM_GCC_493\Release\StepMotor_PSoC4200_Dual.a(INTERNAL_STEP_1.o)
 .comment       0x00000000       0x71 .\CortexM0\ARM_GCC_493\Release\StepMotor_PSoC4200_Dual.a(Clock_PWM_MAIN_1.o)
 .comment       0x00000000       0x71 .\CortexM0\ARM_GCC_493\Release\StepMotor_PSoC4200_Dual.a(DIR_REG_1.o)
 .comment       0x00000000       0x71 .\CortexM0\ARM_GCC_493\Release\StepMotor_PSoC4200_Dual.a(STEP_INPUT_1.o)
 .comment       0x00000000       0x71 .\CortexM0\ARM_GCC_493\Release\StepMotor_PSoC4200_Dual.a(DIR_INPUT_1.o)
 .comment       0x00000000       0x71 .\CortexM0\ARM_GCC_493\Release\StepMotor_PSoC4200_Dual.a(STEP_INPUT_SOURCE_1.o)
 .comment       0x00000000       0x71 .\CortexM0\ARM_GCC_493\Release\StepMotor_PSoC4200_Dual.a(DIR_INPUT_SOURCE_1.o)

.debug_weaknames
 *(.debug_weaknames)

.debug_funcnames
 *(.debug_funcnames)

.debug_typenames
 *(.debug_typenames)

.debug_varnames
 *(.debug_varnames)

.note.gnu.arm.ident
 *(.note.gnu.arm.ident)

.ARM.attributes
                0x00000000       0x28
 *(.ARM.attributes)
 .ARM.attributes
                0x00000000       0x1e c:/program files/cypress/psoc creator/4.0/psoc creator/import/gnu/arm/4.9.3/bin/../lib/gcc/arm-none-eabi/4.9.3/armv6-m/crti.o
 .ARM.attributes
                0x0000001e       0x2c c:/program files/cypress/psoc creator/4.0/psoc creator/import/gnu/arm/4.9.3/bin/../lib/gcc/arm-none-eabi/4.9.3/armv6-m/crtbegin.o
 .ARM.attributes
                0x0000004a       0x1b c:/program files/cypress/psoc creator/4.0/psoc creator/import/gnu/arm/4.9.3/bin/../lib/gcc/arm-none-eabi/4.9.3/../../../../arm-none-eabi/lib/armv6-m/crt0.o
 .ARM.attributes
                0x00000065       0x31 .\CortexM0\ARM_GCC_493\Release\main.o
 .ARM.attributes
                0x00000096       0x31 .\CortexM0\ARM_GCC_493\Release\genSine.o
 .ARM.attributes
                0x000000c7       0x31 .\CortexM0\ARM_GCC_493\Release\inputScan.o
 .ARM.attributes
                0x000000f8       0x31 .\CortexM0\ARM_GCC_493\Release\Move.o
 .ARM.attributes
                0x00000129       0x31 .\CortexM0\ARM_GCC_493\Release\PhaseControl.o
 .ARM.attributes
                0x0000015a       0x31 .\CortexM0\ARM_GCC_493\Release\systemInit.o
 .ARM.attributes
                0x0000018b       0x31 .\CortexM0\ARM_GCC_493\Release\Cm0Start.o
 .ARM.attributes
                0x000001bc       0x31 .\CortexM0\ARM_GCC_493\Release\cybootloader.o
 .ARM.attributes
                0x000001ed       0x31 .\CortexM0\ARM_GCC_493\Release\cymetadata.o
 .ARM.attributes
                0x0000021e       0x31 .\CortexM0\ARM_GCC_493\Release\StepMotor_PSoC4200_Dual.a(cyfitter_cfg.o)
 .ARM.attributes
                0x0000024f       0x31 .\CortexM0\ARM_GCC_493\Release\StepMotor_PSoC4200_Dual.a(INTERNAL_STEP_OUT.o)
 .ARM.attributes
                0x00000280       0x31 .\CortexM0\ARM_GCC_493\Release\StepMotor_PSoC4200_Dual.a(STEP_INPUT.o)
 .ARM.attributes
                0x000002b1       0x31 .\CortexM0\ARM_GCC_493\Release\StepMotor_PSoC4200_Dual.a(DIR_INPUT.o)
 .ARM.attributes
                0x000002e2       0x31 .\CortexM0\ARM_GCC_493\Release\StepMotor_PSoC4200_Dual.a(STEP_INPUT_SOURCE.o)
 .ARM.attributes
                0x00000313       0x31 .\CortexM0\ARM_GCC_493\Release\StepMotor_PSoC4200_Dual.a(DIR_INPUT_SOURCE.o)
 .ARM.attributes
                0x00000344       0x31 .\CortexM0\ARM_GCC_493\Release\StepMotor_PSoC4200_Dual.a(DIR_REG.o)
 .ARM.attributes
                0x00000375       0x31 .\CortexM0\ARM_GCC_493\Release\StepMotor_PSoC4200_Dual.a(CyLib.o)
 .ARM.attributes
                0x000003a6       0x31 .\CortexM0\ARM_GCC_493\Release\StepMotor_PSoC4200_Dual.a(Clock_PWM_MAIN.o)
 .ARM.attributes
                0x000003d7       0x31 .\CortexM0\ARM_GCC_493\Release\StepMotor_PSoC4200_Dual.a(INTERNAL_STEP.o)
 .ARM.attributes
                0x00000408       0x31 .\CortexM0\ARM_GCC_493\Release\StepMotor_PSoC4200_Dual.a(TCPWM_2.o)
 .ARM.attributes
                0x00000439       0x31 .\CortexM0\ARM_GCC_493\Release\StepMotor_PSoC4200_Dual.a(TCPWM_1.o)
 .ARM.attributes
                0x0000046a       0x31 .\CortexM0\ARM_GCC_493\Release\StepMotor_PSoC4200_Dual.a(TCPWM_4.o)
 .ARM.attributes
                0x0000049b       0x31 .\CortexM0\ARM_GCC_493\Release\StepMotor_PSoC4200_Dual.a(TCPWM_3.o)
 .ARM.attributes
                0x000004cc       0x31 .\CortexM0\ARM_GCC_493\Release\StepMotor_PSoC4200_Dual.a(INTERNAL_STEP_OUT_1.o)
 .ARM.attributes
                0x000004fd       0x31 .\CortexM0\ARM_GCC_493\Release\StepMotor_PSoC4200_Dual.a(INTERNAL_STEP_1.o)
 .ARM.attributes
                0x0000052e       0x31 .\CortexM0\ARM_GCC_493\Release\StepMotor_PSoC4200_Dual.a(Clock_PWM_MAIN_1.o)
 .ARM.attributes
                0x0000055f       0x31 .\CortexM0\ARM_GCC_493\Release\StepMotor_PSoC4200_Dual.a(DIR_REG_1.o)
 .ARM.attributes
                0x00000590       0x31 .\CortexM0\ARM_GCC_493\Release\StepMotor_PSoC4200_Dual.a(STEP_INPUT_1.o)
 .ARM.attributes
                0x000005c1       0x31 .\CortexM0\ARM_GCC_493\Release\StepMotor_PSoC4200_Dual.a(DIR_INPUT_1.o)
 .ARM.attributes
                0x000005f2       0x31 .\CortexM0\ARM_GCC_493\Release\StepMotor_PSoC4200_Dual.a(STEP_INPUT_SOURCE_1.o)
 .ARM.attributes
                0x00000623       0x31 .\CortexM0\ARM_GCC_493\Release\StepMotor_PSoC4200_Dual.a(DIR_INPUT_SOURCE_1.o)
 .ARM.attributes
                0x00000654       0x21 .\CortexM0\ARM_GCC_493\Release\StepMotor_PSoC4200_Dual.a(CyBootAsmGnu.o)
 .ARM.attributes
                0x00000675       0x1e c:/program files/cypress/psoc creator/4.0/psoc creator/import/gnu/arm/4.9.3/bin/../lib/gcc/arm-none-eabi/4.9.3/armv6-m\libgcc.a(_thumb1_case_uqi.o)
 .ARM.attributes
                0x00000693       0x1e c:/program files/cypress/psoc creator/4.0/psoc creator/import/gnu/arm/4.9.3/bin/../lib/gcc/arm-none-eabi/4.9.3/armv6-m\libgcc.a(_udivsi3.o)
 .ARM.attributes
                0x000006b1       0x1e c:/program files/cypress/psoc creator/4.0/psoc creator/import/gnu/arm/4.9.3/bin/../lib/gcc/arm-none-eabi/4.9.3/armv6-m\libgcc.a(_dvmd_tls.o)
 .ARM.attributes
                0x000006cf       0x2c c:/program files/cypress/psoc creator/4.0/psoc creator/import/gnu/arm/4.9.3/bin/../lib/gcc/arm-none-eabi/4.9.3/../../../../arm-none-eabi/lib/armv6-m\libg_nano.a(lib_a-errno.o)
 .ARM.attributes
                0x000006fb       0x2c c:/program files/cypress/psoc creator/4.0/psoc creator/import/gnu/arm/4.9.3/bin/../lib/gcc/arm-none-eabi/4.9.3/../../../../arm-none-eabi/lib/armv6-m\libg_nano.a(lib_a-exit.o)
 .ARM.attributes
                0x00000727       0x2c c:/program files/cypress/psoc creator/4.0/psoc creator/import/gnu/arm/4.9.3/bin/../lib/gcc/arm-none-eabi/4.9.3/../../../../arm-none-eabi/lib/armv6-m\libg_nano.a(lib_a-impure.o)
 .ARM.attributes
                0x00000753       0x2c c:/program files/cypress/psoc creator/4.0/psoc creator/import/gnu/arm/4.9.3/bin/../lib/gcc/arm-none-eabi/4.9.3/../../../../arm-none-eabi/lib/armv6-m\libg_nano.a(lib_a-init.o)
 .ARM.attributes
                0x0000077f       0x2c c:/program files/cypress/psoc creator/4.0/psoc creator/import/gnu/arm/4.9.3/bin/../lib/gcc/arm-none-eabi/4.9.3/../../../../arm-none-eabi/lib/armv6-m\libg_nano.a(lib_a-memset.o)
 .ARM.attributes
                0x000007ab       0x2c c:/program files/cypress/psoc creator/4.0/psoc creator/import/gnu/arm/4.9.3/bin/../lib/gcc/arm-none-eabi/4.9.3/armv6-m/crtend.o
 .ARM.attributes
                0x000007d7       0x1e c:/program files/cypress/psoc creator/4.0/psoc creator/import/gnu/arm/4.9.3/bin/../lib/gcc/arm-none-eabi/4.9.3/armv6-m/crtn.o

/DISCARD/
 *(.note.GNU-stack)
OUTPUT(.\CortexM0\ARM_GCC_493\Release\StepMotor_PSoC4200_Dual.elf elf32-littlearm)
